// Jest Snapshot v1, https://goo.gl/fbAQLP

exports[`<ProblemPage /> Should render and match the snapshot with interventions 1`] = `
<div>
  <div
    class="styled__StyledContainer-sc-16yio6w-0 gizLNa"
    style="box-sizing: border-box; position: relative; margin-left: auto; margin-right: auto; padding-left: 15px; padding-right: 15px; max-width: 960px;"
  >
    <div
      class="styled__InitialRow-sc-14fow03-0 jXHBhS"
    >
      <h1
        class="H1-tncdg6-0 kWGkBM"
      >
        <span>
          My Dashboard
        </span>
      </h1>
    </div>
    <div
      class="styled__InitialRow-sc-14fow03-0 jXHBhS"
    >
      <div
        class="Row-x1o3ru-0 fjCOLU"
        height="30"
        width="400"
      >
        <div
          class="Row-x1o3ru-0 kAuiUx"
          width="100%"
        >
          <button
            class="styled__StatusLabel-sc-14fow03-1 dqprHV"
            color="#107969"
            value="draft"
          >
            <p
              class="styled__FilterText-sc-14fow03-2 dnqhxZ"
              color="#FFFFFF"
            >
              Draft
            </p>
          </button>
          <button
            class="styled__StatusLabel-sc-14fow03-1 hvQpgM"
            color="#8CBD00"
            value="published"
          >
            <p
              class="styled__FilterText-sc-14fow03-2 dnqhxZ"
              color="#FFFFFF"
            >
              Published
            </p>
          </button>
          <button
            class="styled__StatusLabel-sc-14fow03-1 hSjBMw"
            color="#F0684A"
            value="closed"
          >
            <p
              class="styled__FilterText-sc-14fow03-2 dnqhxZ"
              color="#FFFFFF"
            >
              Closed
            </p>
          </button>
          <button
            class="styled__StatusLabel-sc-14fow03-1 rGA-DV"
            color="#000000"
            value="archived"
          >
            <p
              class="styled__FilterText-sc-14fow03-2 dnqhxZ"
              color="#FFFFFF"
            >
              Archived
            </p>
          </button>
        </div>
      </div>
      <div
        class="Row-x1o3ru-0 gHqqvy"
      >
        <div
          class="styled__SearchInputStyled-sc-65e6t4-3 drvUyz"
        >
          <input
            class="Input-sc-19txxuq-0 tkGyX"
            placeholder="Filter by name"
            type="text"
            value=""
          />
          <img
            alt="search"
            class="styled__SearchIcon-sc-65e6t4-4 kfTzOI"
            src="IMAGE_MOCK"
          />
          
        </div>
      </div>
    </div>
    
    <div
      style="margin-left: -15px; margin-right: -15px; display: flex; flex-wrap: wrap; flex-grow: 0; flex-shrink: 0; align-items: normal; justify-content: flex-start;"
    >
      <div
        style="box-sizing: border-box; min-height: 1px; position: relative; padding-left: 15px; padding-right: 15px; width: 33.333333333333336%; flex-basis: 33.333333333333336%; flex-grow: 0; flex-shrink: 0; max-width: 33.333333333333336%; margin-left: 0%;"
      >
        <div
          class="styled__NewElementContainer-sc-1wlulo8-1 izirZm"
        >
          <div
            class="Box-sc-14m3exe-0 dAEVlS"
            direction="column"
            display="flex"
          >
            <img
              alt="add"
              class="Img-sc-1kfzr96-0 durfId"
              src="IMAGE_MOCK"
            />
            Create a new intervention
          </div>
        </div>
      </div>
      <div
        style="box-sizing: border-box; min-height: 1px; position: relative; padding-left: 15px; padding-right: 15px; width: 33.333333333333336%; flex-basis: 33.333333333333336%; flex-grow: 0; flex-shrink: 0; max-width: 33.333333333333336%; margin-left: 0%;"
      >
        <a
          class="styled__StyledLink-vwtndu-1 GZhCG"
          href="/interventions/undefined/"
        >
          <div
            class="styled__TileContainer-vwtndu-0 hBExqK"
          >
            <div
              class="styled__Heading-vwtndu-2 cacPni"
            >
              <div>
                <span>
                  Draft
                </span>
                <span
                  class="styled__StatusIndicator-vwtndu-3 rtXgP"
                />
              </div>
              <div>
                <div
                  class="Box-sc-14m3exe-0 fjIskl"
                  display="flex"
                >
                  <div
                    class="styled__ImageContainer-sc-1amzre3-0 xPnXV"
                  >
                    <img
                      alt="dots"
                      class="Img-sc-1kfzr96-0 eEXYbw"
                      src="IMAGE_MOCK"
                    />
                  </div>
                </div>
              </div>
            </div>
            <div
              class="Row-x1o3ru-0 iJOjSZ"
            >
              <div
                class="styled__StyledEllipsisText-x30pqb-0 knntnM"
                font-size="18"
                font-weight="bold"
              >
                Name
              </div>
            </div>
            <div
              class="styled__TileInfo-vwtndu-4 gZEroD"
            >
              <div>
                <p
                  class="Text-sc-2lza2m-0 fDTusK"
                >
                  <span>
                    Sessions (2)
                  </span>
                </p>
              </div>
            </div>
          </div>
        </a>
      </div>
    </div>
    <span
      style="display: table; clear: both;"
    />
  </div>
</div>
`;

exports[`<ProblemPage /> Should render and match the snapshot with loader 1`] = `
<div>
  <div
    class="styled__FillScreenLoader-tle2yi-0 fDUeBu"
    data-testid="fullscreen-loader"
    opacity="0.5"
  >
    <div
      class="styled__StyledSpinner-d123q3-0 hXQJFy"
      color="#C866EA"
      size="100"
      width="6"
    />
  </div>
</div>
`;

exports[`<ProblemPage /> Should render and match the snapshot without interventions 1`] = `
<div>
  <div
    class="styled__FillScreenLoader-tle2yi-0 fDUeBu"
    data-testid="fullscreen-loader"
    opacity="0.5"
  >
    <div
      class="styled__StyledSpinner-d123q3-0 hXQJFy"
      color="#C866EA"
      size="100"
      width="6"
    />
  </div>
</div>
`;
