// Jest Snapshot v1, https://goo.gl/fbAQLP

exports[`<ProblemPage /> Should render and match the snapshot with interventions 1`] = `
<div>
  <div
    style="box-sizing: border-box; position: relative; margin-left: auto; margin-right: auto; padding-left: 15px; padding-right: 15px; max-width: 960px;"
  >
    <div
      class="styled__InitialRow-sc-14fow03-0 eNEjTh"
    >
      <h1
        class="H1-tncdg6-0 faMGC"
      >
        <span>
          My e-Interventions
        </span>
      </h1>
    </div>
    <div
      class="styled__InitialRow-sc-14fow03-0 eNEjTh"
    >
      <div
        class="Row-x1o3ru-0 bWDcYZ"
        height="30"
        width="250"
      >
        <button
          class="styled__StatusLabel-sc-14fow03-1 EyqKF"
          color="#BDC7D6"
          value="draft"
        >
          <p>
            Draft
          </p>
        </button>
        <button
          class="styled__StatusLabel-sc-14fow03-1 fKcBVQ"
          color="#8CBD00"
          value="published"
        >
          <p>
            Published
          </p>
        </button>
        <button
          class="styled__StatusLabel-sc-14fow03-1 kHEHTZ"
          color="#F0684A"
          value="closed"
        >
          <p>
            Closed
          </p>
        </button>
      </div>
      <div
        class="Row-x1o3ru-0 diEAcg"
      >
        <button
          class="styled__ArchiveFilter-sc-14fow03-2 dSzCgH"
        >
          Show Archived
        </button>
        <img
          alt="Search"
          src="IMAGE_MOCK"
        />
        <input
          class="Input-sc-19txxuq-0 Fnbqh"
          placeholder="Filter by name"
          type="text"
          value=""
        />
      </div>
    </div>
    
    <div
      style="margin-left: -15px; margin-right: -15px; display: flex; flex-wrap: wrap; flex-grow: 0; flex-shrink: 0; align-items: normal; justify-content: flex-start;"
    >
      <div
        style="box-sizing: border-box; min-height: 1px; position: relative; padding-left: 15px; padding-right: 15px; width: 33.333333333333336%; flex-basis: 33.333333333333336%; flex-grow: 0; flex-shrink: 0; max-width: 33.333333333333336%; margin-left: 0%;"
      >
        <div
          class="styled__NewElementContainer-sc-1wlulo8-1 dweXER"
        >
          <div
            class="Box-sc-14m3exe-0 hkJBrh"
            direction="column"
            display="flex"
          >
            <img
              alt="add"
              class="Img-sc-1kfzr96-0 iPwMDW"
              src="IMAGE_MOCK"
            />
            Create a new intervention
          </div>
        </div>
      </div>
      <div
        style="box-sizing: border-box; min-height: 1px; position: relative; padding-left: 15px; padding-right: 15px; width: 33.333333333333336%; flex-basis: 33.333333333333336%; flex-grow: 0; flex-shrink: 0; max-width: 33.333333333333336%; margin-left: 0%;"
      >
        <a
          class="styled__StyledLink-vwtndu-1 gsdxmN"
          href="/interventions/undefined/"
        >
          <div
            class="styled__TileContainer-vwtndu-0 VjUkX"
          >
            <div
              class="styled__Heading-vwtndu-2 dAoPsR"
            >
              <div>
                <span>
                  Draft
                </span>
                <span
                  class="styled__StatusIndicator-vwtndu-3 jCTTZh"
                />
              </div>
              <div>
                <img
                  alt="export csv"
                  class="Img-sc-1kfzr96-0 hZkBfU"
                  src="IMAGE_MOCK"
                />
                <img
                  alt="share"
                  class="Img-sc-1kfzr96-0 hZkBfU"
                  src="IMAGE_MOCK"
                />
                <img
                  alt="remove"
                  class="Img-sc-1kfzr96-0 hZkBfU"
                  src="IMAGE_MOCK"
                />
              </div>
            </div>
            <div
              class="Row-x1o3ru-0 exvbpM"
            >
              <div
                class="styled__StyledEllipsisText-x30pqb-0 cegxVD"
                font-size="18"
                font-weight="bold"
              >
                Name
              </div>
            </div>
            <div
              class="styled__TileInfo-vwtndu-4 kpGKYM"
            >
              <div>
                <span>
                  Sessions (2)
                </span>
              </div>
            </div>
          </div>
        </a>
      </div>
    </div>
    <span
      style="display: table; clear: both;"
    />
  </div>
</div>
`;

exports[`<ProblemPage /> Should render and match the snapshot with loader 1`] = `
<div>
  <div
    class="styled__FillScreenLoader-tle2yi-0 jcBUSp"
    data-testid="fullscreen-loader"
    opacity="0.5"
  >
    <div
      class="styled__StyledSpinner-d123q3-0 dOefMO"
      color="#C866EA"
      size="100"
      width="6"
    />
  </div>
</div>
`;

exports[`<ProblemPage /> Should render and match the snapshot without interventions 1`] = `
<div>
  <div
    class="styled__FillScreenLoader-tle2yi-0 jcBUSp"
    data-testid="fullscreen-loader"
    opacity="0.5"
  >
    <div
      class="styled__StyledSpinner-d123q3-0 dOefMO"
      color="#C866EA"
      size="100"
      width="6"
    />
  </div>
</div>
`;
