// Jest Snapshot v1, https://goo.gl/fbAQLP

exports[`<UserList /> Should render and match the snapshot 1`] = `
<div>
  <div
    class="Box-sc-14m3exe-0 kHKtqA"
    display="flex"
    height="100%"
    overflow="scroll"
  >
    <div
      class="Box-sc-14m3exe-0 lldiaj"
      width="100%"
    >
      <div
        class="Box-sc-14m3exe-0 gnsdoH"
        display="flex"
      >
        <h1
          class="H1-tncdg6-0 eeKdog"
        >
          <span>
            Manage accounts
          </span>
        </h1>
        <button
          class="StyledTextButton-sc-17cmh3t-0 PSJnx"
          color="#C866EA"
          font-weight="bold"
        >
          <span>
            + Invite researcher
          </span>
        </button>
      </div>
      <div>
        <div
          class="Box-sc-14m3exe-0 kXYZlv"
          display="flex"
        >
          <div
            class="Box-sc-14m3exe-0 lbVVSW"
            display="flex"
          >
            <div
              class="Box-sc-14m3exe-0 pJENk"
              display="inline-block"
              width="100%"
            >
              <div
                class="Box-sc-14m3exe-0 lbVVSW"
                display="flex"
              >
                <div
                  class="Box-sc-14m3exe-0 bcYhgU"
                  display="inline-flex"
                  width="120px"
                >
                  <p
                    class="Text-sc-2lza2m-0 iJDAyw"
                    color="#FFFFFF"
                    font-size="14"
                    font-weight="bold"
                  >
                    Participant
                  </p>
                </div>
                <div
                  class="Box-sc-14m3exe-0 fznBPJ"
                  display="inline-flex"
                  width="120px"
                >
                  <p
                    class="Text-sc-2lza2m-0 iJDAyw"
                    color="#FFFFFF"
                    font-size="14"
                    font-weight="bold"
                  >
                    Researcher
                  </p>
                </div>
                <div
                  class="Box-sc-14m3exe-0 fQWHDN"
                  width="25"
                />
                <div
                  class="Box-sc-14m3exe-0 kRyuMZ"
                  cursor="pointer"
                  display="inline-flex"
                >
                  <img
                    class="Img-sc-1kfzr96-0 gdifFs"
                    src="IMAGE_MOCK"
                  />
                  <span>
                    Show inactive accounts
                  </span>
                </div>
              </div>
            </div>
          </div>
          <div
            class="styled__SearchInputStyled-sc-65e6t4-3 drvUyz"
          >
            <input
              class="Input-sc-19txxuq-0 bUsoDb"
              type="text"
              value=""
            />
            <img
              alt="search"
              class="styled__SearchIcon-sc-65e6t4-4 kfTzOI"
              src="IMAGE_MOCK"
            />
            
          </div>
        </div>
        <div
          class="styled__TableLoadingContainer-x75ncs-0 dPLvAE"
        >
          <table
            class="Table-jgz9dg-0 iZtGcE"
            width="100%"
          >
            <thead
              class="THead-sc-1pp8kl6-0"
            >
              <tr
                class="TR-ufkqc8-0 StripedTR-sc-185jv5k-0 MCfLu iMDczK"
              >
                <th
                  class="TH-sc-1qq1mcj-0 eQdxUn"
                  color="#2F3850"
                  opacity="0.6"
                  scope="col"
                  width="auto"
                >
                  <div
                    class="Column-sc-1n6divy-0 iYxvhz"
                  >
                    Name
                  </div>
                </th>
                <th
                  class="TH-sc-1qq1mcj-0 eQdxUn"
                  color="#2F3850"
                  opacity="0.6"
                  scope="col"
                  width="auto"
                >
                  <div
                    class="Column-sc-1n6divy-0 iYxvhz"
                  >
                    Email
                  </div>
                </th>
                <th
                  class="TH-sc-1qq1mcj-0 eQdxUn"
                  color="#2F3850"
                  opacity="0.6"
                  scope="col"
                  width="auto"
                >
                  <div
                    class="Column-sc-1n6divy-0 iYxvhz"
                  >
                    Role
                  </div>
                </th>
              </tr>
            </thead>
            <tbody
              class="TBody-sc-1332v38-0"
            >
              <tr
                class="TR-ufkqc8-0 StripedTR-sc-185jv5k-0 MCfLu dhslFA"
                color="#FFFFFF"
                cursor="pointer"
              >
                <td
                  class="TD-sc-4t6406-0 cFOkDZ"
                >
                  <p
                    class="Text-sc-2lza2m-0 hVbnej"
                    color="#EF462F"
                  >
                    Waiting for activation
                  </p>
                </td>
                <td
                  class="TD-sc-4t6406-0 cFOkDZ"
                >
                  test@test.pl
                </td>
                <td
                  class="TD-sc-4t6406-0 cFOkDZ"
                >
                  <div
                    class="Box-sc-14m3exe-0 hWckNX"
                    display="inline-flex"
                    width="120px"
                  >
                    <p
                      class="Text-sc-2lza2m-0 iJDAyw"
                      color="#FFFFFF"
                      font-size="14"
                      font-weight="bold"
                    >
                      Participant
                    </p>
                  </div>
                </td>
                <td
                  class="TD-sc-4t6406-0"
                >
                  <div
                    class="Row-x1o3ru-0 iXvMYq"
                    width="100%"
                  >
                    <button
                      class="StyledTextButton-sc-17cmh3t-0 OdTpi"
                    >
                      <p
                        class="Text-sc-2lza2m-0 nzvKb"
                        color="#EF462F"
                        font-weight="bold"
                      >
                        Deactivate account
                      </p>
                    </button>
                  </div>
                </td>
              </tr>
              <tr
                class="TR-ufkqc8-0 StripedTR-sc-185jv5k-0 MCfLu dhslFA"
                color="#FFFFFF"
                cursor="pointer"
              >
                <td
                  class="TD-sc-4t6406-0 cFOkDZ"
                >
                  <p
                    class="Text-sc-2lza2m-0 hVbnej"
                    color="#EF462F"
                  >
                    Waiting for activation
                  </p>
                </td>
                <td
                  class="TD-sc-4t6406-0 cFOkDZ"
                >
                  test2@test.pl
                </td>
                <td
                  class="TD-sc-4t6406-0 cFOkDZ"
                >
                  <div
                    class="Box-sc-14m3exe-0 dSFKaS"
                    display="inline-flex"
                    width="120px"
                  >
                    <p
                      class="Text-sc-2lza2m-0 iJDAyw"
                      color="#FFFFFF"
                      font-size="14"
                      font-weight="bold"
                    >
                      Researcher
                    </p>
                  </div>
                </td>
                <td
                  class="TD-sc-4t6406-0"
                >
                  <div
                    class="Row-x1o3ru-0 iXvMYq"
                    width="100%"
                  >
                    <button
                      class="StyledTextButton-sc-17cmh3t-0 OdTpi"
                    >
                      <p
                        class="Text-sc-2lza2m-0 nzvKb"
                        color="#EF462F"
                        font-weight="bold"
                      >
                        Deactivate account
                      </p>
                    </button>
                  </div>
                </td>
              </tr>
              <tr
                class="TR-ufkqc8-0 StripedTR-sc-185jv5k-0 MCfLu dhslFA"
                color="#FFFFFF"
                cursor="pointer"
              >
                <td
                  class="TD-sc-4t6406-0 cFOkDZ"
                >
                  <p
                    class="Text-sc-2lza2m-0 hVbnej"
                    color="#EF462F"
                  >
                    Waiting for activation
                  </p>
                </td>
                <td
                  class="TD-sc-4t6406-0 cFOkDZ"
                >
                  test3@test.pl
                </td>
                <td
                  class="TD-sc-4t6406-0 cFOkDZ"
                >
                  <div
                    class="Box-sc-14m3exe-0 cJppcm"
                    display="inline-flex"
                    width="120px"
                  >
                    <p
                      class="Text-sc-2lza2m-0 iJDAyw"
                      color="#FFFFFF"
                      font-size="14"
                      font-weight="bold"
                    >
                      Admin
                    </p>
                  </div>
                </td>
                <td
                  class="TD-sc-4t6406-0"
                >
                  <div
                    class="Row-x1o3ru-0 iXvMYq"
                    width="100%"
                  >
                    <button
                      class="StyledTextButton-sc-17cmh3t-0 OdTpi"
                    >
                      <p
                        class="Text-sc-2lza2m-0 nzvKb"
                        color="#EF462F"
                        font-weight="bold"
                      >
                        Deactivate account
                      </p>
                    </button>
                  </div>
                </td>
              </tr>
            </tbody>
          </table>
          <div
            class="styled__TableLoader-x75ncs-1 cqZHIf"
          >
            <div
              class="styled__StyledSpinner-d123q3-0 hXQJFy"
              color="#C866EA"
              size="100"
              width="6"
            />
          </div>
        </div>
        <div
          class="Box-sc-14m3exe-0 hPQuzG"
          display="flex"
          width="100%"
        >
          <div
            class="Box-sc-14m3exe-0 giUERR"
            display="flex"
          >
            <p
              class="Text-sc-2lza2m-0 bYWmEr"
              color="#FFFFFF"
            >
              1
            </p>
          </div>
        </div>
      </div>
    </div>
  </div>
</div>
`;
