// Jest Snapshot v1, https://goo.gl/fbAQLP

exports[`<ReportTile /> Should render and match the snapshot 1`] = `
<div
  class="Box-sc-1vhutan-0 styled__StyledBox-iilfwr-0 gfxlkT fAWbgP"
>
  <div
    height="100%"
    style="margin-left: -15px; margin-right: -15px; display: flex; flex-wrap: wrap; flex-grow: 0; flex-shrink: 0; align-items: center; justify-content: flex-start;"
  >
    <div
      style="box-sizing: border-box; min-height: 1px; position: relative; padding-left: 15px; padding-right: 15px; width: 41.66666666666667%; flex-basis: 41.66666666666667%; flex-grow: 0; flex-shrink: 0; max-width: 41.66666666666667%; margin-left: 0%;"
    >
      <div
        class="Row-y1cs0u-0 ecllgQ"
      >
        <img
          src="IMAGE_MOCK"
        />
        <p
          class="Text-e4p0w3-0 fxvuEz"
          font-size="18"
          font-weight="bold"
        />
      </div>
    </div>
    <div
      style="box-sizing: border-box; min-height: 1px; position: relative; padding-left: 15px; padding-right: 15px; width: 100%; flex-basis: 0px; flex-grow: 1; flex-shrink: 0; max-width: 100%; margin-left: 0%;"
    >
      <div
        class="Row-y1cs0u-0 ecllgQ"
      >
        <p
          class="Text-e4p0w3-0 fFURPd"
        />
      </div>
    </div>
    <div
      style="box-sizing: border-box; min-height: 1px; position: relative; padding-left: 15px; padding-right: 15px; width: 100%; flex-basis: 0px; flex-grow: 1; flex-shrink: 0; max-width: 100%; margin-left: 0%;"
    >
      <div
        class="Row-y1cs0u-0 styled__DownloadRow-iilfwr-1 ecllgQ eNTdtU"
      >
        <p
          class="Text-e4p0w3-0 iuBRzy"
        >
          Invalid Date
        </p>
        <div
          class="Box-sc-1vhutan-0 dvfkZg"
        >
          <div
            class="Row-y1cs0u-0 cRfofY"
          >
            <p
              class="Text-e4p0w3-0 fOFYCf"
              color="#C866EA"
              font-size="13"
              font-weight="bold"
            />
            <img
              src="IMAGE_MOCK"
            />
          </div>
        </div>
      </div>
    </div>
  </div>
</div>
`;
