// Jest Snapshot v1, https://goo.gl/fbAQLP

exports[`<UrlQuestion /> should match the snapshot 1`] = `
.c4 {
  display: -webkit-box;
  display: -webkit-flex;
  display: -ms-flexbox;
  display: flex;
  -webkit-flex-direction: row;
  -ms-flex-direction: row;
  flex-direction: row;
}

.c8 {
  display: -webkit-box;
  display: -webkit-flex;
  display: -ms-flexbox;
  display: flex;
  -webkit-flex-direction: row;
  -ms-flex-direction: row;
  flex-direction: row;
  margin-bottom: 4px;
}

.c0 {
  display: -webkit-box;
  display: -webkit-flex;
  display: -ms-flexbox;
  display: flex;
  -webkit-flex-direction: column;
  -ms-flex-direction: column;
  flex-direction: column;
  width: 100%;
}

.c7 {
  display: -webkit-box;
  display: -webkit-flex;
  display: -ms-flexbox;
  display: flex;
  -webkit-flex-direction: column;
  -ms-flex-direction: column;
  flex-direction: column;
  width: 100%;
  height: 100%;
}

.c9 {
  width: auto;
  height: auto;
  cursor: pointer;
}

.c3 {
  width: auto;
  height: auto;
  display: block;
  border-radius: 10px;
  width: 100%;
  padding-top: 14px;
  padding-bottom: 14px;
  padding-right: 21px;
  padding-left: 21px;
  background-color: rgba(233,241,251,1);
}

.c6 {
  width: auto;
  height: auto;
  display: block;
  border-radius: 10px;
  display: none;
}

.c5 {
  resize: none;
  padding: 12px;
  border: 1px solid #E9F1FB;
  border-radius: 10px;
  margin-right: 9px;
  height: auto;
  background-color: transparent;
  border: 1px solid transparent;
}

.c5:focus {
  box-shadow: none;
  outline: none;
  border: 1px solid #107969;
}

.c2 {
  padding: 12px;
  border: 1px solid #E9F1FB;
  border-radius: 10px;
  margin-bottom: 10px;
  width: 153px;
  padding-top: 12px;
  padding-bottom: 12px;
  background-color: transparent;
  border: 1px solid transparent;
  text-align: center;
}

.c2:focus {
  box-shadow: none;
  outline: none;
  border: 1px solid #107969;
}

.c1 {
  padding: 5px 10px;
  font-size: 13px;
  font-weight: 600;
  border-radius: 4px;
  background-color: rgba(16,121,105,0.1);
  color: #107969;
}

.c1:focus {
  box-shadow: none;
  outline: none;
  border: 1px solid transparent;
}

<div
  className="c0"
>
  <input
    className="c1 c2"
    color="#107969"
    onBlur={[Function]}
    onChange={[Function]}
    opacity={0.1}
    placeholder="Variable name..."
    type="tel"
    value=""
    width="153px"
  />
  <div
    className="c3"
    width="100%"
  >
    <div
      className="c4"
    >
      <div
        className="c0"
      >
        <textarea
          className="c5"
          height="auto"
          onBlur={[Function]}
          onChange={[Function]}
          onFocus={[Function]}
          placeholder="Paste here a web page link to show it to a respondend."
          rows="3"
          value="www.google.com"
        />
      </div>
      <div
        className="c6"
        hidden={true}
      >
        <div
          className="c7"
          height="100%"
        >
          <div
            className="c8"
          >
            <img
              className="c9"
              onMouseDown={[Function]}
              src="IMAGE_MOCK"
            />
          </div>
          <div
            className="c4"
          >
            <img
              className="c9"
              src="IMAGE_MOCK"
            />
          </div>
        </div>
      </div>
    </div>
  </div>
</div>
`;
