// Jest Snapshot v1, https://goo.gl/fbAQLP

exports[`<UserDetails /> Should render and match the snapshot 1`] = `
<div>
  <div
    class="Box-sc-14m3exe-0 styled__StyledBox-k1l7f-0 kdFoSA gTkfqb"
    height="100%"
    width="100%"
  >
    <div
      class="Row-x1o3ru-0 iJOjSZ"
    >
      <a
        class="styled__StyledLink-sc-1vn5te5-0 iVmEKE"
        href="/users"
      >
        <img
          alt="traingle"
          class="Img-sc-1kfzr96-0 fMvNhZ"
          src="IMAGE_MOCK"
        />
        <p
          class="Text-sc-2lza2m-0 deBxhD"
          color="#C866EA"
          font-weight="bold"
        >
          <span>
            Back to user list
          </span>
        </p>
      </a>
    </div>
    <h1
      class="H1-tncdg6-0 tnnHn"
    >
      <span>
        Account Settings
      </span>
    </h1>
    <div
      class="Column-sc-1n6divy-0 styled__StyledColumn-k1l7f-1 ehwCsW cTyNZS"
    >
      <div
        class="Row-x1o3ru-0 eIxtpJ"
        display="flex"
      >
        <div>
          <div
            class="Row-x1o3ru-0 kAuiUx"
            width="100%"
          >
            <div
              class="styled__AvatarStyled-sc-15n3teb-0 kNBpjK styled__StyledUserAvatar-awa645-1 earxam"
              color="#FFFFFF"
            >
              <div>
                TT
              </div>
            </div>
            <div
              class="Row-x1o3ru-0 dVByuK"
            >
              <div
                class="Row-x1o3ru-0 styled__StyledButtonsRow-awa645-2 iJOjSZ jYBBYf"
              >
                <div
                  class="Box-sc-14m3exe-0 cmFbkA styled__StyledUploadFileButton-awa645-4 dcKYCV"
                  height="fit-content"
                >
                  <input
                    autocomplete="off"
                    style="display: none;"
                    tabindex="-1"
                    type="file"
                  />
                  <div
                    class="Row-x1o3ru-0 eXIwVR"
                  >
                    <p
                      class="Text-sc-2lza2m-0 fabzps"
                      color="#C866EA"
                      font-size="14"
                      font-weight="bold"
                    >
                      <span>
                        Add profile photo
                      </span>
                    </p>
                  </div>
                </div>
              </div>
            </div>
          </div>
        </div>
        <div>
          <button
            class="StyledButton-t20ntd-0 iPLWUE"
            color="warning"
            width="180"
          >
            <span>
              Deactivate account
            </span>
          </button>
        </div>
      </div>
      <div
        class="Row-x1o3ru-0 hjyxCh"
      >
        <div
          class="Row-x1o3ru-0 styled__StyledFullNameRow-awa645-0 hNBpWq guCwSM"
          width="100%"
        >
          <div
            class="Column-sc-1n6divy-0 dfGPDf"
          >
            <p
              class="Text-sc-2lza2m-0 ggakK"
              width="fit-content"
            >
              First Name
            </p>
            <input
              class="Input-sc-19txxuq-0 iCEjLf"
              height="46"
              name="firstName"
              placeholder="Enter first name"
              type="text"
              value="test"
              width="100%"
            />
          </div>
          <div
            class="Column-sc-1n6divy-0 npKUP"
          >
            <p
              class="Text-sc-2lza2m-0 ggakK"
              width="fit-content"
            >
              Last name
            </p>
            <input
              class="Input-sc-19txxuq-0 iCEjLf"
              height="46"
              name="lastName"
              placeholder="Enter last name"
              type="text"
              value="test"
              width="100%"
            />
          </div>
        </div>
      </div>
      <div
        class="Row-x1o3ru-0 styled__StyledRow-k1l7f-2 gryONu gRpGep"
        width="100%"
      />
    </div>
  </div>
</div>
`;
