// Jest Snapshot v1, https://goo.gl/fbAQLP

exports[`<Spinner /> Should render and match the snapshot 1`] = `
.c0 {
  display: inline-block;
  width: 30px;
  height: 30px;
}

.c0:after {
  content: ' ';
  display: block;
  width: 20px;
  height: 20px;
  border-radius: 50%;
  border: 6px solid #fff;
  border-color: #fff transparent #fff transparent;
  -webkit-animation: ixzqdH 1.2s linear infinite;
  animation: ixzqdH 1.2s linear infinite;
}

<div
  class="c0"
/>
`;
