// Jest Snapshot v1, https://goo.gl/fbAQLP

exports[`<ProblemSettingsPage /> Should render and match the snapshot 1`] = `
<div>
  <div
    class="Box-sc-14m3exe-0 cfRbfB"
    height="100%"
    width="100%"
  >
    <a
      class="styled__StyledLink-sc-1vn5te5-0 iBdJAt"
      href="/interventions/as120s-as12cs"
    >
      <img
        alt="traingle"
        class="Img-sc-1kfzr96-0 bTgaOd"
        src="IMAGE_MOCK"
      />
      <p
        class="Text-sc-2lza2m-0 hLUsTn"
        font-weight="bold"
      >
        <span>
          Back
        </span>
      </p>
    </a>
    <h1
      class="H1-tncdg6-0 kTWIZf"
    >
      <span>
        Access Settings
      </span>
    </h1>
    <h3
      class="H3-sc-1nwhpi5-0 cshsWC"
      font-weight="regular"
    >
      Name of the intervention
    </h3>
    <div
      class="Column-sc-1n6divy-0 dVjRIy"
      width="100%"
    >
      <div
        class="Row-x1o3ru-0 exvbpM"
      >
        <div
          class="Column-sc-1n6divy-0 cVSlLs"
        >
          <h2
            class="H2-egphza-0 eiEAKJ"
          >
            <span>
              Who can access this intervention?
            </span>
          </h2>
          <div
            class="Box-sc-14m3exe-0 kVXiVZ"
          >
            <div
              class="Row-x1o3ru-0 dSjDRN"
              width="fit-content"
            >
              <img
                class="Img-sc-1kfzr96-0 kcPFOj"
                src="IMAGE_MOCK"
              />
              <p
                class="Text-sc-2lza2m-0 gHIoGD"
                font-size="15"
                font-weight="regular"
              >
                <span>
                  Anyone with the link can access sessions
                </span>
              </p>
            </div>
            <div
              class="Row-x1o3ru-0 dSjDRN"
              width="fit-content"
            >
              <img
                class="Img-sc-1kfzr96-0 kcPFOj"
                src="IMAGE_MOCK"
              />
              <p
                class="Text-sc-2lza2m-0 gHIoGD"
                font-size="15"
                font-weight="regular"
              >
                <span>
                  Anyone who is a registered participant can access sessions
                </span>
              </p>
            </div>
            <div
              class="Row-x1o3ru-0 gHJmeJ"
              width="fit-content"
            >
              <img
                class="Img-sc-1kfzr96-0 kcPFOj"
                src="IMAGE_MOCK"
              />
              <p
                class="Text-sc-2lza2m-0 gHIoGD"
                font-size="15"
                font-weight="regular"
              >
                <span>
                  Only selected registered participants can access sessions
                </span>
              </p>
            </div>
          </div>
        </div>
      </div>
    </div>
  </div>
</div>
`;
