// Jest Snapshot v1, https://goo.gl/fbAQLP

exports[`<LoginPage /> Should render and match the snapshot 1`] = `
<div
  class="Fill-sc-1f4o7x0-0 dHXeMo"
>
  <div
    class="Column-sc-1n6divy-0 lxsJW"
  >
    <div
      class="Card-v952e1-0 kutakG"
      width="100%"
    >
      <div
        class="Column-sc-1n6divy-0 kCIvWB"
      >
        <p>
          Login
        </p>
        <input
          class="Input-sc-19txxuq-0 AcTzB"
          placeholder="Email"
          type="text"
          value=""
        />
        <input
          class="Input-sc-19txxuq-0 AcTzB"
          placeholder="Password"
          type="password"
          value=""
        />
        <button
          class="StyledButton-t20ntd-0 gNPbpR"
          color="primary"
          title="Log in"
          width="100%"
        >
          Log in
        </button>
      </div>
    </div>
  </div>
</div>
`;
