// Jest Snapshot v1, https://goo.gl/fbAQLP

exports[`<LoginPage /> Should render and match the snapshot 1`] = `
<div
  class="styled__Background-hdmnn0-0 hmySuK"
>
  <div
    class="styled__TopBackground-hdmnn0-1 fKSajA"
  />
  <div
    class="styled__MSULogoContainerDesktop-hdmnn0-7 EvOkz"
  >
    <img
      alt="Michigan State University Logo"
      class="Img-sc-55j3su-0 iaFBRP"
      src="IMAGE_MOCK"
    />
  </div>
  <div
    class="styled__HeaderWithDoubleLogo-hdmnn0-5 kiQXiY"
  >
    <img
      alt="CIAS Application Logo"
      class="Img-sc-55j3su-0 A-dfzT"
      height="80"
      src="IMAGE_MOCK"
    />
    <div
      class="styled__MSULogoContainerMobile-hdmnn0-6 ezZegz"
    >
      <img
        alt="Michigan State University Logo"
        class="Img-sc-55j3su-0 iaFBRP"
        src="IMAGE_MOCK"
      />
    </div>
  </div>
  <div
    class="styled__Content-hdmnn0-4 btbiUY"
  >
    <div
      class="Fill-sc-12xwpzs-0 tIBAp"
    >
      <div
        class="Column-sc-4zswzq-0 gYlaIX"
      >
        <h1
          class="H1-sc-1k7m23t-0 ikOywA"
          font-size="23"
        >
          Log into CIAS
        </h1>
        <form
          action="#"
          class="styled__StyledForm-sc-1pd518n-1 cszuPK"
        >
          <div
            class="Column-sc-4zswzq-0 jCuscc"
          >
            <label
              for="email"
            >
              <p
                class="Text-e4p0w3-0 kFFPgx"
                width="fit-content"
              >
                E-mail address
              </p>
            </label>
            <div
              class="Row-y1cs0u-0 fgwsqb"
              width="100%"
            >
              <input
                class="Input-t9j2q5-0 ptbLy"
                height="46"
                id="email"
                name="email"
                placeholder="Enter e-mail address"
                type="text"
                value=""
                width="100%"
              />
            </div>
          </div>
          <div
            class="styled__LinkContainer-ii5zgx-1 bmFcIc"
          >
            <a
              class="styled__StyledLink-ii5zgx-0 iYqTXA"
              href="/reset-password"
              tabindex="-1"
            >
              Forgot your password?
            </a>
          </div>
          <div
            class="Column-sc-4zswzq-0 jCuscc"
          >
            <label
              for="password"
            >
              <p
                class="Text-e4p0w3-0 kFFPgx"
                width="fit-content"
              >
                Password
              </p>
            </label>
            <div
              class="Row-y1cs0u-0 fgwsqb"
              width="100%"
            >
              <input
                class="Input-t9j2q5-0 ptbLy"
                height="46"
                id="password"
                name="password"
                placeholder="Enter password"
                type="password"
                value=""
                width="100%"
              />
            </div>
          </div>
          <button
            class="StyledButton-d2s0gt-0 gfZkUL"
            color="primary"
            height="46"
            radius="100px"
            type="submit"
          >
            Log in
          </button>
          <div
            class="Row-ptbd41-0 MvYuR"
            style="margin-left: -15px; margin-right: -15px; display: flex; flex-wrap: wrap; flex-grow: 0; flex-shrink: 0; align-items: normal; justify-content: flex-start;"
            width="100%"
          >
            <div
              class="styled__StyledDivider-sc-1v05p1h-0 cnOitH"
              color="#D5DEEA"
            />
            <p
              class="Text-e4p0w3-0 styled__Or-sc-1pd518n-0 gliHTo brRnoK"
              font-weight="bold"
            >
              or
            </p>
            <div
              class="styled__StyledDivider-sc-1v05p1h-0 eBHkCw"
              color="#D5DEEA"
            />
          </div>
          <div
            class="Row-ptbd41-0 eaFQFD"
            mt="30"
            style="margin-left: -15px; margin-right: -15px; display: flex; flex-wrap: wrap; flex-grow: 0; flex-shrink: 0; align-items: normal; justify-content: center;"
            width="100%"
          >
            <div
              class="styled__LinkContainer-ii5zgx-1 iHHiFA"
            >
              <a
                class="styled__StyledLink-ii5zgx-0 iYqTXA"
                href="/register"
              >
                Create participant account
              </a>
            </div>
          </div>
        </form>
      </div>
    </div>
  </div>
</div>
`;
