// Jest Snapshot v1, https://goo.gl/fbAQLP

exports[`<NotFoundPage /> should render and match the snapshot 1`] = `
<div
  class="Box-sc-1vhutan-0 iGbAaz"
  height="100%"
  width="100%"
>
  <div
    class="Column-sc-4zswzq-0 iSXTjZ"
    height="100%"
  >
    <p
      class="Text-e4p0w3-0 eAunbm"
      color="#107969"
      font-size="10vw"
      font-weight="bold"
    >
      404
    </p>
    <p
      class="Text-e4p0w3-0 bWNnsa"
      font-size="24"
      font-weight="bold"
    >
      Looks like you’re lost.
    </p>
    <p
      class="Text-e4p0w3-0 eBqgNV"
      font-size="18"
    >
      We can’t find the page you’re looking for.
    </p>
    <button
      class="StyledButton-d2s0gt-0 jFzyBC"
      color="primary"
      width="180"
    >
      <span>
        Go Back
      </span>
    </button>
  </div>
</div>
`;
