// Jest Snapshot v1, https://goo.gl/fbAQLP

exports[`<PublicLayout /> Should render and match the snapshot 1`] = `
<div>
  <div
    class="styled__Background-hdmnn0-0 hmySuK"
  >
    <div
      class="styled__TopBackground-hdmnn0-1 fKSajA"
    />
    <div
      class="styled__Header-hdmnn0-2 hWqYDm"
    >
      <img
        alt="CIAS Application Logo"
        class="Img-sc-55j3su-0 cDhXoN"
        src="IMAGE_MOCK"
      />
    </div>
    <div
      class="styled__Content-hdmnn0-4 cwrYjh"
    >
      <div>
        Children
      </div>
    </div>
  </div>
</div>
`;
