// Jest Snapshot v1, https://goo.gl/fbAQLP

exports[`<ScreenTypeChooser /> should match the snapshot 1`] = `
.c5 {
  display: -webkit-box;
  display: -webkit-flex;
  display: -ms-flexbox;
  display: flex;
  -webkit-flex-direction: column;
  -ms-flex-direction: column;
  flex-direction: column;
  width: 100%;
}

.c3 {
  display: -webkit-box;
  display: -webkit-flex;
  display: -ms-flexbox;
  display: flex;
  -webkit-flex-direction: row;
  -ms-flex-direction: row;
  flex-direction: row;
}

.c7 {
  display: -webkit-box;
  display: -webkit-flex;
  display: -ms-flexbox;
  display: flex;
  -webkit-flex-direction: row;
  -ms-flex-direction: row;
  flex-direction: row;
  -webkit-align-content: center;
  -ms-flex-line-pack: center;
  align-content: center;
  -webkit-align-items: center;
  -webkit-box-align: center;
  -ms-flex-align: center;
  align-items: center;
}

.c0 {
  width: auto;
  height: auto;
  display: block;
  border-radius: 5px;
  width: 100%;
  position: absolute;
  display: none;
  margin-top: 15px;
  border-radius: 10px;
  box-shadow: 0px 0px 50px rgba(0,0,0,0.08);
  border-radius: 10px;
}

.c1 {
  width: auto;
  height: auto;
  display: block;
  border-radius: 5px;
  padding: 16px;
  border-bottom: 1px solid #E9F1FB;
}

.c4 {
  width: auto;
  height: auto;
  display: block;
  border-radius: 5px;
  width: 100%;
  padding: 8px;
}

.c2 {
  font-family: DM Sans;
  font-size: 13px;
  line-height: 130%;
  font-size: 15px;
  font-weight: 700;
}

.c9 {
  font-family: DM Sans;
  font-size: 13px;
  line-height: 130%;
  font-weight: 500;
}

.c6 {
  width: auto;
  height: auto;
  display: block;
  border-radius: 5px;
  padding: 8px;
  margin-bottom: 4px;
  cursor: pointer;
  border-radius: 5px;
  border-radius: 5px;
}

.c6:hover {
  background-color: #E9F1FB;
}

.c15 {
  width: auto;
  height: auto;
  display: block;
  border-radius: 5px;
  padding: 8px;
  cursor: pointer;
  border-radius: 5px;
  border-radius: 5px;
}

.c15:hover {
  background-color: #E9F1FB;
}

.c8 {
  border-radius: 50%;
  background-color: #0086F8;
  display: -webkit-box;
  display: -webkit-flex;
  display: -ms-flexbox;
  display: flex;
  -webkit-box-pack: center;
  -webkit-justify-content: center;
  -ms-flex-pack: center;
  justify-content: center;
  -webkit-align-items: center;
  -webkit-box-align: center;
  -ms-flex-align: center;
  align-items: center;
  width: 10px;
  height: 10px;
  margin-right: 18px;
  background-color: rgba(0,134,248,1);
}

.c10 {
  border-radius: 50%;
  background-color: #C866EA;
  display: -webkit-box;
  display: -webkit-flex;
  display: -ms-flexbox;
  display: flex;
  -webkit-box-pack: center;
  -webkit-justify-content: center;
  -ms-flex-pack: center;
  justify-content: center;
  -webkit-align-items: center;
  -webkit-box-align: center;
  -ms-flex-align: center;
  align-items: center;
  width: 10px;
  height: 10px;
  margin-right: 18px;
  background-color: rgba(200,102,234,1);
}

.c11 {
  border-radius: 50%;
  background-color: #FFA16C;
  display: -webkit-box;
  display: -webkit-flex;
  display: -ms-flexbox;
  display: flex;
  -webkit-box-pack: center;
  -webkit-justify-content: center;
  -ms-flex-pack: center;
  justify-content: center;
  -webkit-align-items: center;
  -webkit-box-align: center;
  -ms-flex-align: center;
  align-items: center;
  width: 10px;
  height: 10px;
  margin-right: 18px;
  background-color: rgba(255,161,108,1);
}

.c12 {
  border-radius: 50%;
  background-color: #FFCF5B;
  display: -webkit-box;
  display: -webkit-flex;
  display: -ms-flexbox;
  display: flex;
  -webkit-box-pack: center;
  -webkit-justify-content: center;
  -ms-flex-pack: center;
  justify-content: center;
  -webkit-align-items: center;
  -webkit-box-align: center;
  -ms-flex-align: center;
  align-items: center;
  width: 10px;
  height: 10px;
  margin-right: 18px;
  background-color: rgba(255,207,91,1);
}

.c13 {
  border-radius: 50%;
  background-color: #FF7691;
  display: -webkit-box;
  display: -webkit-flex;
  display: -ms-flexbox;
  display: flex;
  -webkit-box-pack: center;
  -webkit-justify-content: center;
  -ms-flex-pack: center;
  justify-content: center;
  -webkit-align-items: center;
  -webkit-box-align: center;
  -ms-flex-align: center;
  align-items: center;
  width: 10px;
  height: 10px;
  margin-right: 18px;
  background-color: rgba(255,118,145,1);
}

.c14 {
  border-radius: 50%;
  background-color: #CED3E4;
  display: -webkit-box;
  display: -webkit-flex;
  display: -ms-flexbox;
  display: flex;
  -webkit-box-pack: center;
  -webkit-justify-content: center;
  -ms-flex-pack: center;
  justify-content: center;
  -webkit-align-items: center;
  -webkit-box-align: center;
  -ms-flex-align: center;
  align-items: center;
  width: 10px;
  height: 10px;
  margin-right: 18px;
  background-color: rgba(206,211,228,1);
}

.c16 {
  border-radius: 50%;
  background-color: #107969;
  display: -webkit-box;
  display: -webkit-flex;
  display: -ms-flexbox;
  display: flex;
  -webkit-box-pack: center;
  -webkit-justify-content: center;
  -ms-flex-pack: center;
  justify-content: center;
  -webkit-align-items: center;
  -webkit-box-align: center;
  -ms-flex-align: center;
  align-items: center;
  width: 10px;
  height: 10px;
  margin-right: 18px;
  background-color: rgba(16,121,105,1);
}

<div
  className="c0"
  display="none"
  width="100%"
>
  <div
    className="c1"
  >
    <p
      className="c2"
      fontSize="15px"
      fontWeight="bold"
    >
      Choose type of question
    </p>
  </div>
  <div
    className="c3"
  >
    <div
      className="c4"
      width="100%"
    >
      <div
        className="c5"
      >
        <div
          className="c6"
          onClick={[Function]}
        >
          <div
            className="c7"
          >
            <div
              className="c8"
              opacity={1}
              size="10px"
            />
            <p
              className="c9"
              fontWeight="medium"
            >
              Single answer question
            </p>
          </div>
        </div>
        <div
          className="c6"
          onClick={[Function]}
        >
          <div
            className="c7"
          >
            <div
              className="c10"
              opacity={1}
              size="10px"
            />
            <p
              className="c9"
              fontWeight="medium"
            >
              Multi answer question
            </p>
          </div>
        </div>
        <div
          className="c6"
          onClick={[Function]}
        >
          <div
            className="c7"
          >
            <div
              className="c11"
              opacity={1}
              size="10px"
            />
            <p
              className="c9"
              fontWeight="medium"
            >
              Textbox question
            </p>
          </div>
        </div>
        <div
          className="c6"
          onClick={[Function]}
        >
          <div
            className="c7"
          >
            <div
              className="c12"
              opacity={1}
              size="10px"
            />
            <p
              className="c9"
              fontWeight="medium"
            >
              Number question
            </p>
          </div>
        </div>
        <div
          className="c6"
          onClick={[Function]}
        >
          <div
            className="c7"
          >
            <div
              className="c13"
              opacity={1}
              size="10px"
            />
            <p
              className="c9"
              fontWeight="medium"
            >
              Grid question
            </p>
          </div>
        </div>
        <div
          className="c6"
          onClick={[Function]}
        >
          <div
            className="c7"
          >
            <div
              className="c13"
              opacity={1}
              size="10px"
            />
            <p
              className="c9"
              fontWeight="medium"
            >
              Visual Analogue Scale Question
            </p>
          </div>
        </div>
        <div
          className="c6"
          onClick={[Function]}
        >
          <div
            className="c7"
          >
            <div
              className="c14"
              opacity={1}
              size="10px"
            />
            <p
              className="c9"
              fontWeight="medium"
            >
              Information Question
            </p>
          </div>
        </div>
        <div
          className="c15"
          onClick={[Function]}
        >
          <div
            className="c7"
          >
            <div
              className="c16"
              opacity={1}
              size="10px"
            />
            <p
              className="c9"
              fontWeight="medium"
            >
              Url Question
            </p>
          </div>
        </div>
      </div>
    </div>
  </div>
</div>
`;
