// Jest Snapshot v1, https://goo.gl/fbAQLP

exports[`<ReportsFilter /> Should render and match the snapshot 1`] = `
.c0 {
  display: -webkit-box;
  display: -webkit-flex;
  display: -ms-flexbox;
  display: flex;
  -webkit-flex-direction: row;
  -ms-flex-direction: row;
  flex-direction: row;
  height: auto;
  -webkit-box-pack: justify;
  -webkit-justify-content: space-between;
  -ms-flex-pack: justify;
  justify-content: space-between;
  justify-items: space-between;
  -webkit-align-content: center;
  -ms-flex-line-pack: center;
  align-content: center;
  -webkit-align-items: center;
  -webkit-box-align: center;
  -ms-flex-align: center;
  align-items: center;
  margin-top: 24px;
  margin-bottom: 24px;
}

.c1 {
  display: -webkit-box;
  display: -webkit-flex;
  display: -ms-flexbox;
  display: flex;
  -webkit-flex-direction: row;
  -ms-flex-direction: row;
  flex-direction: row;
  height: auto;
  -webkit-align-content: center;
  -ms-flex-line-pack: center;
  align-content: center;
  -webkit-align-items: center;
  -webkit-box-align: center;
  -ms-flex-align: center;
  align-items: center;
}

.c3 {
  display: -webkit-box;
  display: -webkit-flex;
  display: -ms-flexbox;
  display: flex;
  -webkit-flex-direction: row;
  -ms-flex-direction: row;
  flex-direction: row;
  height: auto;
  -webkit-box-pack: justify;
  -webkit-justify-content: space-between;
  -ms-flex-pack: justify;
  justify-content: space-between;
  justify-items: space-between;
  -webkit-align-content: center;
  -ms-flex-line-pack: center;
  align-content: center;
  -webkit-align-items: center;
  -webkit-box-align: center;
  -ms-flex-align: center;
  align-items: center;
}

.c11 {
  display: -webkit-box;
  display: -webkit-flex;
  display: -ms-flexbox;
  display: flex;
  -webkit-flex-direction: row;
  -ms-flex-direction: row;
  flex-direction: row;
  height: auto;
  min-width: 150px;
}

.c2 {
  font-family: DM Sans;
  font-size: 13px;
  line-height: 130%;
  margin-right: 15px;
  font-weight: 700;
  color: #2F3850;
}

.c10 {
  font-family: DM Sans;
  font-size: 13px;
  line-height: 130%;
  margin-right: 15px;
  font-size: 15px;
  color: #2F3850;
}

.c13 {
  font-family: DM Sans;
  font-size: 13px;
  line-height: 130%;
  font-weight: 700;
  color: rgba(183,39,234,1);
  cursor: pointer;
  color: rgba(183,39,234,1);
  cursor: pointer;
}

.c12 {
  width: auto;
  height: auto;
  display: block;
  border-radius: 5px;
  position: relative;
  color: unset;
}

.c14 {
  width: auto;
  height: auto;
  margin-left: 8px;
  cursor: pointer;
  -webkit-transition: -webkit-transform 0.2s;
  -webkit-transition: transform 0.2s;
  transition: transform 0.2s;
}

.c5 {
  display: none;
}

.c9 {
  margin-right: 5px;
  border-radius: 5px;
}

.c4:disabled + label > .c8 {
  opacity: 0.5;
  cursor: not-allowed;
}

.c7 {
  display: -webkit-box;
  display: -webkit-flex;
  display: -ms-flexbox;
  display: flex;
  -webkit-align-items: center;
  -webkit-box-align: center;
  -ms-flex-align: center;
  align-items: center;
  width: 100%;
}

.c7:hover {
  cursor: pointer;
}

.c4:disabled + .c6 {
  opacity: 0.5;
  cursor: not-allowed;
}

<div
  class="c0"
>
  <div
    class="c1"
  >
    <p
      class="c2"
      font-weight="bold"
    >
      Show reports generated for:
    </p>
    <div
      class="c1"
    >
      <div
        class="c3"
      >
        <input
          checked=""
          class="c4 c5"
          id="participant"
          type="checkbox"
          width="20"
        />
        <label
          class="c6 c7"
          for="participant"
        >
          <img
            class="c8 c9"
            src="IMAGE_MOCK"
          />
          <p
            class="c10"
            font-size="15"
          >
            Participants
          </p>
        </label>
      </div>
    </div>
    <div
      class="c1"
    >
      <div
        class="c3"
      >
        <input
          class="c4 c5"
          id="third_party"
          type="checkbox"
          width="20"
        />
        <label
          class="c6 c7"
          for="third_party"
        >
          <img
            class="c8 c9"
            src="IMAGE_MOCK"
          />
          <p
            class="c10"
            font-size="15"
          >
            3rd Party Users
          </p>
        </label>
      </div>
    </div>
  </div>
  <div
    class="c11"
  >
    <div
      class="c12"
    >
      <div
        class="c1"
        role="button"
      >
        <p
          class="c13"
          color="#B727EA"
          font-weight="bold"
        >
          Sort by Oldest
        </p>
        <img
          alt="arrow"
          class="c14"
          src="IMAGE_MOCK"
          transform=""
        />
      </div>
    </div>
  </div>
</div>
`;
