// Jest Snapshot v1, https://goo.gl/fbAQLP

exports[`<InterventionPage /> Should render and match the snapshot with interventions 1`] = `
.c5 {
  width: auto;
  height: auto;
  display: block;
  border-radius: 5px;
  display: -webkit-box;
  display: -webkit-flex;
  display: -ms-flexbox;
  display: flex;
  color: unset;
}

.c6 {
  width: auto;
  height: auto;
  display: block;
  border-radius: 5px;
  color: unset;
}

.c11 {
  width: auto;
  height: auto;
  display: block;
  border-radius: 5px;
  -webkit-box-flex: 1;
  -webkit-flex-grow: 1;
  -ms-flex-positive: 1;
  flex-grow: 1;
  color: unset;
}

.c3 {
  display: -webkit-box;
  display: -webkit-flex;
  display: -ms-flexbox;
  display: flex;
  -webkit-flex-direction: row;
  -ms-flex-direction: row;
  flex-direction: row;
  height: auto;
  -webkit-align-content: center;
  -ms-flex-line-pack: center;
  align-content: center;
  -webkit-align-items: center;
  -webkit-box-align: center;
  -ms-flex-align: center;
  align-items: center;
  gap: 8px;
}

.c0 {
  height: 100% !important;
  display: -webkit-box;
  display: -webkit-flex;
  display: -ms-flexbox;
  display: flex;
  overflow: clip;
  padding-top: 54px;
  -webkit-flex-direction: column;
  -ms-flex-direction: column;
  flex-direction: column;
}

.c1 {
  max-width: 960px !important;
}

.c4 {
  margin: 0;
  font-family: DM Sans;
  font-size: 25px;
  line-height: 130%;
  color: #2F3850;
}

.c7 {
  width: 100%;
  height: 40px;
  border-radius: 100px;
  cursor: pointer !important;
  border: none;
  outline: none;
  font-weight: bold;
  background-color: #107969;
  color: #FFFFFF;
  border: 1px solid transparent;
  -webkit-transition: background-color 300ms ease,color 300ms ease,border 300ms ease;
  transition: background-color 300ms ease,color 300ms ease,border 300ms ease;
  width: auto;
  padding-top: 10px;
  padding-bottom: 10px;
  padding-right: 16px;
  padding-left: 16px;
}

.c9 {
  padding: 12px;
  border-style: solid;
  border-width: 1px;
  border-color: #E9F1FB;
  border-radius: 5px;
  width: 100%;
  padding-right: 35px;
  padding-left: 35px;
  color: #2F3850;
}

.c9:focus {
  box-shadow: none;
  outline: none;
  border-color: #107969;
}

.c9:disabled {
  color: #ABBBD1;
}

.c8 {
  display: -webkit-box;
  display: -webkit-flex;
  display: -ms-flexbox;
  display: flex;
  -webkit-align-items: center;
  -webkit-box-align: center;
  -ms-flex-align: center;
  align-items: center;
  position: relative;
}

.c10 {
  position: absolute;
  left: 10px;
  top: 10px;
}

.c2 {
  padding: 0 !important;
  margin-top: 10px;
  width: 100%;
}

<div>
  <div
    class="c0 c1"
    direction="column"
    display="flex"
    height="100% !important"
    overflow="clip"
    pt="54"
    style="box-sizing: border-box; position: relative; margin-left: auto; margin-right: auto; padding-left: 15px; padding-right: 15px; max-width: 960px;"
  >
    <div
      class="c2"
      style="box-sizing: border-box; position: relative; margin-left: auto; margin-right: auto; padding-left: 15px; padding-right: 15px; display: flex;"
    >
      <div
        class="c3"
      >
        <h1
          class="c4"
        >
          My Dashboard
        </h1>
        <div
          class="c5"
          display="flex"
        >
          <div
            class="c6"
            data-for="dashboard-cdh"
            data-tip=""
          >
            <img
              alt="?"
              src="IMAGE_MOCK"
            />
          </div>
        </div>
      </div>
      <span
        style="display: table; clear: both;"
      />
    </div>
    <div
      class="c2"
      style="box-sizing: border-box; position: relative; margin-left: auto; margin-right: auto; padding-left: 15px; padding-right: 15px;"
    >
      <div
        style="margin-left: -15px; margin-right: -15px; display: flex; flex-wrap: wrap; flex-grow: 0; flex-shrink: 0; align-items: center; justify-content: flex-end;"
      >
        <div
          style="box-sizing: border-box; min-height: 1px; position: relative; padding-left: 15px; padding-right: 15px; width: auto; flex-basis: auto; flex-grow: 0; flex-shrink: 0; max-width: 100%; margin-left: 0%; right: auto; left: auto; margin-top: 10px; margin-bottom: 10px;"
        >
          <button
            aria-label="Filters"
            class="c7"
            color="primary"
            radius="100px"
            width="auto"
          >
            <svg
              color="white"
              fill="currentColor"
              height="20"
              stroke="currentColor"
              stroke-width="0"
              style="color: white;"
              viewBox="0 0 16 16"
              width="20"
              xmlns="http://www.w3.org/2000/svg"
            >
              <path
                d="M6 9.5C6.93191 9.5 7.71496 10.1374 7.93699 11H13.5C13.7761 11 14 11.2239 14 11.5C14 11.7455 13.8231 11.9496 13.5899 11.9919L13.5 12L7.93673 12.001C7.71435 12.8631 6.93155 13.5 6 13.5C5.06845 13.5 4.28565 12.8631 4.06327 12.001L2.5 12C2.22386 12 2 11.7761 2 11.5C2 11.2545 2.17688 11.0504 2.41012 11.0081L2.5 11H4.06301C4.28504 10.1374 5.06809 9.5 6 9.5ZM6 10.5C5.44772 10.5 5 10.9477 5 11.5C5 12.0523 5.44772 12.5 6 12.5C6.55228 12.5 7 12.0523 7 11.5C7 10.9477 6.55228 10.5 6 10.5ZM10 2.5C10.9319 2.5 11.715 3.13738 11.937 3.99998L13.5 4C13.7761 4 14 4.22386 14 4.5C14 4.74546 13.8231 4.94961 13.5899 4.99194L13.5 5L11.9367 5.00102C11.7144 5.86312 10.9316 6.5 10 6.5C9.06845 6.5 8.28565 5.86312 8.06327 5.00102L2.5 5C2.22386 5 2 4.77614 2 4.5C2 4.25454 2.17688 4.05039 2.41012 4.00806L2.5 4L8.06301 3.99998C8.28504 3.13738 9.06809 2.5 10 2.5ZM10 3.5C9.44772 3.5 9 3.94772 9 4.5C9 5.05228 9.44772 5.5 10 5.5C10.5523 5.5 11 5.05228 11 4.5C11 3.94772 10.5523 3.5 10 3.5Z"
              />
            </svg>
            Filters
          </button>
        </div>
        <div
          style="box-sizing: border-box; min-height: 1px; position: relative; padding-left: 15px; padding-right: 15px; width: 33.333333333333336%; flex-basis: 33.333333333333336%; flex-grow: 0; flex-shrink: 0; max-width: 33.333333333333336%; margin-left: 0%; right: auto; left: auto; margin-top: 10px; margin-bottom: 10px;"
        >
          <div
            class="c8"
            data-cy="intervention-search-input"
          >
            <input
              aria-label="Filter Interventions by name"
              class="c9"
              dir="auto"
              placeholder="Filter by name"
              type="text"
              width="100%"
            />
            <img
              alt="search"
              class="c10"
              src="IMAGE_MOCK"
            />
            
          </div>
        </div>
      </div>
      <span
        style="display: table; clear: both;"
      />
    </div>
    <div
      class="c11"
    >
      <div
        class="virtual-grid-auto-sizer"
        style="overflow: visible; height: 0px; width: 0px;"
      />
      <div
        class="resize-triggers"
      >
        <div
          class="expand-trigger"
        >
          <div
            style="width: 1px; height: 1px;"
          />
        </div>
        <div
          class="contract-trigger"
        />
      </div>
    </div>
    <span
      style="display: table; clear: both;"
    />
  </div>
</div>
`;

exports[`<InterventionPage /> Should render and match the snapshot with loader 1`] = `
.c5 {
  width: auto;
  height: auto;
  display: block;
  border-radius: 5px;
  display: -webkit-box;
  display: -webkit-flex;
  display: -ms-flexbox;
  display: flex;
  color: unset;
}

.c6 {
  width: auto;
  height: auto;
  display: block;
  border-radius: 5px;
  color: unset;
}

.c11 {
  width: auto;
  height: auto;
  display: block;
  border-radius: 5px;
  -webkit-box-flex: 1;
  -webkit-flex-grow: 1;
  -ms-flex-positive: 1;
  flex-grow: 1;
  color: unset;
}

.c3 {
  display: -webkit-box;
  display: -webkit-flex;
  display: -ms-flexbox;
  display: flex;
  -webkit-flex-direction: row;
  -ms-flex-direction: row;
  flex-direction: row;
  height: auto;
  -webkit-align-content: center;
  -ms-flex-line-pack: center;
  align-content: center;
  -webkit-align-items: center;
  -webkit-box-align: center;
  -ms-flex-align: center;
  align-items: center;
  gap: 8px;
}

.c0 {
  height: 100% !important;
  display: -webkit-box;
  display: -webkit-flex;
  display: -ms-flexbox;
  display: flex;
  overflow: clip;
  padding-top: 54px;
  -webkit-flex-direction: column;
  -ms-flex-direction: column;
  flex-direction: column;
}

.c1 {
  max-width: 960px !important;
}

.c4 {
  margin: 0;
  font-family: DM Sans;
  font-size: 25px;
  line-height: 130%;
  color: #2F3850;
}

.c7 {
  width: 100%;
  height: 40px;
  border-radius: 100px;
  cursor: pointer !important;
  border: none;
  outline: none;
  font-weight: bold;
  background-color: #107969;
  color: #FFFFFF;
  border: 1px solid transparent;
  -webkit-transition: background-color 300ms ease,color 300ms ease,border 300ms ease;
  transition: background-color 300ms ease,color 300ms ease,border 300ms ease;
  width: auto;
  padding-top: 10px;
  padding-bottom: 10px;
  padding-right: 16px;
  padding-left: 16px;
}

.c9 {
  padding: 12px;
  border-style: solid;
  border-width: 1px;
  border-color: #E9F1FB;
  border-radius: 5px;
  width: 100%;
  padding-right: 35px;
  padding-left: 35px;
  color: #2F3850;
}

.c9:focus {
  box-shadow: none;
  outline: none;
  border-color: #107969;
}

.c9:disabled {
  color: #ABBBD1;
}

.c8 {
  display: -webkit-box;
  display: -webkit-flex;
  display: -ms-flexbox;
  display: flex;
  -webkit-align-items: center;
  -webkit-box-align: center;
  -ms-flex-align: center;
  align-items: center;
  position: relative;
}

.c10 {
  position: absolute;
  left: 10px;
  top: 10px;
}

.c2 {
  padding: 0 !important;
  margin-top: 10px;
  width: 100%;
}

<div>
  <div
    class="c0 c1"
    direction="column"
    display="flex"
    height="100% !important"
    overflow="clip"
    pt="54"
    style="box-sizing: border-box; position: relative; margin-left: auto; margin-right: auto; padding-left: 15px; padding-right: 15px; max-width: 960px;"
  >
    <div
      class="c2"
      style="box-sizing: border-box; position: relative; margin-left: auto; margin-right: auto; padding-left: 15px; padding-right: 15px; display: flex;"
    >
      <div
        class="c3"
      >
        <h1
          class="c4"
        >
          My Dashboard
        </h1>
        <div
          class="c5"
          display="flex"
        >
          <div
            class="c6"
            data-for="dashboard-cdh"
            data-tip=""
          >
            <img
              alt="?"
              src="IMAGE_MOCK"
            />
          </div>
        </div>
      </div>
      <span
        style="display: table; clear: both;"
      />
    </div>
    <div
      class="c2"
      style="box-sizing: border-box; position: relative; margin-left: auto; margin-right: auto; padding-left: 15px; padding-right: 15px;"
    >
      <div
        style="margin-left: -15px; margin-right: -15px; display: flex; flex-wrap: wrap; flex-grow: 0; flex-shrink: 0; align-items: center; justify-content: flex-end;"
      >
        <div
          style="box-sizing: border-box; min-height: 1px; position: relative; padding-left: 15px; padding-right: 15px; width: auto; flex-basis: auto; flex-grow: 0; flex-shrink: 0; max-width: 100%; margin-left: 0%; right: auto; left: auto; margin-top: 10px; margin-bottom: 10px;"
        >
          <button
            aria-label="Filters"
            class="c7"
            color="primary"
            radius="100px"
            width="auto"
          >
            <svg
              color="white"
              fill="currentColor"
              height="20"
              stroke="currentColor"
              stroke-width="0"
              style="color: white;"
              viewBox="0 0 16 16"
              width="20"
              xmlns="http://www.w3.org/2000/svg"
            >
              <path
                d="M6 9.5C6.93191 9.5 7.71496 10.1374 7.93699 11H13.5C13.7761 11 14 11.2239 14 11.5C14 11.7455 13.8231 11.9496 13.5899 11.9919L13.5 12L7.93673 12.001C7.71435 12.8631 6.93155 13.5 6 13.5C5.06845 13.5 4.28565 12.8631 4.06327 12.001L2.5 12C2.22386 12 2 11.7761 2 11.5C2 11.2545 2.17688 11.0504 2.41012 11.0081L2.5 11H4.06301C4.28504 10.1374 5.06809 9.5 6 9.5ZM6 10.5C5.44772 10.5 5 10.9477 5 11.5C5 12.0523 5.44772 12.5 6 12.5C6.55228 12.5 7 12.0523 7 11.5C7 10.9477 6.55228 10.5 6 10.5ZM10 2.5C10.9319 2.5 11.715 3.13738 11.937 3.99998L13.5 4C13.7761 4 14 4.22386 14 4.5C14 4.74546 13.8231 4.94961 13.5899 4.99194L13.5 5L11.9367 5.00102C11.7144 5.86312 10.9316 6.5 10 6.5C9.06845 6.5 8.28565 5.86312 8.06327 5.00102L2.5 5C2.22386 5 2 4.77614 2 4.5C2 4.25454 2.17688 4.05039 2.41012 4.00806L2.5 4L8.06301 3.99998C8.28504 3.13738 9.06809 2.5 10 2.5ZM10 3.5C9.44772 3.5 9 3.94772 9 4.5C9 5.05228 9.44772 5.5 10 5.5C10.5523 5.5 11 5.05228 11 4.5C11 3.94772 10.5523 3.5 10 3.5Z"
              />
            </svg>
            Filters
          </button>
        </div>
        <div
          style="box-sizing: border-box; min-height: 1px; position: relative; padding-left: 15px; padding-right: 15px; width: 33.333333333333336%; flex-basis: 33.333333333333336%; flex-grow: 0; flex-shrink: 0; max-width: 33.333333333333336%; margin-left: 0%; right: auto; left: auto; margin-top: 10px; margin-bottom: 10px;"
        >
          <div
            class="c8"
            data-cy="intervention-search-input"
          >
            <input
              aria-label="Filter Interventions by name"
              class="c9"
              dir="auto"
              placeholder="Filter by name"
              type="text"
              width="100%"
            />
            <img
              alt="search"
              class="c10"
              src="IMAGE_MOCK"
            />
            
          </div>
        </div>
      </div>
      <span
        style="display: table; clear: both;"
      />
    </div>
    <div
      class="c11"
    >
      <div
        class="virtual-grid-auto-sizer"
        style="overflow: visible; height: 0px; width: 0px;"
      />
      <div
        class="resize-triggers"
      >
        <div
          class="expand-trigger"
        >
          <div
            style="width: 1px; height: 1px;"
          />
        </div>
        <div
          class="contract-trigger"
        />
      </div>
    </div>
    <span
      style="display: table; clear: both;"
    />
  </div>
</div>
`;

exports[`<InterventionPage /> Should render and match the snapshot without interventions 1`] = `
.c5 {
  width: auto;
  height: auto;
  display: block;
  border-radius: 5px;
  display: -webkit-box;
  display: -webkit-flex;
  display: -ms-flexbox;
  display: flex;
  color: unset;
}

.c6 {
  width: auto;
  height: auto;
  display: block;
  border-radius: 5px;
  color: unset;
}

.c11 {
  width: auto;
  height: auto;
  display: block;
  border-radius: 5px;
  -webkit-box-flex: 1;
  -webkit-flex-grow: 1;
  -ms-flex-positive: 1;
  flex-grow: 1;
  color: unset;
}

.c3 {
  display: -webkit-box;
  display: -webkit-flex;
  display: -ms-flexbox;
  display: flex;
  -webkit-flex-direction: row;
  -ms-flex-direction: row;
  flex-direction: row;
  height: auto;
  -webkit-align-content: center;
  -ms-flex-line-pack: center;
  align-content: center;
  -webkit-align-items: center;
  -webkit-box-align: center;
  -ms-flex-align: center;
  align-items: center;
  gap: 8px;
}

.c0 {
  height: 100% !important;
  display: -webkit-box;
  display: -webkit-flex;
  display: -ms-flexbox;
  display: flex;
  overflow: clip;
  padding-top: 54px;
  -webkit-flex-direction: column;
  -ms-flex-direction: column;
  flex-direction: column;
}

.c1 {
  max-width: 960px !important;
}

.c4 {
  margin: 0;
  font-family: DM Sans;
  font-size: 25px;
  line-height: 130%;
  color: #2F3850;
}

.c7 {
  width: 100%;
  height: 40px;
  border-radius: 100px;
  cursor: pointer !important;
  border: none;
  outline: none;
  font-weight: bold;
  background-color: #107969;
  color: #FFFFFF;
  border: 1px solid transparent;
  -webkit-transition: background-color 300ms ease,color 300ms ease,border 300ms ease;
  transition: background-color 300ms ease,color 300ms ease,border 300ms ease;
  width: auto;
  padding-top: 10px;
  padding-bottom: 10px;
  padding-right: 16px;
  padding-left: 16px;
}

.c9 {
  padding: 12px;
  border-style: solid;
  border-width: 1px;
  border-color: #E9F1FB;
  border-radius: 5px;
  width: 100%;
  padding-right: 35px;
  padding-left: 35px;
  color: #2F3850;
}

.c9:focus {
  box-shadow: none;
  outline: none;
  border-color: #107969;
}

.c9:disabled {
  color: #ABBBD1;
}

.c8 {
  display: -webkit-box;
  display: -webkit-flex;
  display: -ms-flexbox;
  display: flex;
  -webkit-align-items: center;
  -webkit-box-align: center;
  -ms-flex-align: center;
  align-items: center;
  position: relative;
}

.c10 {
  position: absolute;
  left: 10px;
  top: 10px;
}

.c2 {
  padding: 0 !important;
  margin-top: 10px;
  width: 100%;
}

<div>
  <div
    class="c0 c1"
    direction="column"
    display="flex"
    height="100% !important"
    overflow="clip"
    pt="54"
    style="box-sizing: border-box; position: relative; margin-left: auto; margin-right: auto; padding-left: 15px; padding-right: 15px; max-width: 960px;"
  >
    <div
      class="c2"
      style="box-sizing: border-box; position: relative; margin-left: auto; margin-right: auto; padding-left: 15px; padding-right: 15px; display: flex;"
    >
      <div
        class="c3"
      >
        <h1
          class="c4"
        >
          My Dashboard
        </h1>
        <div
          class="c5"
          display="flex"
        >
          <div
            class="c6"
            data-for="dashboard-cdh"
            data-tip=""
          >
            <img
              alt="?"
              src="IMAGE_MOCK"
            />
          </div>
        </div>
      </div>
      <span
        style="display: table; clear: both;"
      />
    </div>
    <div
      class="c2"
      style="box-sizing: border-box; position: relative; margin-left: auto; margin-right: auto; padding-left: 15px; padding-right: 15px;"
    >
      <div
        style="margin-left: -15px; margin-right: -15px; display: flex; flex-wrap: wrap; flex-grow: 0; flex-shrink: 0; align-items: center; justify-content: flex-end;"
      >
        <div
          style="box-sizing: border-box; min-height: 1px; position: relative; padding-left: 15px; padding-right: 15px; width: auto; flex-basis: auto; flex-grow: 0; flex-shrink: 0; max-width: 100%; margin-left: 0%; right: auto; left: auto; margin-top: 10px; margin-bottom: 10px;"
        >
          <button
            aria-label="Filters"
            class="c7"
            color="primary"
            radius="100px"
            width="auto"
          >
            <svg
              color="white"
              fill="currentColor"
              height="20"
              stroke="currentColor"
              stroke-width="0"
              style="color: white;"
              viewBox="0 0 16 16"
              width="20"
              xmlns="http://www.w3.org/2000/svg"
            >
              <path
                d="M6 9.5C6.93191 9.5 7.71496 10.1374 7.93699 11H13.5C13.7761 11 14 11.2239 14 11.5C14 11.7455 13.8231 11.9496 13.5899 11.9919L13.5 12L7.93673 12.001C7.71435 12.8631 6.93155 13.5 6 13.5C5.06845 13.5 4.28565 12.8631 4.06327 12.001L2.5 12C2.22386 12 2 11.7761 2 11.5C2 11.2545 2.17688 11.0504 2.41012 11.0081L2.5 11H4.06301C4.28504 10.1374 5.06809 9.5 6 9.5ZM6 10.5C5.44772 10.5 5 10.9477 5 11.5C5 12.0523 5.44772 12.5 6 12.5C6.55228 12.5 7 12.0523 7 11.5C7 10.9477 6.55228 10.5 6 10.5ZM10 2.5C10.9319 2.5 11.715 3.13738 11.937 3.99998L13.5 4C13.7761 4 14 4.22386 14 4.5C14 4.74546 13.8231 4.94961 13.5899 4.99194L13.5 5L11.9367 5.00102C11.7144 5.86312 10.9316 6.5 10 6.5C9.06845 6.5 8.28565 5.86312 8.06327 5.00102L2.5 5C2.22386 5 2 4.77614 2 4.5C2 4.25454 2.17688 4.05039 2.41012 4.00806L2.5 4L8.06301 3.99998C8.28504 3.13738 9.06809 2.5 10 2.5ZM10 3.5C9.44772 3.5 9 3.94772 9 4.5C9 5.05228 9.44772 5.5 10 5.5C10.5523 5.5 11 5.05228 11 4.5C11 3.94772 10.5523 3.5 10 3.5Z"
              />
            </svg>
            Filters
          </button>
        </div>
        <div
          style="box-sizing: border-box; min-height: 1px; position: relative; padding-left: 15px; padding-right: 15px; width: 33.333333333333336%; flex-basis: 33.333333333333336%; flex-grow: 0; flex-shrink: 0; max-width: 33.333333333333336%; margin-left: 0%; right: auto; left: auto; margin-top: 10px; margin-bottom: 10px;"
        >
          <div
            class="c8"
            data-cy="intervention-search-input"
          >
            <input
              aria-label="Filter Interventions by name"
              class="c9"
              dir="auto"
              placeholder="Filter by name"
              type="text"
              width="100%"
            />
            <img
              alt="search"
              class="c10"
              src="IMAGE_MOCK"
            />
            
          </div>
        </div>
      </div>
      <span
        style="display: table; clear: both;"
      />
    </div>
    <div
      class="c11"
    >
      <div
        class="virtual-grid-auto-sizer"
        style="overflow: visible; height: 0px; width: 0px;"
      />
      <div
        class="resize-triggers"
      >
        <div
          class="expand-trigger"
        >
          <div
            style="width: 1px; height: 1px;"
          />
        </div>
        <div
          class="contract-trigger"
        />
      </div>
    </div>
    <span
      style="display: table; clear: both;"
    />
  </div>
</div>
`;
