// Jest Snapshot v1, https://goo.gl/fbAQLP

exports[`<Popup /> Should render and match the snapshot 1`] = `
<div
  class="styled__Container-u9aus1-0 kMvwSH"
>
  <div>
    Test
  </div>
</div>
`;

exports[`<Popup /> Should render and match the snapshot with different 1`] = `
<div
  class="styled__Container-u9aus1-0 kMvwSH"
>
  <div>
    Test
  </div>
</div>
`;
