// Jest Snapshot v1, https://goo.gl/fbAQLP

exports[`<SettingsInterventionPage /> Should render and match the snapshot 1`] = `
<div
  class="Box-sc-14m3exe-0 eowDf"
  display="flex"
  height="100%"
  width="100%"
>
  <div
    class="Column-sc-1n6divy-0 styled__StyledColumn-sc-17rp6q7-0 izNtvO"
    height="100%"
  >
    <div
      class="styled__NameContainer-sc-1q3ma8o-1 izjjMI"
    >
      <h3
        class="H3-sc-1nwhpi5-0 ijMmkT"
        font-weight="regular"
      >
        Name
      </h3>
      <input
        class="styled__Input-sc-1q3ma8o-0 jDUSix Input-sc-19txxuq-0 cndNPM"
        placeholder="e-Intervention Name"
        type="singleline"
        value="e-Intervention Name"
        width="100%"
      />
    </div>
    <h3
      class="H3-sc-1nwhpi5-0 eWxzix"
    >
      Narrator Settings
    </h3>
    <div
      class="Row-x1o3ru-0 biGHco"
    >
      <p
        class="Text-sc-2lza2m-0 gbTFEp"
        font-weight="bold"
      >
        Narrator Active
      </p>
      <label
        class="styled__SwitchWrapper-sc-1eitgbj-0 fOjBgC"
      >
        <input
          checked=""
          class="styled__SwitchInput-sc-1eitgbj-1 bEerDp"
          type="checkbox"
        />
        <span
          class="styled__Slider-sc-1eitgbj-2 hQAhzn"
        />
      </label>
    </div>
    <div
      class="Row-x1o3ru-0 biGHco"
    >
      <p
        class="Text-sc-2lza2m-0 frDpGz"
      >
        Voice
      </p>
      <label
        class="styled__SwitchWrapper-sc-1eitgbj-0 fOjBgC"
      >
        <input
          checked=""
          class="styled__SwitchInput-sc-1eitgbj-1 bEerDp"
          type="checkbox"
        />
        <span
          class="styled__Slider-sc-1eitgbj-2 hQAhzn"
        />
      </label>
    </div>
    <div
      class="Row-x1o3ru-0 fZUQFT"
    >
      <p
        class="Text-sc-2lza2m-0 frDpGz"
      >
        Animated Character
      </p>
      <label
        class="styled__SwitchWrapper-sc-1eitgbj-0 fOjBgC"
      >
        <input
          checked=""
          class="styled__SwitchInput-sc-1eitgbj-1 bEerDp"
          type="checkbox"
        />
        <span
          class="styled__Slider-sc-1eitgbj-2 hQAhzn"
        />
      </label>
    </div>
  </div>
</div>
`;
