// Jest Snapshot v1, https://goo.gl/fbAQLP

exports[`<FormikInput /> Should render and match the snapshot 1`] = `
<div>
  <div
    class="Column-sc-4zswzq-0 ekpwZH"
  >
    <label
      for="test"
    >
      <p
        class="Text-e4p0w3-0 kFFPgx"
        width="fit-content"
      >
        Label
      </p>
    </label>
    <div
      class="Row-y1cs0u-0 fgwsqb"
      width="100%"
    >
      <input
        aria-label="test"
        class="Input-t9j2q5-0 lfEKYd"
        id="test"
        name="test"
        placeholder="test"
        type="text"
        value=""
      />
    </div>
  </div>
</div>
`;
