// Jest Snapshot v1, https://goo.gl/fbAQLP

exports[`<RegisterPage /> Should render and match the snapshot 1`] = `
<div
  class="styled__Background-sc-1r4kg53-0 jqrSlU"
>
  <div
    class="styled__TopBackground-sc-1r4kg53-1 nQFgX"
  />
  <div
    class="styled__Header-sc-1r4kg53-2 fIXxOZ"
  >
    <img
      class="styled__Logo-sc-1r4kg53-3 jPiNjm"
      src="IMAGE_MOCK"
    />
  </div>
  <div
    class="styled__Content-sc-1r4kg53-4 hBhonq"
  >
    <div
      class="Fill-sc-1f4o7x0-0 dHXeMo"
    >
      <div
        class="Column-sc-1n6divy-0 fSnMtg"
      >
        <h1
          class="H1-tncdg6-0 fdwqP"
          font-size="23"
        >
          <span>
            Register researcher account
          </span>
        </h1>
        <div
          class="Row-x1o3ru-0 eLUxLg"
          width="100%"
        >
          <div
            class="Column-sc-1n6divy-0 knwgCP"
          >
            <p
              class="Text-sc-2lza2m-0 jdGrCy"
            >
              First Name
            </p>
            <input
              class="Input-sc-19txxuq-0 geBkNT"
              height="46"
              name="firstName"
              placeholder="Enter first name"
              type="text"
              value=""
              width="100%"
            />
          </div>
          <div
            class="Column-sc-1n6divy-0 gkaWeP"
          >
            <p
              class="Text-sc-2lza2m-0 jdGrCy"
            >
              Last name
            </p>
            <input
              class="Input-sc-19txxuq-0 geBkNT"
              height="46"
              name="lastName"
              placeholder="Enter last name"
              type="text"
              value=""
              width="100%"
            />
          </div>
        </div>
        <div
          class="Column-sc-1n6divy-0 gkaWeP"
        >
          <p
            class="Text-sc-2lza2m-0 jdGrCy"
          >
            E-mail address
          </p>
          <input
            class="Input-sc-19txxuq-0 geBkNT"
            height="46"
            name="email"
            placeholder="Enter e-mail address"
            type="email"
            value=""
            width="100%"
          />
        </div>
        <div
          class="Column-sc-1n6divy-0 gkaWeP"
        >
          <p
            class="Text-sc-2lza2m-0 jdGrCy"
          >
            Password
          </p>
          <input
            class="Input-sc-19txxuq-0 geBkNT"
            height="46"
            name="password"
            placeholder="Enter password"
            type="password"
            value=""
            width="100%"
          />
        </div>
        <div
          class="Column-sc-1n6divy-0 gkaWeP"
        >
          <p
            class="Text-sc-2lza2m-0 jdGrCy"
          >
            Password confirmation
          </p>
          <input
            class="Input-sc-19txxuq-0 geBkNT"
            height="46"
            name="passwordConfirmation"
            placeholder="Retype your password"
            type="password"
            value=""
            width="100%"
          />
        </div>
        <button
          class="StyledButton-t20ntd-0 fsmsOL"
          color="primary"
          height="46"
        >
          Register
        </button>
        <div
          class="Row-x1o3ru-0 bXtLKJ"
          width="100%"
        >
          <a
            href="/login"
          >
            <button
              class="TextButton-sc-12pwroy-0 StYFP"
            >
              <span>
                I already have an account
              </span>
            </button>
          </a>
        </div>
        
      </div>
    </div>
  </div>
</div>
`;
