// Jest Snapshot v1, https://goo.gl/fbAQLP

exports[`<RegisterPage /> Should render and match the snapshot 1`] = `
<div
  class="Fill-sc-1f4o7x0-0 dHXeMo"
>
  <div
    class="Column-sc-1n6divy-0 edhQgu"
  >
    <div
      class="Card-v952e1-0 hVsVcd"
      width="100%"
    >
      <div
        class="Column-sc-1n6divy-0 dQNPKb"
      >
        <span>
          Register
        </span>
        <input
          class="Input-sc-19txxuq-0 ckPklY"
          name="username"
          placeholder="Username"
          type="text"
          value=""
        />
        <input
          class="Input-sc-19txxuq-0 bdmbaI"
          name="firstName"
          placeholder="First name"
          type="text"
          value=""
        />
        <input
          class="Input-sc-19txxuq-0 bdmbaI"
          name="lastName"
          placeholder="Last name"
          type="text"
          value=""
        />
        <input
          class="Input-sc-19txxuq-0 bdmbaI"
          name="email"
          placeholder="Email"
          type="email"
          value=""
        />
        <input
          class="Input-sc-19txxuq-0 bdmbaI"
          name="password"
          placeholder="Password"
          type="password"
          value=""
        />
        <input
          class="Input-sc-19txxuq-0 bdmbaI"
          name="passwordConfirmation"
          placeholder="Password confirmation"
          type="password"
          value=""
        />
        <button
          class="styled__StyledButton-da6kmt-0 RMSan StyledButton-t20ntd-0 goZETI"
          color="primary"
          title="Register"
          width="100%"
        >
          Register
        </button>
        <a
          href="/login"
        >
          <button
            class="styled__StyledButton-da6kmt-0 RMSan StyledButton-t20ntd-0 goZETI"
            color="primary"
            title="I already have an account"
            width="100%"
          >
            I already have an account
          </button>
        </a>
        
      </div>
    </div>
  </div>
</div>
`;
