// Jest Snapshot v1, https://goo.gl/fbAQLP

exports[`<FeedbackQuestion /> Should render and match the snapshot 1`] = `
.c0 {
  display: -webkit-box;
  display: -webkit-flex;
  display: -ms-flexbox;
  display: flex;
  -webkit-flex-direction: column;
  -ms-flex-direction: column;
  flex-direction: column;
  width: 100%;
  margin-block: 10px;
  margin-block-start: 10px;
  margin-block-end: 10px;
}

.c2 {
  display: -webkit-box;
  display: -webkit-flex;
  display: -ms-flexbox;
  display: flex;
  -webkit-flex-direction: row;
  -ms-flex-direction: row;
  flex-direction: row;
  height: auto;
}

.c1 {
  width: auto;
  height: auto;
  display: block;
  border-radius: 5px;
  width: 100%;
  color: unset;
}

.c3 {
  width: auto;
  height: auto;
  display: block;
  border-radius: 5px;
  width: 100%;
  padding-block: 14px;
  padding-block-start: 14px;
  padding-block-end: 14px;
  padding-inline: 21px;
  padding-inline-start: 21px;
  padding-inline-end: 21px;
  color: unset;
}

.c7 {
  font-family: DM Sans;
  font-size: 13px;
  line-height: 130%;
  font-size: 15px;
  color: #2F3850;
}

.c6 {
  display: -webkit-box;
  display: -webkit-flex;
  display: -ms-flexbox;
  display: flex;
  -webkit-box-pack: center;
  -webkit-justify-content: center;
  -ms-flex-pack: center;
  justify-content: center;
  -webkit-align-items: center;
  -webkit-box-align: center;
  -ms-flex-align: center;
  align-items: center;
  width: 50px;
  height: 25px;
  border: none;
  color: #B727EA;
  font-weight: 600;
}

.c5 {
  position: absolute;
  bottom: 50%;
  left: 50%;
  -webkit-transform: translateX(-50%) translateY(-50%);
  -ms-transform: translateX(-50%) translateY(-50%);
  transform: translateX(-50%) translateY(-50%);
}

.c4 .rc-slider-step .rc-slider-dot:not(:first-child):not(:last-child) {
  visibility: hidden;
}

.c4.rc-slider-disabled {
  background-color: transparent;
}

.c4 .rc-slider-mark-text {
  word-break: normal;
  word-wrap: break-word;
  width: -webkit-max-content;
  width: -moz-max-content;
  width: max-content;
}

.c4.wrap-text .rc-slider-mark-text {
  max-width: 70px;
}

@media only screen and (min-width:768px) {

}

@media only screen and (min-width:960px) {

}

@media only screen and (min-width:1170px) {

}

@media only screen and (min-width:1360px) {

}

<div>
  <div
    class="c0"
  >
    <div
      class="c1"
      width="100%"
    >
      <div
        class="c2"
      >
        <div
          class="c3"
          width="100%"
        >
          <div
            class="rc-slider rc-slider-with-marks rc-slider-disabled c4"
          >
            <div
              class="rc-slider-rail"
              style="background-color: rgba(47, 56, 80, 0.2);"
            />
            <div
              class="rc-slider-track"
              style="background-color: rgb(183, 39, 234); left: 0%; right: auto; width: 10%;"
            />
            <div
              class="rc-slider-step"
            >
              <span
                class="rc-slider-dot rc-slider-dot-active"
                style="left: 0%;"
              />
              <span
                class="rc-slider-dot rc-slider-dot-active"
                style="left: 5%;"
              />
              <span
                class="rc-slider-dot"
                style="left: 55.00000000000001%;"
              />
              <span
                class="rc-slider-dot"
                style="left: 100%;"
              />
            </div>
            <div
              aria-disabled="true"
              aria-labelledby="question-title question-subtitle"
              aria-valuemax="100"
              aria-valuemin="0"
              aria-valuenow="10"
              class="rc-slider-handle"
              dragging="false"
              index="0"
              role="slider"
              style="border-color: rgb(183, 39, 234); box-shadow: none; border-width: 3px; left: 10%; right: auto; transform: translateX(-50%);"
            >
              <div
                class="c5"
              >
                <div
                  class="c6"
                >
                  <p
                    class="c7"
                    font-size="15px"
                  >
                    You
                  </p>
                </div>
              </div>
            </div>
            <div
              class="rc-slider-mark"
            >
              <span
                class="rc-slider-mark-text rc-slider-mark-text-active"
                style="transform: translateX(-50%); left: 0%; font-size: 15px; width: fit-content;"
              >
                0
              </span>
              <span
                class="rc-slider-mark-text rc-slider-mark-text-active"
                style="transform: translateX(-50%); left: 5%; font-size: 15px; width: fit-content; font-weight: 700; color: rgb(47, 56, 80);"
              >
                10
              </span>
              <span
                class="rc-slider-mark-text"
                style="transform: translateX(-50%); left: 55.00000000000001%; font-size: 15px; width: fit-content; font-weight: 700; color: rgb(47, 56, 80);"
              >
                90
              </span>
              <span
                class="rc-slider-mark-text"
                style="transform: translateX(-50%); left: 100%; font-size: 15px; width: fit-content;"
              >
                100
              </span>
            </div>
          </div>
        </div>
      </div>
    </div>
  </div>
</div>
`;
