// Jest Snapshot v1, https://goo.gl/fbAQLP

exports[`<GridQuestion /> Should render and match the snapshot 1`] = `
<div>
  <div
    class="Box-sc-1vhutan-0 jtfWfT"
    width="100%"
  >
    <div
      class="Box-sc-1vhutan-0 jOzpnJ"
      height="100%"
      width="100%"
    >
      <div
        class="Box-sc-1vhutan-0 bkzVBq"
        height="inherit"
        overflow="scroll"
      >
        <table
          class="Table-sc-1y0iqmn-0 dCDWhF"
        >
          <thead
            class="THead-sc-8drp5d-0"
          >
            <tr
              class="TR-sc-1omngt7-0 StripedTR-sc-1wcdkgr-0 iNrQaF eosQBW"
              color="#E2EEF1"
            >
              <th
                class="TH-sc-1w7ae0i-0 styled__FirstTH-bqo6sz-7 eqAwGb uqDUt"
                scope="col"
                style="position: sticky; left: 0px;"
                width="120px"
              />
              <th
                class="TH-sc-1w7ae0i-0 eqAwGb"
                scope="col"
                width="120px"
              >
                <div
                  class="Column-sc-4zswzq-0 ekpwZH"
                >
                  test
                </div>
              </th>
              <th
                class="TH-sc-1w7ae0i-0 eqAwGb"
                scope="col"
                width="120px"
              >
                <div
                  class="Column-sc-4zswzq-0 ekpwZH"
                >
                  test
                </div>
              </th>
            </tr>
          </thead>
          <tbody
            class="TBody-gqq9cv-0"
          >
            <tr
              class="TR-sc-1omngt7-0 StripedTR-sc-1wcdkgr-0 iNrQaF eosQBW"
              color="#E2EEF1"
            >
              <th
                class="TH-sc-1w7ae0i-0 styled__FirstTH-bqo6sz-7 eqAwGb uqDUt"
                scope="row"
                style="position: sticky; left: 0px;"
                width="120px"
              >
                <div
                  class="Column-sc-4zswzq-0 hIrqPf"
                  height="inherit"
                  width="max-content"
                >
                  test
                </div>
              </th>
              <td
                class="TD-y7762g-0 gxeveZ"
              >
                <div
                  class="Row-y1cs0u-0 iQucgI"
                  width="80"
                >
                  <img
                    src="IMAGE_MOCK"
                  />
                </div>
              </td>
              <td
                class="TD-y7762g-0 gxeveZ"
              >
                <div
                  class="Row-y1cs0u-0 iQucgI"
                  width="80"
                >
                  <img
                    src="IMAGE_MOCK"
                  />
                </div>
              </td>
            </tr>
            <tr
              class="TR-sc-1omngt7-0 StripedTR-sc-1wcdkgr-0 iNrQaF eosQBW"
              color="#E2EEF1"
            >
              <th
                class="TH-sc-1w7ae0i-0 styled__FirstTH-bqo6sz-7 eqAwGb uqDUt"
                scope="row"
                style="position: sticky; left: 0px;"
                width="120px"
              >
                <div
                  class="Column-sc-4zswzq-0 hIrqPf"
                  height="inherit"
                  width="max-content"
                >
                  test
                </div>
              </th>
              <td
                class="TD-y7762g-0 gxeveZ"
              >
                <div
                  class="Row-y1cs0u-0 iQucgI"
                  width="80"
                >
                  <img
                    src="IMAGE_MOCK"
                  />
                </div>
              </td>
              <td
                class="TD-y7762g-0 gxeveZ"
              >
                <div
                  class="Row-y1cs0u-0 iQucgI"
                  width="80"
                >
                  <img
                    src="IMAGE_MOCK"
                  />
                </div>
              </td>
            </tr>
          </tbody>
        </table>
      </div>
    </div>
  </div>
</div>
`;
