// Jest Snapshot v1, https://goo.gl/fbAQLP

exports[`<MultipleQuestion /> Should render and match the snapshot 1`] = `
<div>
  <div
    class="Column-sc-4zswzq-0 ekpwZH"
  >
    <div
      class="Row-y1cs0u-0 eQEaUX"
    >
      <div
        class="Box-sc-1vhutan-0 HoverableBox-zvip6a-0 kmyFFE"
        width="calc(100% + 21px)"
      >
        <div
          class="Row-y1cs0u-0 hqiNOF"
          height="44"
        >
          <img
            class="Img-sc-55j3su-0 iYjftT"
            src="IMAGE_MOCK"
          />
          <div>
            test
          </div>
        </div>
      </div>
    </div>
    <div
      class="Row-y1cs0u-0 eQEaUX"
    >
      <div
        class="Box-sc-1vhutan-0 HoverableBox-zvip6a-0 kmyFFE"
        width="calc(100% + 21px)"
      >
        <div
          class="Row-y1cs0u-0 hqiNOF"
          height="44"
        >
          <img
            class="Img-sc-55j3su-0 iYjftT"
            src="IMAGE_MOCK"
          />
          <div>
            test
          </div>
        </div>
      </div>
    </div>
  </div>
</div>
`;
