// Jest Snapshot v1, https://goo.gl/fbAQLP

exports[`<NumberQuestion /> Should render and match the snapshot 1`] = `
<div>
  <div
    class="Box-sc-1vhutan-0 jrZakc"
    width="100%"
  >
    <div
      class="Row-y1cs0u-0 dskFsL"
    >
      <div
        class="Row-y1cs0u-0 gQFDhs"
        width="100%"
      >
        <div
          class="Column-sc-4zswzq-0 ekpwZH"
        >
          <input
            class="Input-t9j2q5-0 fAxtRS"
            height="50"
            placeholder="ex: 1, 2, 100"
            type="tel"
            value=""
          />
        </div>
      </div>
    </div>
  </div>
</div>
`;
