// Jest Snapshot v1, https://goo.gl/fbAQLP

exports[`<UrlQuestion /> Should render and match the snapshot 1`] = `
.c1 {
  width: auto;
  height: auto;
  display: block;
  border-radius: 5px;
  display: -webkit-box;
  display: -webkit-flex;
  display: -ms-flexbox;
  display: flex;
}

.c2 {
  width: auto;
  height: auto;
  display: block;
  border-radius: 5px;
}

.c3 {
  width: auto;
  height: auto;
  display: block;
  border-radius: 5px;
  width: 100%;
  margin-top: 5px;
  margin-bottom: 5px;
}

.c0 {
  display: -webkit-box;
  display: -webkit-flex;
  display: -ms-flexbox;
  display: flex;
  -webkit-flex-direction: column;
  -ms-flex-direction: column;
  flex-direction: column;
  width: 100%;
  margin-top: 10px;
}

@media only screen and (min-width:768px) {

}

@media only screen and (min-width:960px) {

}

@media only screen and (min-width:1170px) {

}

@media only screen and (min-width:1360px) {

}

<div>
  <div
    class="c0"
  >
    <div
      class="c1"
      display="flex"
    >
      <div
        class="c2"
        data-for="external-url-warning"
        data-tip=""
      >
        <div>
          <div
            class="c3"
            width="100%"
          />
        </div>
      </div>
    </div>
  </div>
</div>
`;
