// Jest Snapshot v1, https://goo.gl/fbAQLP

exports[`<UrlQuestion /> Should render and match the snapshot 1`] = `
<div>
  <div
    class="Column-sc-4zswzq-0 fgvXEf"
  >
    <div
      class="Box-sc-1vhutan-0 dyNKoD"
      width="100%"
    />
    <h3
      class="H3-twxrn4-0 cksTtw"
      color="#D2371D"
    >
      Please verify the validity of the External Link.
    </h3>
  </div>
</div>
`;
