// Jest Snapshot v1, https://goo.gl/fbAQLP

exports[`<UrlQuestion /> Should render and match the snapshot 1`] = `
<div>
  <div
    class="Column-sc-4zswzq-0 fgvXEf"
  >
    <div
      class="Box-sc-1vhutan-0 qxAio"
      display="flex"
    >
      <div
        class="Box-sc-1vhutan-0 dvfkZg"
        data-for="external-url-warning"
        data-tip=""
      >
        <div>
          <div
            class="Box-sc-1vhutan-0 dyNKoD"
            width="100%"
          />
        </div>
      </div>
    </div>
  </div>
</div>
`;
