// Jest Snapshot v1, https://goo.gl/fbAQLP

exports[`<AnswerSessionPage /> Should render and match the snapshot 1`] = `
.c10 {
  width: auto;
  height: auto;
  display: block;
  border-radius: 5px;
  cursor: pointer;
}

.c26 {
  width: auto;
  height: auto;
  display: block;
  border-radius: 5px;
  overflow: auto;
}

.c31 {
  width: auto;
  height: auto;
  display: block;
  border-radius: 5px;
  width: -webkit-max-content;
  width: -moz-max-content;
  width: max-content;
  z-index: 1;
  padding: 8px;
  background-color: rgba(255,255,255,1);
  border-radius: 10px;
  box-shadow: 0px 0px 50px rgba(0,0,0,0.08);
  border-radius: 10px;
}

.c51 {
  width: auto;
  height: auto;
  display: block;
  border-radius: 5px;
  -webkit-box-flex: 1;
  -webkit-flex-grow: 1;
  -ms-flex-positive: 1;
  flex-grow: 1;
}

.c42 {
  margin: 0;
  font-family: DM Sans;
  font-size: 25px;
  line-height: 130%;
  color: #2F3850;
}

.c2 {
  display: -webkit-box;
  display: -webkit-flex;
  display: -ms-flexbox;
  display: flex;
  -webkit-flex-direction: row;
  -ms-flex-direction: row;
  flex-direction: row;
  height: auto;
  -webkit-box-pack: start;
  -webkit-justify-content: flex-start;
  -ms-flex-pack: start;
  justify-content: flex-start;
  justify-items: flex-start;
  width: 100%;
}

.c3 {
  display: -webkit-box;
  display: -webkit-flex;
  display: -ms-flexbox;
  display: flex;
  -webkit-flex-direction: row;
  -ms-flex-direction: row;
  flex-direction: row;
  height: auto;
}

.c5 {
  width: auto;
  height: auto;
  max-height: 51px;
  margin-right: 15px;
}

.c6 {
  width: auto;
  height: auto;
  max-width: 200px;
  max-height: 100px;
  margin-left: 10px;
}

.c35 {
  width: auto;
  height: auto;
}

.c16 {
  font-family: DM Sans;
  font-size: 13px;
  line-height: 130%;
  margin-bottom: 8px !important;
  color: #2F3850;
}

.c20 {
  font-family: DM Sans;
  font-size: 13px;
  line-height: 130%;
  font-size: 15px;
  font-weight: 700;
  color: #2F3850;
}

.c23 {
  font-family: DM Sans;
  font-size: 13px;
  line-height: 130%;
  margin-top: 20px;
  color: #2F3850;
  width: 100%;
}

.c36 {
  font-family: DM Sans;
  font-size: 13px;
  line-height: 130%;
  font-weight: 700;
  color: #2F3850;
}

.c37 {
  font-family: DM Sans;
  font-size: 13px;
  line-height: 130%;
  font-weight: 700;
  color: rgba(183,39,234,1);
  color: rgba(183,39,234,1);
}

.c17 {
  margin: 0;
  font-family: DM Sans;
  font-size: 13px;
  line-height: 130%;
  color: #6B707C;
  margin-bottom: 8px !important;
}

.c24 {
  margin: 0;
  font-family: DM Sans;
  font-size: 13px;
  line-height: 130%;
  color: #6B707C;
  padding-top: 20px;
  margin-top: 20px;
  border-top: 1px solid #D5DEEA;
}

.c18 {
  display: -webkit-box;
  display: -webkit-flex;
  display: -ms-flexbox;
  display: flex;
  -webkit-flex-direction: column;
  -ms-flex-direction: column;
  flex-direction: column;
  width: 100%;
  -webkit-box-pack: center;
  -webkit-justify-content: center;
  -ms-flex-pack: center;
  justify-content: center;
  justify-items: center;
  width: 100%;
}

.c22 {
  display: -webkit-box;
  display: -webkit-flex;
  display: -ms-flexbox;
  display: flex;
  -webkit-flex-direction: column;
  -ms-flex-direction: column;
  flex-direction: column;
  width: 100%;
  width: 100%;
  overflow: hidden;
}

.c27 {
  display: -webkit-box;
  display: -webkit-flex;
  display: -ms-flexbox;
  display: flex;
  -webkit-box-pack: center;
  -webkit-justify-content: center;
  -ms-flex-pack: center;
  justify-content: center;
  -webkit-align-items: center;
  -webkit-box-align: center;
  -ms-flex-align: center;
  align-items: center;
  margin: auto;
  width: 30px;
  height: 30px;
}

.c27:after {
  content: ' ';
  display: block;
  width: 20px;
  height: 20px;
  border-radius: 50%;
  border: 6px solid #B727EA;
  border-color: #B727EA transparent #B727EA transparent;
  -webkit-animation: hAjVGa 1.2s linear infinite;
  animation: hAjVGa 1.2s linear infinite;
}

.c25 {
  width: 100%;
  height: 40px;
  border-radius: 5px;
  cursor: pointer;
  border: none;
  outline: none;
  background-color: #FFFFFF;
  color: #B727EA;
  border: 1px solid #B727EA;
  -webkit-transition: background-color 300ms ease,color 300ms ease,border 300ms ease;
  transition: background-color 300ms ease,color 300ms ease,border 300ms ease;
  margin-top: 20px;
  margin-bottom: 20px;
  width: auto;
  padding-right: 10px;
  padding-left: 10px;
}

.c25:hover {
  background-color: #B727EA;
  color: #FFFFFF;
  border: 1px solid transparent;
}

.c33 {
  display: -webkit-box;
  display: -webkit-flex;
  display: -ms-flexbox;
  display: flex;
  -webkit-flex-direction: column;
  -ms-flex-direction: column;
  flex-direction: column;
  -webkit-align-items: flex-start;
  -webkit-box-align: flex-start;
  -ms-flex-align: flex-start;
  align-items: flex-start;
}

.c39 {
  display: -webkit-box;
  display: -webkit-flex;
  display: -ms-flexbox;
  display: flex;
  -webkit-flex-direction: column;
  -ms-flex-direction: column;
  flex-direction: column;
  -webkit-align-items: flex-end;
  -webkit-box-align: flex-end;
  -ms-flex-align: flex-end;
  align-items: flex-end;
}

.c29 {
  height: 100% !important;
  display: -webkit-box;
  display: -webkit-flex;
  display: -ms-flexbox;
  display: flex;
  overflow: clip;
  padding-top: 54px;
  -webkit-flex-direction: column;
  -ms-flex-direction: column;
  flex-direction: column;
}

.c40 {
  height: 28px;
  width: 28px;
  display: -webkit-box;
  display: -webkit-flex;
  display: -ms-flexbox;
  display: flex;
  -webkit-box-pack: center;
  -webkit-justify-content: center;
  -ms-flex-pack: center;
  justify-content: center;
  -webkit-align-items: center;
  -webkit-box-align: center;
  -ms-flex-align: center;
  align-items: center;
  border-radius: 4px;
  background: #E9F1FB;
  margin-right: 35px;
  cursor: pointer;
  border: none;
  outline: none;
  padding: 0;
  margin: 0px;
}

.c48 {
  display: -webkit-box;
  display: -webkit-flex;
  display: -ms-flexbox;
  display: flex;
  -webkit-align-items: center;
  -webkit-box-align: center;
  -ms-flex-align: center;
  align-items: center;
  position: relative;
  display: -webkit-box;
  display: -webkit-flex;
  display: -ms-flexbox;
  display: flex;
  -webkit-align-items: center;
  -webkit-box-align: center;
  -ms-flex-align: center;
  align-items: center;
}

.c50 {
  position: absolute;
  left: 10px;
  top: 10px;
}

.c49 {
  padding: 12px;
  border-style: solid;
  border-width: 1px;
  border-color: #E9F1FB;
  border-radius: 5px;
  padding-right: 30px;
  padding-left: 30px;
  color: #2F3850;
}

.c49:focus {
  box-shadow: none;
  outline: none;
  border-color: #107969;
}

.c49:disabled {
  color: #ABBBD1;
}

.c30 {
  max-width: 960px !important;
}

.c34 {
  border-radius: 50%;
  background-color: #E9F1FB;
  display: -webkit-box;
  display: -webkit-flex;
  display: -ms-flexbox;
  display: flex;
  -webkit-box-pack: center;
  -webkit-justify-content: center;
  -ms-flex-pack: center;
  justify-content: center;
  -webkit-align-items: center;
  -webkit-box-align: center;
  -ms-flex-align: center;
  align-items: center;
  width: 50px;
  height: 50px;
  background-color: rgba(233,241,251,1);
  opacity: 1;
  color: #2F3850;
}

.c9 {
  width: 30px;
  height: 30px;
  font-size: 15px;
  border-radius: 50%;
  background-color: #107969;
  display: -webkit-box;
  display: -webkit-flex;
  display: -ms-flexbox;
  display: flex;
  -webkit-box-pack: center;
  -webkit-justify-content: center;
  -ms-flex-pack: center;
  justify-content: center;
  -webkit-align-items: center;
  -webkit-box-align: center;
  -ms-flex-align: center;
  align-items: center;
  position: relative;
  cursor: pointer;
  width: 30px;
  height: 30px;
  margin-right: 10px;
  color: rgba(255,255,255,1);
}

.c15 {
  -webkit-transition: -webkit-transform 0.4s ease;
  -webkit-transition: transform 0.4s ease;
  transition: transform 0.4s ease;
  -webkit-transform: rotate(180deg);
  -ms-transform: rotate(180deg);
  transform: rotate(180deg);
}

.c13 {
  display: -webkit-box;
  display: -webkit-flex;
  display: -ms-flexbox;
  display: flex;
  -webkit-align-items: center;
  -webkit-box-align: center;
  -ms-flex-align: center;
  align-items: center;
  -webkit-box-pack: center;
  -webkit-justify-content: center;
  -ms-flex-pack: center;
  justify-content: center;
  outline: none;
  border-width: 0;
  background-color: #FFFFFF;
  border-radius: 0 5px 5px 0;
  width: 40px;
  height: 40px;
}

.c12 {
  width: 280px;
  top: 0;
  background-color: white;
  padding: 20px;
  box-shadow: 0px 0px 50px rgba(0,0,0,0.08);
  display: -webkit-box;
  display: -webkit-flex;
  display: -ms-flexbox;
  display: flex;
  -webkit-flex-direction: column;
  -ms-flex-direction: column;
  flex-direction: column;
  -webkit-align-items: flex-start;
  -webkit-box-align: flex-start;
  -ms-flex-align: flex-start;
  align-items: flex-start;
  z-index: 10;
  margin-top: 70px;
  height: calc(100vh - 70px);
  -webkit-transition: left 0.4s ease;
  transition: left 0.4s ease;
}

.c19 {
  display: -webkit-box;
  display: -webkit-flex;
  display: -ms-flexbox;
  display: flex;
  -webkit-text-decoration: none;
  text-decoration: none;
  padding: 8px;
  width: -webkit-max-content;
  width: -moz-max-content;
  width: max-content;
  background-color: #B727EA14;
  border-radius: 5px;
}

.c19 * {
  color: #B727EA;
}

.c21 {
  display: -webkit-box;
  display: -webkit-flex;
  display: -ms-flexbox;
  display: flex;
  -webkit-text-decoration: none;
  text-decoration: none;
  padding: 8px;
  width: -webkit-max-content;
  width: -moz-max-content;
  width: max-content;
}

.c14 {
  position: absolute;
  top: 16px;
  right: -40px;
  box-shadow: 20px 0 20px rgba(0,0,0,0.08);
}

.c1 {
  position: fixed;
  width: 100%;
  top: 0;
  background-color: white;
  padding: 20px;
  box-shadow: 0px 4px 10px rgba(227,238,251,0.8);
  display: -webkit-box;
  display: -webkit-flex;
  display: -ms-flexbox;
  display: flex;
  -webkit-align-items: center;
  -webkit-box-align: center;
  -ms-flex-align: center;
  align-items: center;
  z-index: 10;
  height: 70px;
}

.c1 .user-name-info {
  white-space: nowrap;
}

.c7 {
  margin-left: auto;
  margin-right: 0;
  display: -webkit-box;
  display: -webkit-flex;
  display: -ms-flexbox;
  display: flex;
  -webkit-align-items: center;
  -webkit-box-align: center;
  -ms-flex-align: center;
  align-items: center;
}

.c8 {
  position: relative;
}

.c0 {
  padding: 0 !important;
  margin: 0 !important;
}

.c28 {
  position: relative;
  margin-top: 70px;
  height: calc(100vh - 70px) !important;
  width: calc(100vw - 280px);
  overflow: auto;
}

.c11 {
  overflow: hidden;
}

.c41 {
  padding: 0 !important;
  margin-top: 10px;
  width: 100%;
}

.c43 {
  border: none;
  width: -webkit-max-content;
  width: -moz-max-content;
  width: max-content;
  display: -webkit-box;
  display: -webkit-flex;
  display: -ms-flexbox;
  display: flex;
  padding: 5px 10px;
  font-size: 14px;
  font-weight: bold;
  line-height: 16px;
  border-radius: 5px;
  background: #107969;
  color: #FFFFFF;
  box-shadow: 0px 4px 20px #E3EEFB;
  -webkit-transition: 0.3s;
  transition: 0.3s;
}

.c43:hover {
  cursor: pointer;
}

.c43:focus {
  outline: none;
  outline-offset: 0px;
}

.c45 {
  border: none;
  width: -webkit-max-content;
  width: -moz-max-content;
  width: max-content;
  display: -webkit-box;
  display: -webkit-flex;
  display: -ms-flexbox;
  display: flex;
  padding: 5px 10px;
  font-size: 14px;
  font-weight: bold;
  line-height: 16px;
  border-radius: 5px;
  background: #8CBD00;
  color: #FFFFFF;
  box-shadow: 0px 4px 20px #E3EEFB;
  -webkit-transition: 0.3s;
  transition: 0.3s;
}

.c45:hover {
  cursor: pointer;
}

.c45:focus {
  outline: none;
  outline-offset: 0px;
}

.c46 {
  border: none;
  width: -webkit-max-content;
  width: -moz-max-content;
  width: max-content;
  display: -webkit-box;
  display: -webkit-flex;
  display: -ms-flexbox;
  display: flex;
  padding: 5px 10px;
  font-size: 14px;
  font-weight: bold;
  line-height: 16px;
  border-radius: 5px;
  background: #F0684A;
  color: #FFFFFF;
  box-shadow: 0px 4px 20px #E3EEFB;
  -webkit-transition: 0.3s;
  transition: 0.3s;
}

.c46:hover {
  cursor: pointer;
}

.c46:focus {
  outline: none;
  outline-offset: 0px;
}

.c47 {
  border: none;
  width: -webkit-max-content;
  width: -moz-max-content;
  width: max-content;
  display: -webkit-box;
  display: -webkit-flex;
  display: -ms-flexbox;
  display: flex;
  padding: 5px 10px;
  font-size: 14px;
  font-weight: bold;
  line-height: 16px;
  border-radius: 5px;
  background: #BDC7D6;
  box-shadow: 0px 4px 20px #E3EEFB;
  -webkit-transition: 0.3s;
  transition: 0.3s;
}

.c47:hover {
  cursor: pointer;
}

.c47:focus {
  outline: none;
  outline-offset: 0px;
}

.c44 {
  color: #FFFFFF;
  white-space: pre;
}

.c38 {
  color: #B727EA;
}

.c32 {
  position: absolute;
  right: 16px;
  top: 16px;
}

@media only screen and (min-width:768px) {

}

@media only screen and (min-width:960px) {

}

@media only screen and (min-width:1170px) {

}

@media only screen and (min-width:1360px) {

}

@media only screen and (min-width:768px) {

}

@media only screen and (min-width:960px) {

}

@media only screen and (min-width:1170px) {

}

@media only screen and (min-width:1360px) {

}

@media only screen and (max-width:1280px) {
  .c12 {
    position: fixed;
    left: calc(0px - 280px);
  }
}

@media only screen and (min-width:1400px) {
  .c14 {
    display: none;
  }
}

@media (max-width:767px) {
  .c1 .user-name-info {
    display: none;
  }
}

@media (max-width:575px) {
  .c4 {
    -webkit-box-pack: start;
    -webkit-justify-content: start;
    -ms-flex-pack: start;
    justify-content: start;
  }

  .c4 img {
    width: 70%;
    margin: 0;
  }
}

@media only screen and (max-width:1280px) {
  .c28 {
    width: 100vw;
  }
}

<div>
  <div
    id="tooltip-portal"
  />
  <div
    id="modal-portal"
  />
  <div
    class="c0"
    style="box-sizing: border-box; position: relative; margin-left: auto; margin-right: auto; padding-left: 15px; padding-right: 15px;"
  >
    <div
      style="margin-left: 0px; margin-right: 0px; display: flex; flex-wrap: wrap; flex-grow: 0; flex-shrink: 0; align-items: normal; justify-content: flex-start;"
    >
      <div
        class="c1"
      >
        <div
          class="c2"
          width="100%"
        >
          <div
            class="c3 c4"
          >
            <a
              href="/"
            >
              <img
                alt="CIAS Application Logo"
                class="c5"
                src="IMAGE_MOCK"
              />
            </a>
            <img
              alt="Michigan State University Logo"
              class="c6"
              src="IMAGE_MOCK"
            />
          </div>
        </div>
        <div
          class="c7"
        >
          <div
            class="c8"
          >
            <div
              class="c9"
              color="#FFFFFF"
              data-private="true"
              height="30"
              width="30"
            >
              <div>
                FL
              </div>
            </div>
            <div />
          </div>
          <div
            class="c10 user-name-info"
            data-private="true"
          >
            first-name last-name
          </div>
        </div>
      </div>
    </div>
    <div
      class="c11"
      style="margin-left: 0px; margin-right: 0px; display: flex; flex-wrap: wrap; flex-grow: 0; flex-shrink: 0; align-items: normal; justify-content: flex-start;"
    >
      <div
        style="box-sizing: border-box; min-height: 1px; position: relative; padding-left: 0px; padding-right: 0px; max-width: 100%; margin-left: 0%;"
      >
        <div
          class="c12"
        >
          <button
            aria-label="Hover to show sidebar"
            class="c13 c14"
            title="Hover to show sidebar"
          >
            <img
              alt="Show sidebar icon"
              class="c15"
              src="IMAGE_MOCK"
            />
          </button>
          <p
            class="c16 c17"
          >
            CIAS Panel
          </p>
          <div
            class="c18"
            width="100%"
          >
            <a
              class="c19"
              href="/"
            >
              <img
                src="IMAGE_MOCK"
              />
              <p
                class="c20"
                font-size="15"
                font-weight="bold"
              >
                Interventions
              </p>
            </a>
            <a
              class="c21"
              href="/users"
            >
              <img
                src="IMAGE_MOCK"
              />
              <p
                class="c20"
                font-size="15"
                font-weight="bold"
              >
                Manage accounts
              </p>
            </a>
            <a
              class="c21"
              href="/teams"
            >
              <img
                src="IMAGE_MOCK"
              />
              <p
                class="c20"
                font-size="15"
                font-weight="bold"
              >
                Manage teams
              </p>
            </a>
          </div>
          <div
            class="c22"
            overflow="hidden"
            width="100%"
          >
            <p
              class="c23 c24"
              width="100%"
            >
              Reporting panel
            </p>
            <button
              class="c25"
              color="secondary"
              radius="5px"
              width="auto"
            >
              + Add Organization
            </button>
            <div
              class="c26"
              overflow="auto"
            >
              <div
                class="c27"
                color="#B727EA"
                size="30"
                width="6"
              />
            </div>
          </div>
        </div>
      </div>
      <div
        style="box-sizing: border-box; min-height: 1px; position: relative; padding-left: 0px; padding-right: 0px; width: 100%; flex-basis: 0px; flex-grow: 1; flex-shrink: 0; max-width: 100%; margin-left: 0%;"
      >
        <div
          class="c28"
          id="main-app-container"
        >
          <div
            class="c29 c30"
            direction="column"
            display="flex"
            height="100% !important"
            overflow="clip"
            pt="54"
            style="box-sizing: border-box; position: relative; margin-left: auto; margin-right: auto; padding-left: 15px; padding-right: 15px; max-width: 960px;"
          >
            <div
              class="c31 c32"
              width="max-content"
            >
              <div
                style="display: flex; flex-wrap: wrap; flex-grow: 0; flex-shrink: 0; align-items: normal; justify-content: flex-start; margin: 0px;"
              >
                <div
                  align="flex-start"
                  class="c33"
                  style="box-sizing: border-box; min-height: 1px; position: relative; width: 100%; flex-basis: 0px; flex-grow: 1; flex-shrink: 0; max-width: 100%; margin-left: 0%; padding: 8px;"
                >
                  <div
                    style="margin-left: -15px; margin-right: -15px; display: flex; flex-wrap: wrap; flex-grow: 0; flex-shrink: 0; align-items: center; justify-content: flex-start;"
                  >
                    <div
                      align="flex-start"
                      class="c33"
                      style="box-sizing: border-box; min-height: 1px; position: relative; padding-left: 15px; padding-right: 15px; width: 25%; flex-basis: 25%; flex-grow: 0; flex-shrink: 0; max-width: 25%; margin-left: 0%;"
                    >
                      <div
                        class="c34"
                        opacity="1"
                      >
                        <img
                          class="c35"
                          role="presentation"
                          src="IMAGE_MOCK"
                        />
                      </div>
                    </div>
                    <div
                      align="flex-start"
                      class="c33"
                      style="box-sizing: border-box; min-height: 1px; position: relative; padding-left: 15px; padding-right: 15px; width: 75%; flex-basis: 75%; flex-grow: 0; flex-shrink: 0; max-width: 75%; margin-left: 0%;"
                    >
                      <p
                        class="c36"
                        font-weight="bold"
                      >
                        Something went wrong? Have a new idea?
                      </p>
                      <p
                        class="c37"
                        color="#B727EA"
                        font-weight="bold"
                      >
                        <a
                          class="c38"
                          href="https://msu.co1.qualtrics.com/jfe/form/SV_6S9MV7pPpoqFwTY"
                          target="_blank"
                        >
                          Share your thoughts here!
                        </a>
                      </p>
                    </div>
                  </div>
                </div>
                <div
                  align="end"
                  class="c39"
                  style="box-sizing: border-box; min-height: 1px; position: relative; width: auto; flex-basis: auto; flex-grow: 0; flex-shrink: 0; max-width: 100%; margin-left: 0%; padding: 0px;"
                >
                  <button
                    aria-label="Close"
                    class="c40"
                    title="Close"
                  >
                    <img
                      alt="cross"
                      src="IMAGE_MOCK"
                    />
                  </button>
                </div>
              </div>
            </div>
            <div
              class="c41"
              style="box-sizing: border-box; position: relative; margin-left: auto; margin-right: auto; padding-left: 15px; padding-right: 15px;"
            >
              <h1
                class="c42"
              >
                My Dashboard
              </h1>
              <span
                style="display: table; clear: both;"
              />
            </div>
            <div
              class="c41"
              style="box-sizing: border-box; position: relative; margin-left: auto; margin-right: auto; padding-left: 15px; padding-right: 15px;"
            >
              <div
                style="margin-left: -15px; margin-right: -15px; display: flex; flex-wrap: wrap; flex-grow: 0; flex-shrink: 0; align-items: normal; justify-content: flex-start;"
              >
                <div
                  style="box-sizing: border-box; min-height: 1px; position: relative; padding-left: 15px; padding-right: 15px; width: 50%; flex-basis: 50%; flex-grow: 0; flex-shrink: 0; max-width: 50%; margin-left: 0%; margin-top: 10px; margin-bottom: 10px;"
                >
                  <div
                    my="35"
                    style="margin-left: -15px; margin-right: -15px; display: flex; flex-wrap: wrap; flex-grow: 0; flex-shrink: 0; align-items: center; justify-content: flex-start;"
                  >
                    <div
                      style="box-sizing: border-box; min-height: 1px; position: relative; padding-left: 15px; padding-right: 15px; width: auto; flex-basis: auto; flex-grow: 0; flex-shrink: 0; max-width: 100%; margin-left: 0%; margin-top: 5px; margin-bottom: 5px;"
                    >
                      <button
                        class="c43"
                        color="#107969"
                        value="draft"
                      >
                        <p
                          class="c44"
                          color="#FFFFFF"
                        >
                          Draft
                        </p>
                      </button>
                    </div>
                    <div
                      style="box-sizing: border-box; min-height: 1px; position: relative; padding-left: 15px; padding-right: 15px; width: auto; flex-basis: auto; flex-grow: 0; flex-shrink: 0; max-width: 100%; margin-left: 0%; margin-top: 5px; margin-bottom: 5px;"
                    >
                      <button
                        class="c45"
                        color="#8CBD00"
                        value="published"
                      >
                        <p
                          class="c44"
                          color="#FFFFFF"
                        >
                          Published
                        </p>
                      </button>
                    </div>
                    <div
                      style="box-sizing: border-box; min-height: 1px; position: relative; padding-left: 15px; padding-right: 15px; width: auto; flex-basis: auto; flex-grow: 0; flex-shrink: 0; max-width: 100%; margin-left: 0%; margin-top: 5px; margin-bottom: 5px;"
                    >
                      <button
                        class="c46"
                        color="#F0684A"
                        value="closed"
                      >
                        <p
                          class="c44"
                          color="#FFFFFF"
                        >
                          Closed
                        </p>
                      </button>
                    </div>
                    <div
                      style="box-sizing: border-box; min-height: 1px; position: relative; padding-left: 15px; padding-right: 15px; width: auto; flex-basis: auto; flex-grow: 0; flex-shrink: 0; max-width: 100%; margin-left: 0%; margin-top: 5px; margin-bottom: 5px;"
                    >
                      <button
                        class="c47"
                        color="#0E0E0E"
                        value="archived"
                      >
                        <p
                          class="c44"
                          color="#FFFFFF"
                        >
                          Archived
                        </p>
                      </button>
                    </div>
                  </div>
                </div>
                <div
                  style="box-sizing: border-box; min-height: 1px; position: relative; padding-left: 15px; padding-right: 15px; width: 50%; flex-basis: 50%; flex-grow: 0; flex-shrink: 0; max-width: 50%; margin-left: 0%; margin-top: 10px; margin-bottom: 10px;"
                >
                  <div
                    style="margin-left: -15px; margin-right: -15px; display: flex; flex-wrap: wrap; flex-grow: 0; flex-shrink: 0; align-items: center; justify-content: flex-start;"
                  >
                    <div
                      style="box-sizing: border-box; min-height: 1px; position: relative; padding-left: 15px; padding-right: 15px; width: 100%; flex-basis: 0px; flex-grow: 1; flex-shrink: 0; max-width: 100%; margin-left: 0%;"
                    >
                      <div
                        class="c48"
                      >
                        <input
                          aria-label="Filter Interventions by name"
                          class="c49"
                          placeholder="Filter by name"
                          type="text"
                        />
                        <img
                          alt="search"
                          class="c50"
                          src="IMAGE_MOCK"
                        />
                        
                      </div>
                    </div>
                  </div>
                </div>
              </div>
              <span
                style="display: table; clear: both;"
              />
            </div>
            <div
              class="c51"
            >
              <div
                class="virtual-grid-auto-sizer"
                style="overflow: visible; height: 0px; width: 0px;"
              />
              <div
                class="resize-triggers"
              >
                <div
                  class="expand-trigger"
                >
                  <div
                    style="width: 1px; height: 1px;"
                  />
                </div>
                <div
                  class="contract-trigger"
                />
              </div>
            </div>
            <span
              style="display: table; clear: both;"
            />
          </div>
        </div>
      </div>
    </div>
    <span
      style="display: table; clear: both;"
    />
  </div>
</div>
`;
