// Jest Snapshot v1, https://goo.gl/fbAQLP

exports[`<App /> should render and match the snapshot 1`] = `
<React.Fragment>
  <Switch>
    <Memo(ConnectFunction)
      component={[Function]}
      exact={true}
      path="/"
      protectedRoute={true}
    />
    <Memo(ConnectFunction)
      component={[Function]}
      exact={true}
      path="/login"
    />
    <Memo(ConnectFunction)
      component={[Function]}
      exact={true}
      path="/register"
    />
    <Memo(ConnectFunction)
      component={[Function]}
      exact={true}
      path="/interventions/:id/edit"
      protectedRoute={true}
    />
    <Memo(ConnectFunction)
      component={
        Object {
          "$$typeof": Symbol(react.memo),
          "WrappedComponent": [Function],
          "compare": null,
          "displayName": "Connect(CreateInterventionPage)",
          "type": [Function],
        }
      }
      exact={true}
      path="/interventions/create"
      protectedRoute={true}
    />
    <Memo(ConnectFunction)
      component={[Function]}
    />
  </Switch>
  <GlobalStyleComponent />
</React.Fragment>
`;
