// Jest Snapshot v1, https://goo.gl/fbAQLP

exports[`<AnswerSessionPage /> Should render and match the snapshot 1`] = `
.c12 {
  width: auto;
  height: auto;
  display: block;
  border-radius: 5px;
  position: relative;
  color: unset;
}

.c16 {
  width: auto;
  height: auto;
  display: block;
  border-radius: 5px;
  margin-inline-start: 10px;
  cursor: pointer;
  color: unset;
  cursor: pointer;
}

.c32 {
  width: auto;
  height: auto;
  display: block;
  border-radius: 5px;
  overflow: auto;
  color: unset;
}

.c40 {
  width: auto;
  height: auto;
  display: block;
  border-radius: 5px;
  display: -webkit-box;
  display: -webkit-flex;
  display: -ms-flexbox;
  display: flex;
  color: unset;
}

.c41 {
  width: auto;
  height: auto;
  display: block;
  border-radius: 5px;
  color: unset;
}

.c46 {
  width: auto;
  height: auto;
  display: block;
  border-radius: 5px;
  -webkit-box-flex: 1;
  -webkit-flex-grow: 1;
  -ms-flex-positive: 1;
  flex-grow: 1;
  color: unset;
}

.c39 {
  margin: 0;
  font-family: DM Sans;
  font-size: 25px;
  line-height: 130%;
  color: #2F3850;
}

.c3 {
  display: -webkit-box;
  display: -webkit-flex;
  display: -ms-flexbox;
  display: flex;
  -webkit-flex-direction: row;
  -ms-flex-direction: row;
  flex-direction: row;
  height: auto;
  -webkit-box-pack: justify;
  -webkit-justify-content: space-between;
  -ms-flex-pack: justify;
  justify-content: space-between;
  justify-items: space-between;
  -webkit-align-content: center;
  -ms-flex-line-pack: center;
  align-content: center;
  -webkit-align-items: center;
  -webkit-box-align: center;
  -ms-flex-align: center;
  align-items: center;
  gap: 16px;
  width: 100%;
}

.c4 {
  display: -webkit-box;
  display: -webkit-flex;
  display: -ms-flexbox;
  display: flex;
  -webkit-flex-direction: row;
  -ms-flex-direction: row;
  flex-direction: row;
  height: auto;
}

.c38 {
  display: -webkit-box;
  display: -webkit-flex;
  display: -ms-flexbox;
  display: flex;
  -webkit-flex-direction: row;
  -ms-flex-direction: row;
  flex-direction: row;
  height: auto;
  -webkit-align-content: center;
  -ms-flex-line-pack: center;
  align-content: center;
  -webkit-align-items: center;
  -webkit-box-align: center;
  -ms-flex-align: center;
  align-items: center;
  gap: 8px;
}

.c6 {
  width: auto;
  height: auto;
  width: 100%;
  max-height: 51px;
}

.c8 {
  width: auto;
  height: auto;
  width: 100%;
  max-width: 200px;
  max-height: 100px;
}

.c22 {
  font-family: DM Sans;
  font-size: 13px;
  line-height: 130%;
  margin-bottom: 8px !important;
  color: #2F3850;
}

.c26 {
  font-family: DM Sans;
  font-size: 13px;
  line-height: 130%;
  font-size: 15px;
  font-weight: 700;
  color: #2F3850;
}

.c29 {
  font-family: DM Sans;
  font-size: 13px;
  line-height: 130%;
  margin-top: 20px;
  color: #2F3850;
  width: 100%;
}

.c23 {
  margin: 0;
  font-family: DM Sans;
  font-size: 13px;
  line-height: 130%;
  color: #6B707C;
  margin-bottom: 8px !important;
}

.c30 {
  margin: 0;
  font-family: DM Sans;
  font-size: 13px;
  line-height: 130%;
  color: #6B707C;
  padding-top: 20px;
  margin-top: 20px;
  border-top: 1px solid #D5DEEA;
}

.c33 {
  display: -webkit-box;
  display: -webkit-flex;
  display: -ms-flexbox;
  display: flex;
  -webkit-box-pack: center;
  -webkit-justify-content: center;
  -ms-flex-pack: center;
  justify-content: center;
  -webkit-align-items: center;
  -webkit-box-align: center;
  -ms-flex-align: center;
  align-items: center;
  margin: auto;
  width: 30px;
  height: 30px;
}

.c33:after {
  content: ' ';
  display: block;
  width: 20px;
  height: 20px;
  border-radius: 50%;
  border: 6px solid #B727EA;
  border-color: #B727EA transparent #B727EA transparent;
  -webkit-animation: hAjVGa 1.2s linear infinite;
  animation: hAjVGa 1.2s linear infinite;
}

.c10 {
  width: 100%;
  height: 40px;
  border-radius: 100px;
  cursor: pointer !important;
  border: none;
  outline: none;
  font-weight: bold;
  background-color: #1079691A;
  color: #107969;
  border: 1px solid transparent;
  -webkit-transition: background-color 300ms ease,color 300ms ease,border 300ms ease;
  transition: background-color 300ms ease,color 300ms ease,border 300ms ease;
  width: auto;
  display: -webkit-box;
  display: -webkit-flex;
  display: -ms-flexbox;
  display: flex;
  padding-right: 20px;
  padding-left: 20px;
  -webkit-align-content: center;
  -ms-flex-line-pack: center;
  align-content: center;
  -webkit-align-items: center;
  -webkit-box-align: center;
  -ms-flex-align: center;
  align-items: center;
  gap: 10px;
}

.c31 {
  width: 100%;
  height: 40px;
  border-radius: 5px;
  cursor: pointer !important;
  border: none;
  outline: none;
  font-weight: bold;
  background-color: #FFFFFF;
  color: #B727EA;
  border: 1px solid #B727EA;
  -webkit-transition: background-color 300ms ease,color 300ms ease,border 300ms ease;
  transition: background-color 300ms ease,color 300ms ease,border 300ms ease;
  margin-top: 20px;
  margin-bottom: 20px;
  width: auto;
  padding-right: 10px;
  padding-left: 10px;
}

.c31:hover {
  background-color: #B727EA;
  color: #FFFFFF;
  border: 1px solid transparent;
}

.c42 {
  width: 100%;
  height: 40px;
  border-radius: 100px;
  cursor: pointer !important;
  border: none;
  outline: none;
  font-weight: bold;
  background-color: #107969;
  color: #FFFFFF;
  border: 1px solid transparent;
  -webkit-transition: background-color 300ms ease,color 300ms ease,border 300ms ease;
  transition: background-color 300ms ease,color 300ms ease,border 300ms ease;
  width: auto;
  padding-top: 10px;
  padding-bottom: 10px;
  padding-right: 16px;
  padding-left: 16px;
}

.c24 {
  display: -webkit-box;
  display: -webkit-flex;
  display: -ms-flexbox;
  display: flex;
  -webkit-flex-direction: column;
  -ms-flex-direction: column;
  flex-direction: column;
  width: 100%;
  -webkit-box-pack: center;
  -webkit-justify-content: center;
  -ms-flex-pack: center;
  justify-content: center;
  justify-items: center;
  width: 100%;
}

.c28 {
  display: -webkit-box;
  display: -webkit-flex;
  display: -ms-flexbox;
  display: flex;
  -webkit-flex-direction: column;
  -ms-flex-direction: column;
  flex-direction: column;
  width: 100%;
  width: 100%;
  overflow: hidden;
}

.c35 {
  height: 100% !important;
  display: -webkit-box;
  display: -webkit-flex;
  display: -ms-flexbox;
  display: flex;
  overflow: clip;
  padding-top: 54px;
  -webkit-flex-direction: column;
  -ms-flex-direction: column;
  flex-direction: column;
}

.c13 {
  height: 28px;
  width: 28px;
  display: -webkit-box;
  display: -webkit-flex;
  display: -ms-flexbox;
  display: flex;
  -webkit-box-pack: center;
  -webkit-justify-content: center;
  -ms-flex-pack: center;
  justify-content: center;
  -webkit-align-items: center;
  -webkit-box-align: center;
  -ms-flex-align: center;
  align-items: center;
  border-radius: 4px;
  background: #E9F1FB;
  margin-right: 35px;
  cursor: pointer;
  border: none;
  outline: none;
  padding: 0;
  background-color: rgba(255,255,255,1);
  width: 24px;
  height: 24px;
  z-index: 11;
  margin-right: 0;
}

.c44 {
  padding: 12px;
  border-style: solid;
  border-width: 1px;
  border-color: #E9F1FB;
  border-radius: 5px;
  width: 100%;
  padding-right: 35px;
  padding-left: 35px;
  color: #2F3850;
}

.c44:focus {
  box-shadow: none;
  outline: none;
  border-color: #107969;
}

.c44:disabled {
  color: #ABBBD1;
}

.c43 {
  display: -webkit-box;
  display: -webkit-flex;
  display: -ms-flexbox;
  display: flex;
  -webkit-align-items: center;
  -webkit-box-align: center;
  -ms-flex-align: center;
  align-items: center;
  position: relative;
}

.c45 {
  position: absolute;
  left: 10px;
  top: 10px;
}

.c36 {
  max-width: 960px !important;
}

.c15 {
  width: 30px;
  height: 30px;
  font-size: 15px;
  border-radius: 50%;
  background-color: #107969;
  display: -webkit-box;
  display: -webkit-flex;
  display: -ms-flexbox;
  display: flex;
  -webkit-box-pack: center;
  -webkit-justify-content: center;
  -ms-flex-pack: center;
  justify-content: center;
  -webkit-align-items: center;
  -webkit-box-align: center;
  -ms-flex-align: center;
  align-items: center;
  position: relative;
  cursor: pointer;
  width: 30px;
  height: 30px;
  color: rgba(255,255,255,1);
}

.c9 {
  -webkit-flex-shrink: 0;
  -ms-flex-negative: 0;
  flex-shrink: 0;
  -webkit-text-decoration: none;
  text-decoration: none;
}

.c21 {
  -webkit-transition: -webkit-transform 0.4s ease;
  -webkit-transition: transform 0.4s ease;
  transition: transform 0.4s ease;
  -webkit-transform: rotate(180deg);
  -ms-transform: rotate(180deg);
  transform: rotate(180deg);
}

.c19 {
  display: -webkit-box;
  display: -webkit-flex;
  display: -ms-flexbox;
  display: flex;
  -webkit-align-items: center;
  -webkit-box-align: center;
  -ms-flex-align: center;
  align-items: center;
  -webkit-box-pack: center;
  -webkit-justify-content: center;
  -ms-flex-pack: center;
  justify-content: center;
  outline: none;
  border-width: 0;
  background-color: #FFFFFF;
  border-radius: 0 5px 5px 0;
  width: 40px;
  height: 40px;
}

.c18 {
  width: 280px;
  top: 0;
  background-color: white;
  padding: 20px;
  box-shadow: 0px 0px 50px rgba(0,0,0,0.08);
  display: -webkit-box;
  display: -webkit-flex;
  display: -ms-flexbox;
  display: flex;
  -webkit-flex-direction: column;
  -ms-flex-direction: column;
  flex-direction: column;
  -webkit-align-items: flex-start;
  -webkit-box-align: flex-start;
  -ms-flex-align: flex-start;
  align-items: flex-start;
  z-index: 10;
  margin-top: 70px;
  height: calc(100vh - 70px);
  -webkit-transition: left 0.4s ease;
  transition: left 0.4s ease;
}

.c25 {
  display: -webkit-box;
  display: -webkit-flex;
  display: -ms-flexbox;
  display: flex;
  -webkit-text-decoration: none;
  text-decoration: none;
  padding: 8px;
  width: -webkit-max-content;
  width: -moz-max-content;
  width: max-content;
  background-color: #B727EA14;
  border-radius: 5px;
}

.c25 * {
  color: #B727EA;
}

.c27 {
  display: -webkit-box;
  display: -webkit-flex;
  display: -ms-flexbox;
  display: flex;
  -webkit-text-decoration: none;
  text-decoration: none;
  padding: 8px;
  width: -webkit-max-content;
  width: -moz-max-content;
  width: max-content;
}

.c20 {
  position: absolute;
  top: 16px;
  right: -40px;
  box-shadow: 20px 0 20px rgba(0,0,0,0.08);
}

.c1 {
  position: fixed;
  width: 100%;
  top: 0;
  z-index: 10;
}

.c2 {
  background-color: white;
  padding: 20px;
  box-shadow: 0px 4px 10px rgba(227,238,251,0.8);
  display: -webkit-box;
  display: -webkit-flex;
  display: -ms-flexbox;
  display: flex;
  -webkit-align-items: center;
  -webkit-box-align: center;
  -ms-flex-align: center;
  align-items: center;
  height: 70px;
  gap: 24px;
}

.c2 .user-name-info {
  white-space: nowrap;
}

.c11 {
  margin-left: auto;
  margin-right: 0;
  display: -webkit-box;
  display: -webkit-flex;
  display: -ms-flexbox;
  display: flex;
  -webkit-align-items: center;
  -webkit-box-align: center;
  -ms-flex-align: center;
  align-items: center;
  gap: 24px;
  -webkit-flex-shrink: 0;
  -ms-flex-negative: 0;
  flex-shrink: 0;
}

.c14 {
  position: relative;
  display: -webkit-box;
  display: -webkit-flex;
  display: -ms-flexbox;
  display: flex;
  -webkit-align-items: center;
  -webkit-box-align: center;
  -ms-flex-align: center;
  align-items: center;
}

.c5 {
  gap: 16px;
}

.c0 {
  padding: 0 !important;
  margin: 0 !important;
}

.c34 {
  position: relative;
  margin-top: 70px;
  height: calc(100vh - 70px) !important;
  width: calc(100vw - 280px);
  overflow: auto;
}

.c17 {
  overflow: hidden;
  -webkit-flex-wrap: nowrap !important;
  -ms-flex-wrap: nowrap !important;
  flex-wrap: nowrap !important;
}

.c37 {
  padding: 0 !important;
  margin-top: 10px;
  width: 100%;
}

@media only screen and (min-width:768px) {

}

@media only screen and (min-width:960px) {

}

@media only screen and (min-width:1170px) {

}

@media only screen and (min-width:1360px) {

}

@media only screen and (min-width:768px) {

}

@media only screen and (min-width:960px) {

}

@media only screen and (min-width:1170px) {

}

@media only screen and (min-width:1360px) {

}

@media only screen and (max-width:1280px) {
  .c18 {
    position: fixed;
    left: calc(0px - 280px);
  }
}

@media only screen and (min-width:1400px) {
  .c20 {
    display: none;
  }
}

@media (max-width:575px) {
  .c2 {
    gap: 16px;
  }
}

@media (max-width:767px) {
  .c2 .user-name-info {
    display: none;
  }
}

@media (max-width:575px) {
  .c11 {
    gap: 16px;
  }
}

@media only screen and (max-width:480px) {
  .c7 {
    display: none;
  }
}

@media (max-width:575px) {
  .c5 {
    gap: 8px;
    -webkit-box-pack: start;
    -webkit-justify-content: start;
    -ms-flex-pack: start;
    justify-content: start;
  }

  .c5 img {
    width: 70%;
    margin: 0;
  }
}

@media only screen and (max-width:1280px) {
  .c34 {
    width: 100vw;
  }
}

<div>
  <div
    id="modal-portal"
  />
  <div
    id="tooltip-portal"
  />
  <div
    class="c0"
    style="box-sizing: border-box; position: relative; margin-left: auto; margin-right: auto; padding-left: 15px; padding-right: 15px;"
  >
    <div
      style="margin-left: 0px; margin-right: 0px; display: flex; flex-wrap: wrap; flex-grow: 0; flex-shrink: 0; align-items: normal; justify-content: flex-start;"
    >
      <div
        class="c1"
      >
        <div
          class="c2"
        >
          <div
            class="c3"
            width="100%"
          >
            <div
              class="c4 c5"
            >
              <a
                href="/"
              >
                <img
                  alt="CIAS Application Logo"
                  class="c6"
                  src="IMAGE_MOCK"
                  width="100%"
                />
              </a>
              <div
                class="c7"
              >
                <img
                  alt="Michigan State University Logo"
                  class="c8"
                  src="IMAGE_MOCK"
                  width="100%"
                />
              </div>
            </div>
            <a
              class="c9"
              href="https://www.cias.app/resources"
              target="_blank"
            >
              <button
                class="c10"
                color="primary"
                display="flex"
                radius="100px"
                width="auto"
              >
                <img
                  src="IMAGE_MOCK"
                />
                Support
              </button>
            </a>
          </div>
          <div
            class="c11"
          >
            <div
              class="c12"
            >
              <button
                aria-label="Toggle notifications visibility"
                class="c13"
                height="24"
                id="NOTIFICATION_BUTTON_ID"
                title="Toggle notifications visibility"
                width="24"
              >
                <img
                  alt="Toggle notifications visibility"
                  src="IMAGE_MOCK"
                />
              </button>
            </div>
            <div
              class="c14"
            >
              <div />
              <div
                class="c15"
                color="#FFFFFF"
                data-private="true"
                height="30"
                width="30"
              >
                <div>
                  FL
                </div>
              </div>
              <div
                class="c16 user-name-info"
                data-private="true"
              >
                first-name last-name
              </div>
            </div>
          </div>
        </div>
      </div>
    </div>
    <div
      class="c17"
      style="margin-left: 0px; margin-right: 0px; display: flex; flex-wrap: wrap; flex-grow: 0; flex-shrink: 0; align-items: normal; justify-content: flex-start;"
    >
      <div
        style="box-sizing: border-box; min-height: 1px; position: relative; padding-left: 0px; padding-right: 0px; flex-basis: unset; max-width: 100%; margin-left: 0%; right: auto; left: auto;"
      >
        <div
          class="c18"
        >
          <button
            aria-label="Hover to show sidebar"
            class="c19 c20"
            title="Hover to show sidebar"
          >
            <img
              alt="Show sidebar icon"
              class="c21"
              src="IMAGE_MOCK"
            />
          </button>
          <p
            class="c22 c23"
          >
            CIAS Panel
          </p>
          <div
            class="c24"
            width="100%"
          >
            <a
              class="c25"
              href="/"
            >
              <img
                src="IMAGE_MOCK"
              />
              <p
                class="c26"
                font-size="15"
                font-weight="bold"
              >
                Interventions
              </p>
            </a>
            <a
              class="c27"
              href="/users"
            >
              <img
                src="IMAGE_MOCK"
              />
              <p
                class="c26"
                font-size="15"
                font-weight="bold"
              >
                Manage accounts
              </p>
            </a>
            <a
              class="c27"
              href="/teams"
            >
              <img
                src="IMAGE_MOCK"
              />
              <p
                class="c26"
                font-size="15"
                font-weight="bold"
              >
                Manage teams
              </p>
            </a>
          </div>
          <div
            class="c28"
            overflow="hidden"
            width="100%"
          >
            <p
              class="c29 c30"
              width="100%"
            >
              Reporting panel
            </p>
            <button
              class="c31"
              color="secondary"
              radius="5px"
              width="auto"
            >
              + Add Organization
            </button>
            <div
              class="c32"
              overflow="auto"
            >
              <div
                class="c33"
                color="#B727EA"
                size="30"
                width="6"
              />
            </div>
          </div>
        </div>
      </div>
      <div
        style="box-sizing: border-box; min-height: 1px; position: relative; padding-left: 0px; padding-right: 0px; width: 100%; flex-basis: 0px; flex-grow: 1; flex-shrink: 0; max-width: 100%; margin-left: 0%; right: auto; left: auto;"
      >
        <div
          class="c34"
          id="main-app-container"
        >
          <div
            class="c35 c36"
            direction="column"
            display="flex"
            height="100% !important"
            overflow="clip"
            pt="54"
            style="box-sizing: border-box; position: relative; margin-left: auto; margin-right: auto; padding-left: 15px; padding-right: 15px; max-width: 960px;"
          >
            <div
              class="c37"
              style="box-sizing: border-box; position: relative; margin-left: auto; margin-right: auto; padding-left: 15px; padding-right: 15px; display: flex;"
            >
              <div
                class="c38"
              >
                <h1
                  class="c39"
                >
                  My Dashboard
                </h1>
                <div
                  class="c40"
                  display="flex"
                >
                  <div
                    class="c41"
                    data-for="dashboard-cdh"
                    data-tip=""
                  >
                    <img
                      alt="?"
                      src="IMAGE_MOCK"
                    />
                  </div>
                </div>
              </div>
              <span
                style="display: table; clear: both;"
              />
            </div>
            <div
              class="c37"
              style="box-sizing: border-box; position: relative; margin-left: auto; margin-right: auto; padding-left: 15px; padding-right: 15px;"
            >
              <div
                style="margin-left: -15px; margin-right: -15px; display: flex; flex-wrap: wrap; flex-grow: 0; flex-shrink: 0; align-items: center; justify-content: flex-end;"
              >
                <div
                  style="box-sizing: border-box; min-height: 1px; position: relative; padding-left: 15px; padding-right: 15px; width: auto; flex-basis: auto; flex-grow: 0; flex-shrink: 0; max-width: 100%; margin-left: 0%; right: auto; left: auto; margin-top: 10px; margin-bottom: 10px;"
                >
                  <button
                    aria-label="Filters"
                    class="c42"
                    color="primary"
                    radius="100px"
                    width="auto"
                  >
                    <svg
                      color="white"
                      fill="currentColor"
                      height="20"
                      stroke="currentColor"
                      stroke-width="0"
                      style="color: white;"
                      viewBox="0 0 16 16"
                      width="20"
                      xmlns="http://www.w3.org/2000/svg"
                    >
                      <path
                        d="M6 9.5C6.93191 9.5 7.71496 10.1374 7.93699 11H13.5C13.7761 11 14 11.2239 14 11.5C14 11.7455 13.8231 11.9496 13.5899 11.9919L13.5 12L7.93673 12.001C7.71435 12.8631 6.93155 13.5 6 13.5C5.06845 13.5 4.28565 12.8631 4.06327 12.001L2.5 12C2.22386 12 2 11.7761 2 11.5C2 11.2545 2.17688 11.0504 2.41012 11.0081L2.5 11H4.06301C4.28504 10.1374 5.06809 9.5 6 9.5ZM6 10.5C5.44772 10.5 5 10.9477 5 11.5C5 12.0523 5.44772 12.5 6 12.5C6.55228 12.5 7 12.0523 7 11.5C7 10.9477 6.55228 10.5 6 10.5ZM10 2.5C10.9319 2.5 11.715 3.13738 11.937 3.99998L13.5 4C13.7761 4 14 4.22386 14 4.5C14 4.74546 13.8231 4.94961 13.5899 4.99194L13.5 5L11.9367 5.00102C11.7144 5.86312 10.9316 6.5 10 6.5C9.06845 6.5 8.28565 5.86312 8.06327 5.00102L2.5 5C2.22386 5 2 4.77614 2 4.5C2 4.25454 2.17688 4.05039 2.41012 4.00806L2.5 4L8.06301 3.99998C8.28504 3.13738 9.06809 2.5 10 2.5ZM10 3.5C9.44772 3.5 9 3.94772 9 4.5C9 5.05228 9.44772 5.5 10 5.5C10.5523 5.5 11 5.05228 11 4.5C11 3.94772 10.5523 3.5 10 3.5Z"
                      />
                    </svg>
                    Filters
                  </button>
                </div>
                <div
                  style="box-sizing: border-box; min-height: 1px; position: relative; padding-left: 15px; padding-right: 15px; width: 33.333333333333336%; flex-basis: 33.333333333333336%; flex-grow: 0; flex-shrink: 0; max-width: 33.333333333333336%; margin-left: 0%; right: auto; left: auto; margin-top: 10px; margin-bottom: 10px;"
                >
                  <div
                    class="c43"
                  >
                    <input
                      aria-label="Filter Interventions by name"
                      class="c44"
                      dir="auto"
                      placeholder="Filter by name"
                      type="text"
                      width="100%"
                    />
                    <img
                      alt="search"
                      class="c45"
                      src="IMAGE_MOCK"
                    />
                    
                  </div>
                </div>
              </div>
              <span
                style="display: table; clear: both;"
              />
            </div>
            <div
              class="c46"
            >
              <div
                class="virtual-grid-auto-sizer"
                style="overflow: visible; height: 0px; width: 0px;"
              />
              <div
                class="resize-triggers"
              >
                <div
                  class="expand-trigger"
                >
                  <div
                    style="width: 1px; height: 1px;"
                  />
                </div>
                <div
                  class="contract-trigger"
                />
              </div>
            </div>
            <span
              style="display: table; clear: both;"
            />
          </div>
        </div>
      </div>
    </div>
    <span
      style="display: table; clear: both;"
    />
  </div>
</div>
`;
