// Jest Snapshot v1, https://goo.gl/fbAQLP

exports[`<Profile /> Should render and match the snapshot 1`] = `
<div>
  <div
    class="Box-sc-14m3exe-0 dFbJjO"
  >
    <h2
      class="H2-egphza-0 klLMkt"
    >
      <span>
        Profile
      </span>
    </h2>
    <div
      class="Row-x1o3ru-0 kaOItc"
      display="flex"
    >
      <div>
        <div
          class="Row-x1o3ru-0 jeDFgM"
          width="100%"
        >
          <div
            class="styled__AvatarStyled-sc-15n3teb-0 kWwaTf styled__StyledUserAvatar-awa645-1 jwLHtr"
            color="#FFFFFF"
          >
            <div>
              NS
            </div>
          </div>
          <div
            class="Row-x1o3ru-0 gyVgFj"
          >
            <div
              class="Row-x1o3ru-0 styled__StyledButtonsRow-awa645-2 dAhqIQ cyZEUK"
            >
              <div
                class="Box-sc-14m3exe-0 dUWMPL styled__StyledUploadFileButton-awa645-4 blnlBs"
                height="fit-content"
              >
                <input
                  autocomplete="off"
                  style="display: none;"
                  tabindex="-1"
                  type="file"
                />
                <div
                  class="Row-x1o3ru-0 czFUTs"
                >
                  <p
                    class="Text-sc-2lza2m-0 enpkZZ"
                    color="#C866EA"
                    font-size="14"
                    font-weight="bold"
                  >
                    <span>
                      Add profile photo
                    </span>
                  </p>
                </div>
              </div>
            </div>
          </div>
        </div>
      </div>
    </div>
    <div
      class="Row-x1o3ru-0 gqBLrI"
    >
      <div
        class="Row-x1o3ru-0 styled__StyledFullNameRow-awa645-0 fcuGKr haPGft"
        width="100%"
      >
        <div
          class="Column-sc-1n6divy-0 cEBgay"
          data-testid="first-name-input"
        >
          <p
            class="Text-sc-2lza2m-0 drfDFr"
            width="fit-content"
          >
            First Name
          </p>
          <input
            class="Input-sc-19txxuq-0 eQikpS"
            height="46"
            name="firstName"
            placeholder="Enter first name"
            type="text"
            value="Name"
            width="100%"
          />
        </div>
        <div
          class="Column-sc-1n6divy-0 gWZjHC"
        >
          <p
            class="Text-sc-2lza2m-0 drfDFr"
            width="fit-content"
          >
            Last name
          </p>
          <input
            class="Input-sc-19txxuq-0 eQikpS"
            height="46"
            name="lastName"
            placeholder="Enter last name"
            type="text"
            value="Surname"
            width="100%"
          />
        </div>
      </div>
    </div>
    <div
      class="Row-x1o3ru-0 styled__StyledRow-hc8ofk-1 jpQSJf bQGJUd"
      width="100%"
    >
      <div
        class="Box-sc-14m3exe-0 styled__StyledTimezoneBox-hc8ofk-3 hbiMlC bOVXJs"
      >
        <div
          class="Column-sc-1n6divy-0 cFRthN"
        >
          <p
            class="Text-sc-2lza2m-0 drfDFr"
            width="fit-content"
          >
            Time zone
          </p>
          <div
            class="Box-sc-14m3exe-0 fezhVc"
            data-testid="select"
          >
            <div
              class=" css-2b097c-container"
            >
              <div
                class=" css-4iyz22-control"
              >
                <div
                  class=" css-g1d714-ValueContainer"
                >
                  <div
                    class=" css-1uccc91-singleValue"
                  >
                    America/New_York (UTC -05:00)
                  </div>
                  <div
                    class="css-b8ldur-Input"
                  >
                    <div
                      class=""
                      style="display: inline-block;"
                    >
                      <input
                        aria-autocomplete="list"
                        autocapitalize="none"
                        autocomplete="off"
                        autocorrect="off"
                        id="react-select-4-input"
                        spellcheck="false"
                        style="box-sizing: content-box; width: 2px; border: 0px; opacity: 1; outline: 0; padding: 0px;"
                        tabindex="0"
                        type="text"
                        value=""
                      />
                      <div
                        style="position: absolute; top: 0px; left: 0px; visibility: hidden; height: 0px; overflow: scroll; white-space: pre; font-family: -webkit-small-control; letter-spacing: normal; text-transform: none;"
                      />
                    </div>
                  </div>
                </div>
                <div
                  class=" css-1hb7zxy-IndicatorsContainer"
                >
                  <div
                    aria-hidden="true"
                    class=" css-tlfecz-indicatorContainer"
                  >
                    <img
                      class="Img-sc-1kfzr96-0 sgjBb"
                      src="IMAGE_MOCK"
                      transform=""
                    />
                  </div>
                </div>
              </div>
            </div>
          </div>
        </div>
      </div>
    </div>
    <div
      class="Row-x1o3ru-0 styled__StyledRow-hc8ofk-1 jpQSJf bQGJUd"
      width="100%"
    >
      <div
        class="Column-sc-1n6divy-0 SJAYV"
      >
        <div
          class="Row-x1o3ru-0 fcuGKr"
          width="100%"
        >
          <div
            class="Column-sc-1n6divy-0 eTZnrz"
            width="230"
          >
            <p
              class="Text-sc-2lza2m-0 drfDFr"
              width="fit-content"
            >
              Phone number
            </p>
            <div
              class="Box-sc-14m3exe-0 fezhVc"
              data-testid="select"
            >
              <div
                class=" css-2b097c-container"
              >
                <div
                  class=" css-4iyz22-control"
                >
                  <div
                    class=" css-g1d714-ValueContainer"
                  >
                    <div
                      class=" css-1wa3eu0-placeholder"
                    >
                      Code
                    </div>
                    <div
                      class="css-b8ldur-Input"
                    >
                      <div
                        class=""
                        style="display: inline-block;"
                      >
                        <input
                          aria-autocomplete="list"
                          autocapitalize="none"
                          autocomplete="off"
                          autocorrect="off"
                          id="react-select-5-input"
                          spellcheck="false"
                          style="box-sizing: content-box; width: 2px; border: 0px; opacity: 1; outline: 0; padding: 0px;"
                          tabindex="0"
                          type="text"
                          value=""
                        />
                        <div
                          style="position: absolute; top: 0px; left: 0px; visibility: hidden; height: 0px; overflow: scroll; white-space: pre; font-family: -webkit-small-control; letter-spacing: normal; text-transform: none;"
                        />
                      </div>
                    </div>
                  </div>
                  <div
                    class=" css-1hb7zxy-IndicatorsContainer"
                  >
                    <div
                      aria-hidden="true"
                      class=" css-tlfecz-indicatorContainer"
                    >
                      <img
                        class="Img-sc-1kfzr96-0 sgjBb"
                        src="IMAGE_MOCK"
                        transform=""
                      />
                    </div>
                  </div>
                </div>
              </div>
            </div>
          </div>
          <div
            class="Column-sc-1n6divy-0 SJAYV"
            value=""
          >
            <p
              class="Text-sc-2lza2m-0 drfDFr"
              width="fit-content"
            />
            <input
              class="Input-sc-19txxuq-0 eLrXII"
              name="number"
              placeholder="Enter phone number"
              type="tel"
              value=""
              width="100%"
            />
          </div>
        </div>
      </div>
    </div>
    <div
      class="Row-x1o3ru-0 styled__StyledRow-hc8ofk-1 gzbVEz bQGJUd"
      width="100%"
    >
      <div
        class="Column-sc-1n6divy-0 bswLoY"
        width="33%"
      >
        <button
          class="StyledTextButton-sc-17cmh3t-0 styled__TextButton-hc8ofk-2 bVBqrq jlYVDi"
          color="#C866EA"
          font-size="14"
          font-weight="bold"
        >
          <span>
            Reset password
          </span>
        </button>
      </div>
    </div>
  </div>
</div>
`;
