// Jest Snapshot v1, https://goo.gl/fbAQLP

exports[`<Navbar /> Should render and match the snapshot with session path 1`] = `
.c3 {
  width: 30px;
  height: 30px;
  font-size: 15px;
  border-radius: 50%;
  background-color: #107969;
  display: -webkit-box;
  display: -webkit-flex;
  display: -ms-flexbox;
  display: flex;
  -webkit-box-pack: center;
  -webkit-justify-content: center;
  -ms-flex-pack: center;
  justify-content: center;
  -webkit-align-items: center;
  -webkit-box-align: center;
  -ms-flex-align: center;
  align-items: center;
  position: relative;
  cursor: pointer;
  width: 30px;
  height: 30px;
  color: rgba(255,255,255,1);
}

.c4 {
  width: auto;
  height: auto;
  display: block;
  border-radius: 5px;
  cursor: pointer;
  color: unset;
  cursor: pointer;
}

.c0 {
  position: fixed;
  width: 100%;
  top: 0;
  background-color: white;
  padding: 20px;
  box-shadow: 0px 4px 10px rgba(227,238,251,0.8);
  display: -webkit-box;
  display: -webkit-flex;
  display: -ms-flexbox;
  display: flex;
  -webkit-align-items: center;
  -webkit-box-align: center;
  -ms-flex-align: center;
  align-items: center;
  z-index: 10;
  height: 70px;
  gap: 16px;
}

.c0 .user-name-info {
  white-space: nowrap;
}

.c1 {
  margin-left: auto;
  margin-right: 0;
  display: -webkit-box;
  display: -webkit-flex;
  display: -ms-flexbox;
  display: flex;
  -webkit-align-items: center;
  -webkit-box-align: center;
  -ms-flex-align: center;
  align-items: center;
  gap: 32px;
  -webkit-flex-shrink: 0;
  -ms-flex-negative: 0;
  flex-shrink: 0;
}

.c2 {
  position: relative;
  display: -webkit-box;
  display: -webkit-flex;
  display: -ms-flexbox;
  display: flex;
  -webkit-align-items: center;
  -webkit-box-align: center;
  -ms-flex-align: center;
  align-items: center;
  gap: 10px;
}

@media (max-width:575px) {
  .c0 {
    gap: 0;
  }
}

@media (max-width:767px) {
  .c0 .user-name-info {
    display: none;
  }
}

<div
  class="c0"
>
  <div
    class="c1"
  >
    <div
      class="c2"
    >
      <div />
      <div
        class="c3"
        color="#FFFFFF"
        data-private="true"
        height="30"
        width="30"
      >
        <div>
          TT
        </div>
      </div>
      <div
        class="c4 user-name-info"
        data-private="true"
      >
        test test
      </div>
    </div>
  </div>
</div>
`;

exports[`<Navbar /> Should render and match the snapshot withou matching path 1`] = `
.c3 {
  width: 30px;
  height: 30px;
  font-size: 15px;
  border-radius: 50%;
  background-color: #107969;
  display: -webkit-box;
  display: -webkit-flex;
  display: -ms-flexbox;
  display: flex;
  -webkit-box-pack: center;
  -webkit-justify-content: center;
  -ms-flex-pack: center;
  justify-content: center;
  -webkit-align-items: center;
  -webkit-box-align: center;
  -ms-flex-align: center;
  align-items: center;
  position: relative;
  cursor: pointer;
  width: 30px;
  height: 30px;
  color: rgba(255,255,255,1);
}

.c4 {
  width: auto;
  height: auto;
  display: block;
  border-radius: 5px;
  cursor: pointer;
  color: unset;
  cursor: pointer;
}

.c0 {
  position: fixed;
  width: 100%;
  top: 0;
  background-color: white;
  padding: 20px;
  box-shadow: 0px 4px 10px rgba(227,238,251,0.8);
  display: -webkit-box;
  display: -webkit-flex;
  display: -ms-flexbox;
  display: flex;
  -webkit-align-items: center;
  -webkit-box-align: center;
  -ms-flex-align: center;
  align-items: center;
  z-index: 10;
  height: 70px;
  gap: 16px;
}

.c0 .user-name-info {
  white-space: nowrap;
}

.c1 {
  margin-left: auto;
  margin-right: 0;
  display: -webkit-box;
  display: -webkit-flex;
  display: -ms-flexbox;
  display: flex;
  -webkit-align-items: center;
  -webkit-box-align: center;
  -ms-flex-align: center;
  align-items: center;
  gap: 32px;
  -webkit-flex-shrink: 0;
  -ms-flex-negative: 0;
  flex-shrink: 0;
}

.c2 {
  position: relative;
  display: -webkit-box;
  display: -webkit-flex;
  display: -ms-flexbox;
  display: flex;
  -webkit-align-items: center;
  -webkit-box-align: center;
  -ms-flex-align: center;
  align-items: center;
  gap: 10px;
}

@media (max-width:575px) {
  .c0 {
    gap: 0;
  }
}

@media (max-width:767px) {
  .c0 .user-name-info {
    display: none;
  }
}

<div
  class="c0"
>
  <div
    class="c1"
  >
    <div
      class="c2"
    >
      <div />
      <div
        class="c3"
        color="#FFFFFF"
        data-private="true"
        height="30"
        width="30"
      >
        <div>
          TT
        </div>
      </div>
      <div
        class="c4 user-name-info"
        data-private="true"
      >
        test test
      </div>
    </div>
  </div>
</div>
`;
