// Jest Snapshot v1, https://goo.gl/fbAQLP

exports[`<Navbar /> Should render and match the snapshot with session path 1`] = `
.c8 {
  width: 30px;
  height: 30px;
  font-size: 15px;
  border-radius: 50%;
  background-color: #107969;
  display: -webkit-box;
  display: -webkit-flex;
  display: -ms-flexbox;
  display: flex;
  -webkit-box-pack: center;
  -webkit-justify-content: center;
  -ms-flex-pack: center;
  justify-content: center;
  -webkit-align-items: center;
  -webkit-box-align: center;
  -ms-flex-align: center;
  align-items: center;
  position: relative;
  cursor: pointer;
  width: 30px;
  height: 30px;
  color: rgba(255,255,255,1);
}

.c2 {
  width: auto;
  height: auto;
  display: block;
  border-radius: 5px;
  position: relative;
  color: unset;
}

.c4 {
  width: auto;
  height: auto;
  display: block;
  border-radius: 5px;
  position: absolute;
  z-index: 12;
  top: 0;
  right: 0;
  color: unset;
}

.c5 {
  width: auto;
  height: auto;
  display: block;
  border-radius: 5px;
  -webkit-flex-shrink: 0;
  -ms-flex-negative: 0;
  flex-shrink: 0;
  color: unset;
}

.c9 {
  width: auto;
  height: auto;
  display: block;
  border-radius: 5px;
  cursor: pointer;
  color: unset;
  cursor: pointer;
}

.c0 {
  position: fixed;
  width: 100%;
  top: 0;
  background-color: white;
  padding: 20px;
  box-shadow: 0px 4px 10px rgba(227,238,251,0.8);
  display: -webkit-box;
  display: -webkit-flex;
  display: -ms-flexbox;
  display: flex;
  -webkit-align-items: center;
  -webkit-box-align: center;
  -ms-flex-align: center;
  align-items: center;
  z-index: 10;
  height: 70px;
}

.c0 .user-name-info {
  white-space: nowrap;
}

.c1 {
  margin-left: auto;
  margin-right: 0;
  display: -webkit-box;
  display: -webkit-flex;
  display: -ms-flexbox;
  display: flex;
  -webkit-align-items: center;
  -webkit-box-align: center;
  -ms-flex-align: center;
  align-items: center;
  gap: 32px;
}

.c7 {
  position: relative;
  display: -webkit-box;
  display: -webkit-flex;
  display: -ms-flexbox;
  display: flex;
  -webkit-align-items: center;
  -webkit-box-align: center;
  -ms-flex-align: center;
  align-items: center;
  gap: 10px;
}

.c3 {
  height: 28px;
  width: 28px;
  display: -webkit-box;
  display: -webkit-flex;
  display: -ms-flexbox;
  display: flex;
  -webkit-box-pack: center;
  -webkit-justify-content: center;
  -ms-flex-pack: center;
  justify-content: center;
  -webkit-align-items: center;
  -webkit-box-align: center;
  -ms-flex-align: center;
  align-items: center;
  border-radius: 4px;
  background: #E9F1FB;
  margin-right: 35px;
  cursor: pointer;
  border: none;
  outline: none;
  padding: 0;
  background-color: rgba(255,255,255,1);
  width: 24px;
  height: 24px;
  z-index: 11;
  margin-right: 0;
}

.c6 {
  border-radius: 50%;
  background-color: #D2371D;
  display: -webkit-box;
  display: -webkit-flex;
  display: -ms-flexbox;
  display: flex;
  -webkit-box-pack: center;
  -webkit-justify-content: center;
  -ms-flex-pack: center;
  justify-content: center;
  -webkit-align-items: center;
  -webkit-box-align: center;
  -ms-flex-align: center;
  align-items: center;
  width: 16px;
  height: 16px;
  background-color: rgba(210,55,29,1);
  color: rgba(255,255,255,1);
  opacity: 1;
  font-size: 9.6px;
  font-weight: 700;
  color: rgba(255,255,255,1);
  border: 1px solid #FFFFFF;
}

@media (max-width:767px) {
  .c0 .user-name-info {
    display: none;
  }
}

<div
  class="c0"
>
  <div
    class="c1"
  >
    <div
      class="c2"
    >
      <button
        aria-label="Toggle notifications visibility"
        class="c3"
        height="24"
        id="NOTIFICATION_BUTTON_ID"
        title="Toggle notifications visibility"
        width="24"
      >
        <img
          alt="cross"
          src="IMAGE_MOCK"
        />
        <div
          class="c4"
        >
          <div
            class="c5"
          >
            <div
              class="c6"
              color="#FFFFFF"
              font-size="9.6px"
              font-weight="bold"
              opacity="1"
            >
              3
            </div>
          </div>
        </div>
      </button>
    </div>
    <div
      class="c7"
    >
      <div />
      <div
        class="c8"
        color="#FFFFFF"
        data-private="true"
        height="30"
        width="30"
      >
        <div>
          TT
        </div>
      </div>
      <div
        class="c9 user-name-info"
        data-private="true"
      >
        test test
      </div>
    </div>
  </div>
</div>
`;

exports[`<Navbar /> Should render and match the snapshot withou matching path 1`] = `
.c8 {
  width: 30px;
  height: 30px;
  font-size: 15px;
  border-radius: 50%;
  background-color: #107969;
  display: -webkit-box;
  display: -webkit-flex;
  display: -ms-flexbox;
  display: flex;
  -webkit-box-pack: center;
  -webkit-justify-content: center;
  -ms-flex-pack: center;
  justify-content: center;
  -webkit-align-items: center;
  -webkit-box-align: center;
  -ms-flex-align: center;
  align-items: center;
  position: relative;
  cursor: pointer;
  width: 30px;
  height: 30px;
  color: rgba(255,255,255,1);
}

.c2 {
  width: auto;
  height: auto;
  display: block;
  border-radius: 5px;
  position: relative;
  color: unset;
}

.c4 {
  width: auto;
  height: auto;
  display: block;
  border-radius: 5px;
  position: absolute;
  z-index: 12;
  top: 0;
  right: 0;
  color: unset;
}

.c5 {
  width: auto;
  height: auto;
  display: block;
  border-radius: 5px;
  -webkit-flex-shrink: 0;
  -ms-flex-negative: 0;
  flex-shrink: 0;
  color: unset;
}

.c9 {
  width: auto;
  height: auto;
  display: block;
  border-radius: 5px;
  cursor: pointer;
  color: unset;
  cursor: pointer;
}

.c0 {
  position: fixed;
  width: 100%;
  top: 0;
  background-color: white;
  padding: 20px;
  box-shadow: 0px 4px 10px rgba(227,238,251,0.8);
  display: -webkit-box;
  display: -webkit-flex;
  display: -ms-flexbox;
  display: flex;
  -webkit-align-items: center;
  -webkit-box-align: center;
  -ms-flex-align: center;
  align-items: center;
  z-index: 10;
  height: 70px;
}

.c0 .user-name-info {
  white-space: nowrap;
}

.c1 {
  margin-left: auto;
  margin-right: 0;
  display: -webkit-box;
  display: -webkit-flex;
  display: -ms-flexbox;
  display: flex;
  -webkit-align-items: center;
  -webkit-box-align: center;
  -ms-flex-align: center;
  align-items: center;
  gap: 32px;
}

.c7 {
  position: relative;
  display: -webkit-box;
  display: -webkit-flex;
  display: -ms-flexbox;
  display: flex;
  -webkit-align-items: center;
  -webkit-box-align: center;
  -ms-flex-align: center;
  align-items: center;
  gap: 10px;
}

.c3 {
  height: 28px;
  width: 28px;
  display: -webkit-box;
  display: -webkit-flex;
  display: -ms-flexbox;
  display: flex;
  -webkit-box-pack: center;
  -webkit-justify-content: center;
  -ms-flex-pack: center;
  justify-content: center;
  -webkit-align-items: center;
  -webkit-box-align: center;
  -ms-flex-align: center;
  align-items: center;
  border-radius: 4px;
  background: #E9F1FB;
  margin-right: 35px;
  cursor: pointer;
  border: none;
  outline: none;
  padding: 0;
  background-color: rgba(255,255,255,1);
  width: 24px;
  height: 24px;
  z-index: 11;
  margin-right: 0;
}

.c6 {
  border-radius: 50%;
  background-color: #D2371D;
  display: -webkit-box;
  display: -webkit-flex;
  display: -ms-flexbox;
  display: flex;
  -webkit-box-pack: center;
  -webkit-justify-content: center;
  -ms-flex-pack: center;
  justify-content: center;
  -webkit-align-items: center;
  -webkit-box-align: center;
  -ms-flex-align: center;
  align-items: center;
  width: 16px;
  height: 16px;
  background-color: rgba(210,55,29,1);
  color: rgba(255,255,255,1);
  opacity: 1;
  font-size: 9.6px;
  font-weight: 700;
  color: rgba(255,255,255,1);
  border: 1px solid #FFFFFF;
}

@media (max-width:767px) {
  .c0 .user-name-info {
    display: none;
  }
}

<div
  class="c0"
>
  <div
    class="c1"
  >
    <div
      class="c2"
    >
      <button
        aria-label="Toggle notifications visibility"
        class="c3"
        height="24"
        id="NOTIFICATION_BUTTON_ID"
        title="Toggle notifications visibility"
        width="24"
      >
        <img
          alt="cross"
          src="IMAGE_MOCK"
        />
        <div
          class="c4"
        >
          <div
            class="c5"
          >
            <div
              class="c6"
              color="#FFFFFF"
              font-size="9.6px"
              font-weight="bold"
              opacity="1"
            >
              3
            </div>
          </div>
        </div>
      </button>
    </div>
    <div
      class="c7"
    >
      <div />
      <div
        class="c8"
        color="#FFFFFF"
        data-private="true"
        height="30"
        width="30"
      >
        <div>
          TT
        </div>
      </div>
      <div
        class="c9 user-name-info"
        data-private="true"
      >
        test test
      </div>
    </div>
  </div>
</div>
`;
