// Jest Snapshot v1, https://goo.gl/fbAQLP

exports[`<Navbar /> Should render and match the snapshot with session path 1`] = `
.c5 {
  width: auto;
  height: auto;
  width: 100%;
  max-height: 51px;
}

.c7 {
  width: auto;
  height: auto;
  width: 100%;
  max-width: 200px;
  max-height: 100px;
}

.c10 {
  width: 30px;
  height: 30px;
  font-size: 15px;
  border-radius: 50%;
  background-color: #107969;
  display: -webkit-box;
  display: -webkit-flex;
  display: -ms-flexbox;
  display: flex;
  -webkit-box-pack: center;
  -webkit-justify-content: center;
  -ms-flex-pack: center;
  justify-content: center;
  -webkit-align-items: center;
  -webkit-box-align: center;
  -ms-flex-align: center;
  align-items: center;
  position: relative;
  cursor: pointer;
  width: 30px;
  height: 30px;
  color: rgba(255,255,255,1);
}

.c11 {
  width: auto;
  height: auto;
  display: block;
  border-radius: 5px;
  cursor: pointer;
  color: unset;
  cursor: pointer;
}

.c2 {
  display: -webkit-box;
  display: -webkit-flex;
  display: -ms-flexbox;
  display: flex;
  -webkit-flex-direction: row;
  -ms-flex-direction: row;
  flex-direction: row;
  height: auto;
  -webkit-box-pack: start;
  -webkit-justify-content: flex-start;
  -ms-flex-pack: start;
  justify-content: flex-start;
  justify-items: flex-start;
  width: 100%;
}

.c3 {
  display: -webkit-box;
  display: -webkit-flex;
  display: -ms-flexbox;
  display: flex;
  -webkit-flex-direction: row;
  -ms-flex-direction: row;
  flex-direction: row;
  height: auto;
}

.c0 {
  position: fixed;
  width: 100%;
  top: 0;
  z-index: 10;
}

.c1 {
  background-color: white;
  padding: 20px;
  box-shadow: 0px 4px 10px rgba(227,238,251,0.8);
  display: -webkit-box;
  display: -webkit-flex;
  display: -ms-flexbox;
  display: flex;
  -webkit-align-items: center;
  -webkit-box-align: center;
  -ms-flex-align: center;
  align-items: center;
  height: 70px;
  gap: 16px;
}

.c1 .user-name-info {
  white-space: nowrap;
}

.c8 {
  margin-left: auto;
  margin-right: 0;
  display: -webkit-box;
  display: -webkit-flex;
  display: -ms-flexbox;
  display: flex;
  -webkit-align-items: center;
  -webkit-box-align: center;
  -ms-flex-align: center;
  align-items: center;
  gap: 32px;
  -webkit-flex-shrink: 0;
  -ms-flex-negative: 0;
  flex-shrink: 0;
}

.c9 {
  position: relative;
  display: -webkit-box;
  display: -webkit-flex;
  display: -ms-flexbox;
  display: flex;
  -webkit-align-items: center;
  -webkit-box-align: center;
  -ms-flex-align: center;
  align-items: center;
  gap: 10px;
}

.c4 {
  gap: 16px;
}

@media (max-width:575px) {
  .c1 {
    gap: 0;
  }
}

@media (max-width:767px) {
  .c1 .user-name-info {
    display: none;
  }
}

@media only screen and (max-width:480px) {
  .c6 {
    display: none;
  }
}

@media (max-width:575px) {
  .c4 {
    gap: 8px;
    -webkit-box-pack: start;
    -webkit-justify-content: start;
    -ms-flex-pack: start;
    justify-content: start;
  }

  .c4 img {
    width: 70%;
    margin: 0;
  }
}

<div
  class="c0"
>
  <div
    class="c1"
  >
    <div
      class="c2"
      width="100%"
    >
      <div
        class="c3 c4"
      >
        <a
          href="/"
        >
          <img
            alt="CIAS Application Logo"
            class="c5"
            src="IMAGE_MOCK"
            width="100%"
          />
        </a>
        <div
          class="c6"
        >
          <img
            alt="Michigan State University Logo"
            class="c7"
            src="IMAGE_MOCK"
            width="100%"
          />
        </div>
      </div>
    </div>
    <div
      class="c8"
    >
      <div
        class="c9"
      >
        <div />
        <div
          class="c10"
          color="#FFFFFF"
          data-private="true"
          height="30"
          width="30"
        >
          <div>
            TT
          </div>
        </div>
        <div
          class="c11 user-name-info"
          data-private="true"
        >
          test test
        </div>
      </div>
    </div>
  </div>
</div>
`;

exports[`<Navbar /> Should render and match the snapshot withou matching path 1`] = `
.c5 {
  width: auto;
  height: auto;
  width: 100%;
  max-height: 51px;
}

.c7 {
  width: auto;
  height: auto;
  width: 100%;
  max-width: 200px;
  max-height: 100px;
}

.c10 {
  width: 30px;
  height: 30px;
  font-size: 15px;
  border-radius: 50%;
  background-color: #107969;
  display: -webkit-box;
  display: -webkit-flex;
  display: -ms-flexbox;
  display: flex;
  -webkit-box-pack: center;
  -webkit-justify-content: center;
  -ms-flex-pack: center;
  justify-content: center;
  -webkit-align-items: center;
  -webkit-box-align: center;
  -ms-flex-align: center;
  align-items: center;
  position: relative;
  cursor: pointer;
  width: 30px;
  height: 30px;
  color: rgba(255,255,255,1);
}

.c11 {
  width: auto;
  height: auto;
  display: block;
  border-radius: 5px;
  cursor: pointer;
  color: unset;
  cursor: pointer;
}

.c2 {
  display: -webkit-box;
  display: -webkit-flex;
  display: -ms-flexbox;
  display: flex;
  -webkit-flex-direction: row;
  -ms-flex-direction: row;
  flex-direction: row;
  height: auto;
  -webkit-box-pack: start;
  -webkit-justify-content: flex-start;
  -ms-flex-pack: start;
  justify-content: flex-start;
  justify-items: flex-start;
  width: 100%;
}

.c3 {
  display: -webkit-box;
  display: -webkit-flex;
  display: -ms-flexbox;
  display: flex;
  -webkit-flex-direction: row;
  -ms-flex-direction: row;
  flex-direction: row;
  height: auto;
}

.c0 {
  position: fixed;
  width: 100%;
  top: 0;
  z-index: 10;
}

.c1 {
  background-color: white;
  padding: 20px;
  box-shadow: 0px 4px 10px rgba(227,238,251,0.8);
  display: -webkit-box;
  display: -webkit-flex;
  display: -ms-flexbox;
  display: flex;
  -webkit-align-items: center;
  -webkit-box-align: center;
  -ms-flex-align: center;
  align-items: center;
  height: 70px;
  gap: 16px;
}

.c1 .user-name-info {
  white-space: nowrap;
}

.c8 {
  margin-left: auto;
  margin-right: 0;
  display: -webkit-box;
  display: -webkit-flex;
  display: -ms-flexbox;
  display: flex;
  -webkit-align-items: center;
  -webkit-box-align: center;
  -ms-flex-align: center;
  align-items: center;
  gap: 32px;
  -webkit-flex-shrink: 0;
  -ms-flex-negative: 0;
  flex-shrink: 0;
}

.c9 {
  position: relative;
  display: -webkit-box;
  display: -webkit-flex;
  display: -ms-flexbox;
  display: flex;
  -webkit-align-items: center;
  -webkit-box-align: center;
  -ms-flex-align: center;
  align-items: center;
  gap: 10px;
}

.c4 {
  gap: 16px;
}

@media (max-width:575px) {
  .c1 {
    gap: 0;
  }
}

@media (max-width:767px) {
  .c1 .user-name-info {
    display: none;
  }
}

@media only screen and (max-width:480px) {
  .c6 {
    display: none;
  }
}

@media (max-width:575px) {
  .c4 {
    gap: 8px;
    -webkit-box-pack: start;
    -webkit-justify-content: start;
    -ms-flex-pack: start;
    justify-content: start;
  }

  .c4 img {
    width: 70%;
    margin: 0;
  }
}

<div
  class="c0"
>
  <div
    class="c1"
  >
    <div
      class="c2"
      width="100%"
    >
      <div
        class="c3 c4"
      >
        <a
          href="/"
        >
          <img
            alt="CIAS Application Logo"
            class="c5"
            src="IMAGE_MOCK"
            width="100%"
          />
        </a>
        <div
          class="c6"
        >
          <img
            alt="Michigan State University Logo"
            class="c7"
            src="IMAGE_MOCK"
            width="100%"
          />
        </div>
      </div>
    </div>
    <div
      class="c8"
    >
      <div
        class="c9"
      >
        <div />
        <div
          class="c10"
          color="#FFFFFF"
          data-private="true"
          height="30"
          width="30"
        >
          <div>
            TT
          </div>
        </div>
        <div
          class="c11 user-name-info"
          data-private="true"
        >
          test test
        </div>
      </div>
    </div>
  </div>
</div>
`;
