// Jest Snapshot v1, https://goo.gl/fbAQLP

exports[`<SetNewPasswordPage /> Should render and match the snapshot 1`] = `
<div>
  <div
    class="styled__Background-sc-1r4kg53-0 eFWbvX"
  >
    <div
      class="styled__TopBackground-sc-1r4kg53-1 dgkNIN"
    />
    <div
      class="styled__Header-sc-1r4kg53-2 jnMzyr"
    >
      <img
        class="styled__Logo-sc-1r4kg53-3 dNCrIv"
        src="IMAGE_MOCK"
      />
    </div>
    <div
      class="styled__Content-sc-1r4kg53-4 dRtmJU"
    >
      <div
        class="Fill-sc-1f4o7x0-0 boyhLn"
      >
        <div
          class="Column-sc-1n6divy-0 jOCHjp"
        >
          <h1
            class="H1-tncdg6-0 khddLc"
            font-size="23"
          >
            <span>
              Set a new password
            </span>
          </h1>
          <div
            class="Column-sc-1n6divy-0 gWZjHC"
          >
            <p
              class="Text-sc-2lza2m-0 drfDFr"
              width="fit-content"
            >
              Password
            </p>
            <input
              class="Input-sc-19txxuq-0 eQikpS"
              height="46"
              name="password"
              placeholder="Enter password"
              type="password"
              value=""
              width="100%"
            />
          </div>
          <div
            class="Column-sc-1n6divy-0 gWZjHC"
          >
            <p
              class="Text-sc-2lza2m-0 drfDFr"
              width="fit-content"
            >
              Password confirmation
            </p>
            <input
              class="Input-sc-19txxuq-0 eQikpS"
              height="46"
              name="passwordConfirmation"
              placeholder="Retype your password"
              type="password"
              value=""
              width="100%"
            />
          </div>
          <button
            class="StyledButton-t20ntd-0 kIaylx"
            color="primary"
            height="46"
            type="submit"
          >
            <span>
              Set password
            </span>
          </button>
        </div>
      </div>
    </div>
  </div>
</div>
`;
