// Jest Snapshot v1, https://goo.gl/fbAQLP

exports[`<CopyModal /> Should render and match the snapshot 1`] = `
.c3 {
  display: -webkit-box;
  display: -webkit-flex;
  display: -ms-flexbox;
  display: flex;
  -webkit-flex-direction: column;
  -ms-flex-direction: column;
  flex-direction: column;
  width: 100%;
}

.c8 {
  display: -webkit-box;
  display: -webkit-flex;
  display: -ms-flexbox;
  display: flex;
  -webkit-flex-direction: column;
  -ms-flex-direction: column;
  flex-direction: column;
  width: 100%;
  -webkit-box-pack: justify;
  -webkit-justify-content: space-between;
  -ms-flex-pack: justify;
  justify-content: space-between;
  justify-items: space-between;
  -webkit-box-flex: 1;
  -webkit-flex-grow: 1;
  -ms-flex-positive: 1;
  flex-grow: 1;
}

.c10 {
  display: -webkit-box;
  display: -webkit-flex;
  display: -ms-flexbox;
  display: flex;
  -webkit-flex-direction: column;
  -ms-flex-direction: column;
  flex-direction: column;
  width: 100%;
  height: 280px;
}

.c11 {
  display: -webkit-box;
  display: -webkit-flex;
  display: -ms-flexbox;
  display: flex;
  -webkit-flex-direction: column;
  -ms-flex-direction: column;
  flex-direction: column;
  width: 100%;
  margin-bottom: 15px;
  margin-right: 25px;
  margin-left: 25px;
}

.c20 {
  display: -webkit-box;
  display: -webkit-flex;
  display: -ms-flexbox;
  display: flex;
  -webkit-flex-direction: column;
  -ms-flex-direction: column;
  flex-direction: column;
  width: 100%;
  background-color: rgba(248,251,255,1);
}

.c24 {
  width: 100%;
  height: 40px;
  border-radius: 100px;
  cursor: pointer;
  border: none;
  outline: none;
  background-color: #107969;
  color: #FFFFFF;
  border: 1px solid transparent;
  cursor: default;
  background-color: #9AA1B6;
  -webkit-transition: background-color 300ms ease,color 300ms ease,border 300ms ease;
  transition: background-color 300ms ease,color 300ms ease,border 300ms ease;
  margin-right: 25px;
  margin-left: 25px;
}

.c4 {
  display: -webkit-box;
  display: -webkit-flex;
  display: -ms-flexbox;
  display: flex;
  -webkit-flex-direction: row;
  -ms-flex-direction: row;
  flex-direction: row;
  height: auto;
  -webkit-box-pack: justify;
  -webkit-justify-content: space-between;
  -ms-flex-pack: justify;
  justify-content: space-between;
  justify-items: space-between;
  -webkit-align-content: center;
  -ms-flex-line-pack: center;
  align-content: center;
  -webkit-align-items: center;
  -webkit-box-align: center;
  -ms-flex-align: center;
  align-items: center;
  margin-right: 25px;
  margin-left: 25px;
}

.c9 {
  display: -webkit-box;
  display: -webkit-flex;
  display: -ms-flexbox;
  display: flex;
  -webkit-flex-direction: row;
  -ms-flex-direction: row;
  flex-direction: row;
  height: auto;
}

.c12 {
  display: -webkit-box;
  display: -webkit-flex;
  display: -ms-flexbox;
  display: flex;
  -webkit-flex-direction: row;
  -ms-flex-direction: row;
  flex-direction: row;
  height: auto;
  -webkit-align-content: center;
  -ms-flex-line-pack: center;
  align-content: center;
  -webkit-align-items: center;
  -webkit-box-align: center;
  -ms-flex-align: center;
  align-items: center;
  cursor: pointer;
}

.c14 {
  display: -webkit-box;
  display: -webkit-flex;
  display: -ms-flexbox;
  display: flex;
  -webkit-flex-direction: row;
  -ms-flex-direction: row;
  flex-direction: row;
  height: auto;
  margin-top: 10px;
}

.c21 {
  display: -webkit-box;
  display: -webkit-flex;
  display: -ms-flexbox;
  display: flex;
  -webkit-flex-direction: row;
  -ms-flex-direction: row;
  flex-direction: row;
  height: auto;
  padding-top: 15px;
  padding-bottom: 15px;
  padding-right: 25px;
  padding-left: 25px;
}

.c23 {
  display: -webkit-box;
  display: -webkit-flex;
  display: -ms-flexbox;
  display: flex;
  -webkit-flex-direction: row;
  -ms-flex-direction: row;
  flex-direction: row;
  height: auto;
  margin-top: 20px;
}

.c0 {
  width: auto;
  height: auto;
  display: block;
  border-radius: 5px;
  width: 100%;
  height: 100%;
  position: fixed;
  display: -webkit-box;
  display: -webkit-flex;
  display: -ms-flexbox;
  display: flex;
  z-index: 999;
  background-color: rgba(0,0,0,0.4);
  border-radius: 0px;
  border-radius: 0px;
  -webkit-box-pack: center;
  -webkit-justify-content: center;
  -ms-flex-pack: center;
  justify-content: center;
  justify-items: center;
  -webkit-align-content: center;
  -ms-flex-line-pack: center;
  align-content: center;
  -webkit-align-items: center;
  -webkit-box-align: center;
  -ms-flex-align: center;
  align-items: center;
  left: 0px;
  top: 0px;
}

.c1 {
  width: auto;
  height: auto;
  display: block;
  border-radius: 5px;
  max-width: 700px;
  max-height: 90%;
  min-width: 400px;
  min-height: 200px;
  overflow: auto;
  padding: 25px 0;
  padding-top: 20px;
  padding-bottom: 20px;
  padding-right: 20px;
  padding-left: 20px;
  background-color: rgba(255,255,255,1);
}

.c7 {
  width: auto;
  height: auto;
  display: block;
  border-radius: 5px;
  margin-top: 10px;
  border-radius: 0px;
  border-radius: 0px;
}

.c16 {
  width: auto;
  height: auto;
  display: block;
  border-radius: 5px;
  max-width: 150px;
  margin-left: 5px;
}

.c19 {
  width: auto;
  height: auto;
  display: block;
  border-radius: 5px;
  max-height: 300px;
  overflow: scroll;
}

.c13 {
  font-family: DM Sans;
  font-size: 13px;
  line-height: 130%;
  margin-top: 2px;
  margin-left: 5px;
  color: rgba(183,39,234,1);
  color: rgba(183,39,234,1);
}

.c15 {
  font-family: DM Sans;
  font-size: 13px;
  line-height: 130%;
  font-size: 15px;
  font-weight: 700;
  color: #2F3850;
}

.c17 {
  font-family: DM Sans;
  font-size: 13px;
  line-height: 130%;
  font-size: 15px;
  font-weight: 700;
  color: rgba(183,39,234,1);
  color: rgba(183,39,234,1);
}

.c22 {
  font-family: DM Sans;
  font-size: 13px;
  line-height: 130%;
  font-size: 12px;
  color: #2F3850;
}

.c18 {
  position: relative;
  overflow: hidden;
  width: 100%;
  text-overflow: ellipsis;
  white-space: nowrap;
  font-size: 15px;
  font-weight: 700;
  color: rgba(183,39,234,1);
  color: rgba(183,39,234,1);
}

.c5 {
  margin: 0;
  font-family: DM Sans;
  font-size: 25px;
  line-height: 130%;
  color: #2F3850;
}

.c6 {
  height: 28px;
  width: 28px;
  display: -webkit-box;
  display: -webkit-flex;
  display: -ms-flexbox;
  display: flex;
  -webkit-box-pack: center;
  -webkit-justify-content: center;
  -ms-flex-pack: center;
  justify-content: center;
  -webkit-align-items: center;
  -webkit-box-align: center;
  -ms-flex-align: center;
  align-items: center;
  border-radius: 4px;
  background: #E9F1FB;
  margin-right: 35px;
  cursor: pointer;
  border: none;
  outline: none;
  padding: 0;
  position: relative;
  left: 40px;
  top: -8px;
}

@media only screen and (min-width:768px) {

}

@media only screen and (min-width:960px) {

}

@media only screen and (min-width:1170px) {

}

@media only screen and (min-width:1360px) {

}

@media only screen and (min-width:768px) {

}

@media only screen and (min-width:960px) {

}

@media only screen and (min-width:1170px) {

}

@media only screen and (min-width:1360px) {

}

@media only screen and (min-width:768px) {

}

@media only screen and (min-width:960px) {

}

@media only screen and (min-width:1170px) {

}

@media only screen and (min-width:1360px) {

}

@media only screen and (min-width:768px) {

}

@media only screen and (min-width:960px) {

}

@media only screen and (min-width:1170px) {

}

@media only screen and (min-width:1360px) {

}

@media only screen and (min-width:768px) {

}

@media only screen and (min-width:960px) {

}

@media only screen and (min-width:1170px) {

}

@media only screen and (min-width:1360px) {

}

@media only screen and (max-width:480px) {
  .c2 {
    max-height: calc(100% - 20px);
    max-width: none;
    min-width: 0;
    width: calc(100% - 20px);
  }
}

<div>
  <div
    class="c0"
    display="flex"
    height="100%"
    width="100%"
  >
    <div
      class="c1 c2"
      overflow="auto"
    >
      <div
        class="c3"
      >
        <div
          class="c4"
        >
          <h1
            class="c5"
          >
            Select a place to paste
          </h1>
          <button
            class="c6"
            data-cy="modal-close-button"
            data-testid="close-modal-button"
          >
            <img
              alt="cross"
              src="IMAGE_MOCK"
            />
          </button>
        </div>
      </div>
      <div
        class="c7"
      >
        <div
          class="c8"
        >
          <div
            class="c9"
          >
            <div
              class="c10"
              data-testid="undefined-select-target-session"
              height="280"
            >
              <div
                class="c11"
              >
                <div
                  class="c12"
                >
                  <img
                    src="IMAGE_MOCK"
                  />
                  <p
                    class="c13"
                    color="#B727EA"
                  >
                    Sessions
                  </p>
                </div>
                <div
                  class="c14"
                >
                  <p
                    class="c15"
                    font-size="15"
                    font-weight="bold"
                  >
                    Question Groups in 
                  </p>
                  <div
                    class="c16"
                  >
                    <div
                      class="c9"
                    >
                      <p
                        class="c17 c18"
                        color="#B727EA"
                        font-size="15"
                        font-weight="bold"
                      >
                        Intervention test title 1
                      </p>
                    </div>
                  </div>
                </div>
              </div>
              <div
                class="c19"
                overflow="scroll"
              >
                <div
                  class="c20"
                >
                  <div
                    class="c3"
                  >
                    <div
                      class="c21"
                    >
                      <p
                        class="c22"
                        font-size="12"
                      >
                        No valid question groups to copy to
                      </p>
                    </div>
                  </div>
                </div>
              </div>
            </div>
          </div>
          <div
            class="c23"
          >
            <button
              class="c24"
              color="primary"
              disabled=""
              radius="100px"
            />
          </div>
        </div>
      </div>
    </div>
  </div>
</div>
`;
