// Jest Snapshot v1, https://goo.gl/fbAQLP

exports[`<Input /> should match the snapshot 1`] = `
.c0 {
  padding: 12px;
  border-style: solid;
  border-width: 1px;
  border-color: #E9F1FB;
  border-radius: 5px;
  color: #2F3850;
}

.c0:focus {
  box-shadow: none;
  outline: none;
  border-color: #107969;
}

<input
  className="c0"
  type="text"
/>
`;
