// Jest Snapshot v1, https://goo.gl/fbAQLP

exports[`<SettingsPanel /> Should render and match the snapshot 1`] = `
<div>
  <div
    class="Column-sc-4zswzq-0 ekpwZH"
  >
    <div
      class="Box-sc-1vhutan-0 styled__StyledBox-w5tasd-0 dvfkZg dBQBvk"
    >
      <div
        class="Column-sc-4zswzq-0 jnrASG"
        width="100%"
      >
        <h2
          class="H2-uw8lbl-0 bzPnix"
        >
          Who can access this intervention?
        </h2>
        <div
          class="Box-sc-1vhutan-0 lmDegy"
        >
          <div
            class="Row-y1cs0u-0 bNHlls"
            disabled=""
            width="fit-content"
          >
            <img
              src="IMAGE_MOCK"
            />
            <p
              class="Text-e4p0w3-0 eDRzdo"
              font-size="15"
              font-weight="regular"
            >
              Anyone with the link
            </p>
          </div>
          <div
            class="Row-y1cs0u-0 bNHlls"
            disabled=""
            width="fit-content"
          >
            <img
              src="IMAGE_MOCK"
            />
            <p
              class="Text-e4p0w3-0 eDRzdo"
              font-size="15"
              font-weight="regular"
            >
              Any registered participant
            </p>
          </div>
          <div
            class="Row-y1cs0u-0 cQENWz"
            disabled=""
            width="fit-content"
          >
            <img
              src="IMAGE_MOCK"
            />
            <p
              class="Text-e4p0w3-0 eDRzdo"
              font-size="15"
              font-weight="regular"
            >
              Specific registered participants
            </p>
          </div>
        </div>
      </div>
    </div>
  </div>
</div>
`;
