// Jest Snapshot v1, https://goo.gl/fbAQLP

exports[`<SettingsPanel /> Should render and match the snapshot 1`] = `
<div>
  <div
    class="Column-sc-4zswzq-0 ekpwZH"
  >
    <div
      class="Box-sc-1vhutan-0 styled__StyledBox-w5tasd-0 dvfkZg dBQBvk"
    >
      <div
        class="Column-sc-4zswzq-0 jnrASG"
        width="100%"
      >
        <h2
          class="H2-uw8lbl-0 bzPnix"
        >
          <span>
            Who can access this intervention?
          </span>
        </h2>
        <div
          class="Box-sc-1vhutan-0 lmDegy"
        >
          <div
            class="Row-y1cs0u-0 bNHlls"
            disabled=""
            width="fit-content"
          >
            <img
              class="Img-sc-55j3su-0 coTMv"
              src="IMAGE_MOCK"
            />
            <p
              class="Text-e4p0w3-0 eDRzdo"
              font-size="15"
              font-weight="regular"
            >
              <span>
                Anyone with the link
              </span>
            </p>
          </div>
          <div
            class="Row-y1cs0u-0 bNHlls"
            disabled=""
            width="fit-content"
          >
            <img
              class="Img-sc-55j3su-0 coTMv"
              src="IMAGE_MOCK"
            />
            <p
              class="Text-e4p0w3-0 eDRzdo"
              font-size="15"
              font-weight="regular"
            >
              <span>
                Any registered participant
              </span>
            </p>
          </div>
          <div
            class="Row-y1cs0u-0 cQENWz"
            disabled=""
            width="fit-content"
          >
            <img
              class="Img-sc-55j3su-0 coTMv"
              src="IMAGE_MOCK"
            />
            <p
              class="Text-e4p0w3-0 eDRzdo"
              font-size="15"
              font-weight="regular"
            >
              <span>
                Specific registered participants
              </span>
            </p>
          </div>
        </div>
      </div>
    </div>
  </div>
</div>
`;
