// Jest Snapshot v1, https://goo.gl/fbAQLP

exports[`<ShareBox /> Should render and match the snapshot 1`] = `
<div>
  <div
    class="Box-sc-14m3exe-0 wWlAl"
    height="fit-content"
    width="100%"
  >
    <h3
      class="H3-sc-1nwhpi5-0 jXhFJD"
      color="#2F3850"
      font-size="13"
      font-weight="bold"
    >
      <span>
        Invite to start intervention from:
      </span>
    </h3>
    <h2
      class="H2-egphza-0 dWsfJf"
    >
      Name
    </h2>
    <div
      class="Row-x1o3ru-0 fbdBbJ"
    >
      <div
        class="Column-sc-1n6divy-0 cVSlLs"
      >
        <div
          class="Row-x1o3ru-0 bKPAyc"
        >
          <div
            class="styled__StyledChipsInput-sc-16elnyr-0 cIamqz"
          >
            <div
              class="Row-x1o3ru-0 kvrCRI"
              width="100%"
            >
              <input
                class="styled__HiddenInput-sc-16elnyr-1 hBibUP"
                placeholder="Invite new participants with e-mails"
                type="text"
                value=""
              />
            </div>
          </div>
          <button
            class="StyledButton-t20ntd-0 QHkrN"
            color="primary"
            disabled=""
            width="140"
          >
            <span>
              Send invite
            </span>
          </button>
        </div>
        <div
          class="Column-sc-1n6divy-0 lelHjj"
        >
          <div
            class="Row-x1o3ru-0 exvbpM"
          >
            <input
              accept="text/csv"
              style="display: none;"
              type="file"
            />
            <div>
              <div
                class="Row-x1o3ru-0 eekyNt"
              >
                <img
                  alt="upload"
                  class="Img-sc-1kfzr96-0 kHuQYD"
                  src="IMAGE_MOCK"
                />
                <p
                  class="Text-sc-2lza2m-0 iqVYGz"
                  color="#C866EA"
                  font-weight="bold"
                >
                  <span>
                    Upload e-mails with CSV file
                  </span>
                </p>
              </div>
            </div>
          </div>
        </div>
      </div>
    </div>
    <div
      class="Row-x1o3ru-0 dbynTp"
    >
      <div
        class="Box-sc-14m3exe-0 hRMAiJ"
      >
        <div
          class="styled__Container-e4ycn-0 fbBlX"
        >
          <div
            class="Row-x1o3ru-0 diEAcg"
          >
            <img
              alt="share"
              src="IMAGE_MOCK"
            />
            <p
              class="Text-sc-2lza2m-0 evAabw"
              color="#C866EA"
              font-weight="bold"
            >
              <span>
                Copy link and invite to start with this session externaly
              </span>
            </p>
          </div>
        </div>
      </div>
    </div>
    <div
      class="Row-x1o3ru-0 bhnrrF"
    >
      <div
        class="Column-sc-1n6divy-0 cVSlLs"
      >
        <h3
          class="H3-sc-1nwhpi5-0 jXhFJD"
          color="#2F3850"
          font-size="13"
          font-weight="bold"
        >
          <span>
            Invite has beed already sent to
          </span>
        </h3>
        <div
          class="Row-x1o3ru-0 styled__HoverableRow-sc-16elnyr-3 cVibnt"
        >
          <div
            class="Row-x1o3ru-0 diEAcg"
          >
            <img
              alt="avatar"
              class="Img-sc-1kfzr96-0 dsoWic"
              src="IMAGE_MOCK"
            />
            <p
              class="Text-sc-2lza2m-0 jUbcWG"
              font-size="15px"
            >
              mock@mock.pl
            </p>
          </div>
          <button
            class="TextButton-sc-12pwroy-0 styled__StyledTextButton-sc-16elnyr-2 jLAfHW"
            font-weight="bold"
          >
            <span>
              Resend invite
            </span>
          </button>
        </div>
        <div
          class="Row-x1o3ru-0 styled__HoverableRow-sc-16elnyr-3 cVibnt"
        >
          <div
            class="Row-x1o3ru-0 diEAcg"
          >
            <img
              alt="avatar"
              class="Img-sc-1kfzr96-0 dsoWic"
              src="IMAGE_MOCK"
            />
            <p
              class="Text-sc-2lza2m-0 jUbcWG"
              font-size="15px"
            >
              mock@mock.pl
            </p>
          </div>
          <button
            class="TextButton-sc-12pwroy-0 styled__StyledTextButton-sc-16elnyr-2 jLAfHW"
            font-weight="bold"
          >
            <span>
              Resend invite
            </span>
          </button>
        </div>
        <div
          class="Row-x1o3ru-0 styled__HoverableRow-sc-16elnyr-3 cVibnt"
        >
          <div
            class="Row-x1o3ru-0 diEAcg"
          >
            <img
              alt="avatar"
              class="Img-sc-1kfzr96-0 dsoWic"
              src="IMAGE_MOCK"
            />
            <p
              class="Text-sc-2lza2m-0 jUbcWG"
              font-size="15px"
            >
              mock@mock.pl
            </p>
          </div>
          <button
            class="TextButton-sc-12pwroy-0 styled__StyledTextButton-sc-16elnyr-2 jLAfHW"
            font-weight="bold"
          >
            <span>
              Resend invite
            </span>
          </button>
        </div>
        <div
          class="Row-x1o3ru-0 styled__HoverableRow-sc-16elnyr-3 cVibnt"
        >
          <div
            class="Row-x1o3ru-0 diEAcg"
          >
            <img
              alt="avatar"
              class="Img-sc-1kfzr96-0 dsoWic"
              src="IMAGE_MOCK"
            />
            <p
              class="Text-sc-2lza2m-0 jUbcWG"
              font-size="15px"
            >
              mock@mock.pl
            </p>
          </div>
          <button
            class="TextButton-sc-12pwroy-0 styled__StyledTextButton-sc-16elnyr-2 jLAfHW"
            font-weight="bold"
          >
            <span>
              Resend invite
            </span>
          </button>
        </div>
      </div>
    </div>
  </div>
</div>
`;
