// Jest Snapshot v1, https://goo.gl/fbAQLP

exports[`<SingleTile /> Should render and match the snapshot 1`] = `
.c7 {
  width: auto;
  height: auto;
  display: block;
  border-radius: 5px;
  position: relative;
  display: -webkit-box;
  display: -webkit-flex;
  display: -ms-flexbox;
  display: flex;
  -webkit-box-pack: end;
  -webkit-justify-content: flex-end;
  -ms-flex-pack: end;
  justify-content: flex-end;
  justify-items: flex-end;
  -webkit-align-content: flex-start;
  -ms-flex-line-pack: start;
  align-content: flex-start;
  -webkit-align-items: flex-start;
  -webkit-box-align: flex-start;
  -ms-flex-align: flex-start;
  align-items: flex-start;
  color: unset;
}

.c11 {
  width: auto;
  height: auto;
  display: block;
  border-radius: 5px;
  width: 100%;
  display: inline;
  color: unset;
}

.c12 {
  width: auto;
  height: auto;
  display: block;
  border-radius: 5px;
  color: unset;
}

.c15 {
  width: auto;
  height: auto;
  display: block;
  border-radius: 5px;
  display: -webkit-box;
  display: -webkit-flex;
  display: -ms-flexbox;
  display: flex;
  color: unset;
}

.c3 {
  display: -webkit-box;
  display: -webkit-flex;
  display: -ms-flexbox;
  display: flex;
  -webkit-flex-direction: row;
  -ms-flex-direction: row;
  flex-direction: row;
  height: auto;
  -webkit-align-content: center;
  -ms-flex-line-pack: center;
  align-content: center;
  -webkit-align-items: center;
  -webkit-box-align: center;
  -ms-flex-align: center;
  align-items: center;
  gap: 12px;
}

.c4 {
  display: -webkit-box;
  display: -webkit-flex;
  display: -ms-flexbox;
  display: flex;
  -webkit-flex-direction: row;
  -ms-flex-direction: row;
  flex-direction: row;
  height: auto;
  -webkit-align-content: center;
  -ms-flex-line-pack: center;
  align-content: center;
  -webkit-align-items: center;
  -webkit-box-align: center;
  -ms-flex-align: center;
  align-items: center;
  gap: 5px;
}

.c10 {
  display: -webkit-box;
  display: -webkit-flex;
  display: -ms-flexbox;
  display: flex;
  -webkit-flex-direction: row;
  -ms-flex-direction: row;
  flex-direction: row;
  height: auto;
  width: 100%;
}

.c14 {
  display: -webkit-box;
  display: -webkit-flex;
  display: -ms-flexbox;
  display: flex;
  -webkit-flex-direction: row;
  -ms-flex-direction: row;
  flex-direction: row;
  height: auto;
  -webkit-box-pack: justify;
  -webkit-justify-content: space-between;
  -ms-flex-pack: justify;
  justify-content: space-between;
  justify-items: space-between;
}

.c9 {
  width: auto;
  height: auto;
}

.c5 {
  font-family: DM Sans;
  font-size: 13px;
  line-height: 130%;
  color: #2F3850;
  line-height: 1;
}

.c13 {
  position: relative;
  font-size: 18px;
  font-weight: 700;
  color: #2F3850;
}

.c8 {
  display: -webkit-box;
  display: -webkit-flex;
  display: -ms-flexbox;
  display: flex;
  padding: 8px;
}

.c1 {
  padding: 15px;
  height: 150px;
  box-shadow: 0px 4px 20px #E3EEFB;
  border-radius: 5px;
  margin-bottom: 20px;
  display: -webkit-box;
  display: -webkit-flex;
  display: -ms-flexbox;
  display: flex;
  cursor: pointer;
  -webkit-flex-direction: column;
  -ms-flex-direction: column;
  flex-direction: column;
  color: #2F3850;
  background: #FFFFFF;
  color: #0E0E0E;
  -webkit-box-pack: justify;
  -webkit-justify-content: space-between;
  -ms-flex-pack: justify;
  justify-content: space-between;
}

.c0 {
  -webkit-text-decoration: none;
  text-decoration: none;
}

.c2 {
  font-size: 13px;
  display: -webkit-box;
  display: -webkit-flex;
  display: -ms-flexbox;
  display: flex;
  -webkit-box-pack: justify;
  -webkit-justify-content: space-between;
  -ms-flex-pack: justify;
  justify-content: space-between;
  -webkit-align-items: center;
  -webkit-box-align: center;
  -ms-flex-align: center;
  align-items: center;
  text-transform: capitalize;
}

.c2 span {
  color: #2F3850;
}

.c6 {
  width: 7px;
  height: 7px;
  border-radius: 50%;
  background: #107969;
  display: inline-block;
}

.c16 {
  display: -webkit-box;
  display: -webkit-flex;
  display: -ms-flexbox;
  display: flex;
}

.c16 div {
  padding: 5px 10px;
  background: #e9f1fb;
  font-size: 12px;
  line-height: 16px;
  border-radius: 5px;
}

<div>
  <a
    class="c0"
    href="/"
  >
    <div
      class="c1"
    >
      <div
        class="c2"
      >
        <div
          class="c3"
        >
          <div
            class="c4"
          >
            <p
              class="c5"
            >
              Draft
            </p>
            <span
              class="c6"
            />
          </div>
        </div>
        <div>
          <div
            class="c7"
            display="flex"
          >
            <div
              class="c8"
            >
              <img
                alt="dots"
                class="c9"
                src="IMAGE_MOCK"
              />
            </div>
          </div>
        </div>
      </div>
      <div
        class="c10"
        width="100%"
      >
        <div
          class="c11"
          display="inline"
          width="100%"
        >
          <div
            class="c12"
            data-for="Name"
            data-tip=""
          >
            <div>
              <span
                class="c13"
                data-for="Name"
                data-tip="Name"
                font-size="18"
                font-weight="bold"
                theme="[object Object]"
                width="0"
              >
                <span />
                <span>
                  Name
                </span>
                <span
                  style="position: fixed; visibility: hidden; top: 0px; left: 0px;"
                >
                  …
                </span>
              </span>
            </div>
          </div>
        </div>
      </div>
      <div
        class="c14"
      >
        <div
          class="c15"
          display="flex"
        >
          <div
            class="c12"
            data-for="test-id-tile-tooltip"
            data-tip=""
          >
            <div>
              <div
                class="c16"
              />
            </div>
          </div>
        </div>
      </div>
    </div>
  </a>
</div>
`;
