// Jest Snapshot v1, https://goo.gl/fbAQLP

exports[`<AccountSettings /> Should render and match the snapshot 1`] = `
<div>
  <div
    class="Box-sc-14m3exe-0 styled__StyledBox-k1l7f-0 kdFoSA gTkfqb"
    height="100%"
    width="100%"
  >
    <div
      class="Row-x1o3ru-0 iJOjSZ"
    >
      <a
        class="styled__StyledLink-sc-1vn5te5-0 iVmEKE"
        href="/"
      >
        <img
          alt="traingle"
          class="Img-sc-1kfzr96-0 fMvNhZ"
          src="IMAGE_MOCK"
        />
        <p
          class="Text-sc-2lza2m-0 dTiSdf"
          color="#C866EA"
          font-weight="bold"
        >
          <span>
            Back to dashboard
          </span>
        </p>
      </a>
    </div>
    <h1
      class="H1-tncdg6-0 tnnHn"
    >
      <span>
        Account Settings
      </span>
    </h1>
    <div
      class="Column-sc-1n6divy-0 styled__StyledColumn-k1l7f-1 ehwCsW cTyNZS"
    >
      <div
        class="Row-x1o3ru-0 iJOjSZ"
      >
        <div
          class="Row-x1o3ru-0 kAuiUx"
          width="100%"
        >
          <div
            class="styled__AvatarStyled-sc-15n3teb-0 kNBpjK styled__StyledUserAvatar-awa645-1 iILneb"
            color="#FFFFFF"
          >
            <div>
              NS
            </div>
          </div>
          <div
            class="Row-x1o3ru-0 dVByuK"
          >
            <div
              class="Row-x1o3ru-0 styled__StyledButtonsRow-awa645-2 iJOjSZ jYBBYf"
            >
              <div
                class="Box-sc-14m3exe-0 cmFbkA styled__StyledUploadFileButton-awa645-4 dcKYCV"
                height="fit-content"
              >
                <input
                  autocomplete="off"
                  style="display: none;"
                  tabindex="-1"
                  type="file"
                />
                <div
                  class="Row-x1o3ru-0 eXIwVR"
                >
                  <p
                    class="Text-sc-2lza2m-0 bPXeIU"
                    color="#C866EA"
                    font-size="14"
                    font-weight="bold"
                  >
                    <span>
                      Add profile photo
                    </span>
                  </p>
                </div>
              </div>
            </div>
          </div>
        </div>
      </div>
      <div
        class="Row-x1o3ru-0 hjyxCh"
      >
        <div
          class="Row-x1o3ru-0 styled__StyledFullNameRow-awa645-0 hNBpWq guCwSM"
          width="100%"
        >
          <div
            class="Column-sc-1n6divy-0 dfGPDf"
          >
            <p
              class="Text-sc-2lza2m-0 fivaRy"
              width="fit-content"
            >
              First Name
            </p>
            <input
              class="Input-sc-19txxuq-0 iCEjLf"
              height="46"
              name="firstName"
              placeholder="Enter first name"
              type="text"
              value="Name"
              width="100%"
            />
          </div>
          <div
            class="Column-sc-1n6divy-0 npKUP"
          >
            <p
              class="Text-sc-2lza2m-0 fivaRy"
              width="fit-content"
            >
              Last name
            </p>
            <input
              class="Input-sc-19txxuq-0 iCEjLf"
              height="46"
              name="lastName"
              placeholder="Enter last name"
              type="text"
              value="Surname"
              width="100%"
            />
          </div>
        </div>
      </div>
      <div
        class="Row-x1o3ru-0 styled__StyledRow-k1l7f-2 gryONu gRpGep"
        width="100%"
      >
        <div
          class="Box-sc-14m3exe-0 styled__StyledEmailBox-k1l7f-4 hihPNq ZHlxn"
          width="50%"
        >
          <div
            class="Row-x1o3ru-0 hNBpWq"
            width="100%"
          >
            <div
              class="Column-sc-1n6divy-0 dfNUrc"
            >
              <p
                class="Text-sc-2lza2m-0 fivaRy"
                width="fit-content"
              >
                E-mail address
              </p>
              <input
                class="Input-sc-19txxuq-0 iCEjLf"
                height="46"
                name="email"
                placeholder="Enter e-mail address"
                type="text"
                value="admin@cias-api.herokuapp.com"
                width="100%"
              />
            </div>
          </div>
        </div>
        <div
          class="Box-sc-14m3exe-0 styled__StyledEmailBox-k1l7f-4 styled__StyledTimezoneBox-k1l7f-5 jmcBzp ZHlxn hdgaof"
        >
          <div
            class="Column-sc-1n6divy-0 dfNUrc"
          >
            <p
              class="Text-sc-2lza2m-0 fivaRy"
              width="fit-content"
            >
              Time zone
            </p>
            <div
              class="Box-sc-14m3exe-0 jmcBzp"
            >
              <div
                class=" css-2b097c-container"
              >
                <div
                  class=" css-4iyz22-control"
                >
                  <div
                    class=" css-g1d714-ValueContainer"
                  >
                    <div
                      class=" css-1uccc91-singleValue"
                    >
                      America/New_York (UTC -04:00)
                    </div>
                    <div
                      class="css-b8ldur-Input"
                    >
                      <div
                        class=""
                        style="display: inline-block;"
                      >
                        <input
                          aria-autocomplete="list"
                          autocapitalize="none"
                          autocomplete="off"
                          autocorrect="off"
                          id="react-select-3-input"
                          spellcheck="false"
                          style="box-sizing: content-box; width: 2px; border: 0px; font-size: inherit; opacity: 1; outline: 0; padding: 0px;"
                          tabindex="0"
                          type="text"
                          value=""
                        />
                        <div
                          style="position: absolute; top: 0px; left: 0px; visibility: hidden; height: 0px; overflow: scroll; white-space: pre; font-size: inherit; font-family: -webkit-small-control; letter-spacing: normal; text-transform: none;"
                        />
                      </div>
                    </div>
                  </div>
                  <div
                    class=" css-1hb7zxy-IndicatorsContainer"
                  >
                    <div
                      aria-hidden="true"
                      class=" css-tlfecz-indicatorContainer"
                    >
                      <img
                        class="Img-sc-1kfzr96-0 bprPpq"
                        src="IMAGE_MOCK"
                        transform=""
                      />
                    </div>
                  </div>
                </div>
              </div>
            </div>
          </div>
        </div>
        <div
          class="Box-sc-14m3exe-0 dnkZCh"
        >
          <button
            class="StyledTextButton-sc-17cmh3t-0 styled__TextButton-k1l7f-3 kFnXaw hSTsnM"
            color="#C866EA"
            font-size="14"
            font-weight="bold"
          >
            <span>
              Reset password
            </span>
          </button>
        </div>
      </div>
    </div>
  </div>
</div>
`;
