// Jest Snapshot v1, https://goo.gl/fbAQLP

exports[`<Chips /> should match the snapshot 1`] = `
.c0 {
  width: -webkit-fit-content;
  width: -moz-fit-content;
  width: fit-content;
  max-height: 30px;
  margin-right: 10px;
  margin-top: 12px;
}

.c1 {
  font-size: 14px;
  line-height: 150%;
  color: #0086F8;
  margin: 0;
}

<div
  className="c0"
>
  <p
    className="c1"
  >
    Animation
  </p>
</div>
`;
