// Jest Snapshot v1, https://goo.gl/fbAQLP

exports[`<AnswerSessionPage /> Should render and match the snapshot 1`] = `
.c2 {
  width: auto;
  height: auto;
  display: block;
  border-radius: 5px;
  width: 100%;
  height: 100%;
  display: -webkit-box;
  display: -webkit-flex;
  display: -ms-flexbox;
  display: flex;
  -webkit-box-pack: center;
  -webkit-justify-content: center;
  -ms-flex-pack: center;
  justify-content: center;
  justify-items: center;
  -webkit-align-content: center;
  -ms-flex-line-pack: center;
  align-content: center;
  -webkit-align-items: center;
  -webkit-box-align: center;
  -ms-flex-align: center;
  align-items: center;
  color: unset;
}

.c6 {
  width: auto;
  height: auto;
  display: block;
  border-radius: 5px;
  max-width: 600px;
  margin-right: 32px;
  margin-left: 32px;
  color: unset;
}

.c10 {
  width: auto;
  height: auto;
  display: block;
  border-radius: 5px;
  position: absolute;
  margin-right: 24px;
  margin-left: 24px;
  bottom: 90px;
  color: unset;
}

.c0 {
  display: -webkit-box;
  display: -webkit-flex;
  display: -ms-flexbox;
  display: flex;
  -webkit-flex-direction: column;
  -ms-flex-direction: column;
  flex-direction: column;
  width: 100%;
  height: 100%;
  max-height: 100vh;
  background: #FFFFFF;
}

.c1 {
  display: -webkit-box;
  display: -webkit-flex;
  display: -ms-flexbox;
  display: flex;
  -webkit-flex-direction: column;
  -ms-flex-direction: column;
  flex-direction: column;
  width: 100%;
  -webkit-box-flex: 1;
  -webkit-flex-grow: 1;
  -ms-flex-positive: 1;
  flex-grow: 1;
  overflow: auto;
}

.c4 {
  display: -webkit-box;
  display: -webkit-flex;
  display: -ms-flexbox;
  display: flex;
  -webkit-flex-direction: column;
  -ms-flex-direction: column;
  flex-direction: column;
  width: 100%;
  -webkit-box-pack: center;
  -webkit-justify-content: center;
  -ms-flex-pack: center;
  justify-content: center;
  justify-items: center;
  height: 100%;
  position: relative;
}

.c11 {
  margin: 0;
  font-family: DM Sans;
  font-size: 15px;
  line-height: 150%;
  color: rgba(210,55,29,1);
  color: rgba(210,55,29,1);
  text-align: center;
}

.c5 {
  display: -webkit-box;
  display: -webkit-flex;
  display: -ms-flexbox;
  display: flex;
  -webkit-flex-direction: row;
  -ms-flex-direction: row;
  flex-direction: row;
  height: auto;
  -webkit-align-content: center;
  -ms-flex-line-pack: center;
  align-content: center;
  -webkit-align-items: center;
  -webkit-box-align: center;
  -ms-flex-align: center;
  align-items: center;
  -webkit-flex-direction: column;
  -ms-flex-direction: column;
  flex-direction: column;
}

.c7 {
  margin: 0;
  font-family: DM Sans;
  font-size: 18px;
  line-height: 130%;
  margin-bottom: 50px;
  color: #2F3850;
  text-align: center;
}

.c8 {
  width: 100%;
  height: 40px;
  border-radius: 100px;
  cursor: pointer !important;
  border: none;
  outline: none;
  font-weight: bold;
  background-color: #107969;
  color: #FFFFFF;
  border: 1px solid transparent;
  -webkit-transition: background-color 300ms ease,color 300ms ease,border 300ms ease;
  transition: background-color 300ms ease,color 300ms ease,border 300ms ease;
}

.c9 {
  width: 80%;
}

.c3 {
  -webkit-align-items: center;
  -webkit-box-align: center;
  -ms-flex-align: center;
  align-items: center;
  display: -webkit-box;
  display: -webkit-flex;
  display: -ms-flexbox;
  display: flex;
  -webkit-flex-direction: column;
  -ms-flex-direction: column;
  flex-direction: column;
  height: -webkit-fit-content;
  height: -moz-fit-content;
  height: fit-content;
  -webkit-box-pack: center;
  -webkit-justify-content: center;
  -ms-flex-pack: center;
  justify-content: center;
  width: 100%;
  max-width: 702px;
  height: 100%;
  width: 100%;
  background-color: #FFFFFF;
}

@media only screen and (min-width:768px) {

}

@media only screen and (min-width:960px) {

}

@media only screen and (min-width:1170px) {

}

@media only screen and (min-width:1360px) {

}

@media only screen and (min-width:768px) {

}

@media only screen and (min-width:960px) {

}

@media only screen and (min-width:1170px) {

}

@media only screen and (min-width:1360px) {

}

@media only screen and (min-width:768px) {

}

@media only screen and (min-width:960px) {

}

@media only screen and (min-width:1170px) {

}

@media only screen and (min-width:1360px) {

}

@media only screen and (max-width:480px) {
  .c9 {
    width: 80%;
  }
}

<div
  class="c0"
  height="100%"
  id="answer-session-page"
>
  <div
    class="c1"
    overflow="auto"
  >
    <div
      class="c2"
      display="flex"
      height="100%"
      width="100%"
    >
      <div
        class="c3"
      >
        <div
          class="c4"
          height="100%"
        >
          <div
            class="c5"
            direction="column"
          >
            <div
              class="c6"
            >
              <h2
                class="c7"
              >
                Click below to start
              </h2>
            </div>
            <button
              class="c8 c9"
              color="primary"
              data-cy="start-preview-button"
              radius="100px"
            >
              Start session
            </button>
          </div>
          <div
            class="c10"
          >
            <h3
              class="c11"
              color="#D2371D"
            >
              Please be aware that after clicking the button, audio may be played automatically and the content could change its position dynamically.
            </h3>
          </div>
        </div>
      </div>
    </div>
  </div>
</div>
`;
