// Jest Snapshot v1, https://goo.gl/fbAQLP

exports[`<ParticipantDashboard /> should render and match the snapshot 1`] = `
<div
  class="Container-uh0ujs-0 styled__StyledContainer-sc-6h8fd4-0 fJvnJZ fziHXq"
  style="box-sizing: border-box; position: relative; margin-left: auto; margin-right: auto; padding-left: 15px; padding-right: 15px; max-width: 960px;"
>
  <h1
    class="H1-sc-1k7m23t-0 eOavLo"
  >
    Dashboard
  </h1>
  <div
    class="styled__StyledSpinner-sc-129uixn-0 PnEbr"
    color="#B727EA"
    size="100"
    width="6"
  />
  <span
    style="display: table; clear: both;"
  />
</div>
`;
