// Jest Snapshot v1, https://goo.gl/fbAQLP

exports[`<Button /> should match the snapshot 1`] = `
.c0 {
  width: 100%;
  height: 40px;
  background-color: #107969;
  color: #FFFFFF;
  border-radius: 100px;
  cursor: pointer;
  border: none;
  outline: none;
  -webkit-transition: background-color 300ms ease,color 300ms ease,border 300ms ease;
  transition: background-color 300ms ease,color 300ms ease,border 300ms ease;
  color: rgba(0,0,0,1);
}

<button
  className="c0"
  color="primary"
  disabled={false}
>
  test
</button>
`;
