// Jest Snapshot v1, https://goo.gl/fbAQLP

exports[`<SessionListItem /> Should render and match the snapshot 1`] = `
.c3 {
  display: -webkit-box;
  display: -webkit-flex;
  display: -ms-flexbox;
  display: flex;
  -webkit-flex-direction: row;
  -ms-flex-direction: row;
  flex-direction: row;
  height: auto;
  -webkit-box-pack: justify;
  -webkit-justify-content: space-between;
  -ms-flex-pack: justify;
  justify-content: space-between;
  justify-items: space-between;
  -webkit-align-content: center;
  -ms-flex-line-pack: center;
  align-content: center;
  -webkit-align-items: center;
  -webkit-box-align: center;
  -ms-flex-align: center;
  align-items: center;
  padding-top: 21px;
  padding-bottom: 21px;
  padding-right: 16px;
  padding-left: 16px;
}

.c4 {
  display: -webkit-box;
  display: -webkit-flex;
  display: -ms-flexbox;
  display: flex;
  -webkit-flex-direction: row;
  -ms-flex-direction: row;
  flex-direction: row;
  height: auto;
  -webkit-box-pack: justify;
  -webkit-justify-content: space-between;
  -ms-flex-pack: justify;
  justify-content: space-between;
  justify-items: space-between;
  -webkit-align-content: center;
  -ms-flex-line-pack: center;
  align-content: center;
  -webkit-align-items: center;
  -webkit-box-align: center;
  -ms-flex-align: center;
  align-items: center;
  width: 100%;
}

.c15 {
  display: -webkit-box;
  display: -webkit-flex;
  display: -ms-flexbox;
  display: flex;
  -webkit-flex-direction: row;
  -ms-flex-direction: row;
  flex-direction: row;
  height: auto;
  -webkit-box-pack: space-around;
  -webkit-justify-content: space-around;
  -ms-flex-pack: space-around;
  justify-content: space-around;
  justify-items: space-around;
  -webkit-align-content: center;
  -ms-flex-line-pack: center;
  align-content: center;
  -webkit-align-items: center;
  -webkit-box-align: center;
  -ms-flex-align: center;
  align-items: center;
  width: 40%;
}

.c17 {
  display: -webkit-box;
  display: -webkit-flex;
  display: -ms-flexbox;
  display: flex;
  -webkit-flex-direction: row;
  -ms-flex-direction: row;
  flex-direction: row;
  height: auto;
  -webkit-box-pack: end;
  -webkit-justify-content: flex-end;
  -ms-flex-pack: end;
  justify-content: flex-end;
  justify-items: flex-end;
  min-width: 110px;
}

.c24 {
  display: -webkit-box;
  display: -webkit-flex;
  display: -ms-flexbox;
  display: flex;
  -webkit-flex-direction: row;
  -ms-flex-direction: row;
  flex-direction: row;
  height: auto;
  margin-bottom: 20px;
  padding-right: 62px;
  padding-left: 62px;
}

.c26 {
  display: -webkit-box;
  display: -webkit-flex;
  display: -ms-flexbox;
  display: flex;
  -webkit-flex-direction: row;
  -ms-flex-direction: row;
  flex-direction: row;
  height: auto;
  -webkit-box-pack: justify;
  -webkit-justify-content: space-between;
  -ms-flex-pack: justify;
  justify-content: space-between;
  justify-items: space-between;
  -webkit-align-content: space-between;
  -ms-flex-line-pack: space-between;
  align-content: space-between;
  -webkit-align-items: space-between;
  -webkit-box-align: space-between;
  -ms-flex-align: space-between;
  align-items: space-between;
  padding-top: 18px;
  padding-bottom: 18px;
  padding-right: 62px;
  padding-left: 62px;
}

.c28 {
  display: -webkit-box;
  display: -webkit-flex;
  display: -ms-flexbox;
  display: flex;
  -webkit-flex-direction: row;
  -ms-flex-direction: row;
  flex-direction: row;
  height: auto;
  -webkit-align-content: center;
  -ms-flex-line-pack: center;
  align-content: center;
  -webkit-align-items: center;
  -webkit-box-align: center;
  -ms-flex-align: center;
  align-items: center;
  width: 100%;
}

.c32 {
  display: -webkit-box;
  display: -webkit-flex;
  display: -ms-flexbox;
  display: flex;
  -webkit-flex-direction: row;
  -ms-flex-direction: row;
  flex-direction: row;
  height: auto;
  -webkit-box-pack: end;
  -webkit-justify-content: flex-end;
  -ms-flex-pack: end;
  justify-content: flex-end;
  justify-items: flex-end;
  -webkit-align-content: center;
  -ms-flex-line-pack: center;
  align-content: center;
  -webkit-align-items: center;
  -webkit-box-align: center;
  -ms-flex-align: center;
  align-items: center;
  width: 100%;
}

.c39 {
  display: -webkit-box;
  display: -webkit-flex;
  display: -ms-flexbox;
  display: flex;
  -webkit-flex-direction: row;
  -ms-flex-direction: row;
  flex-direction: row;
  height: auto;
  margin-right: 62px;
  margin-left: 62px;
  padding-top: 20px;
  padding-bottom: 20px;
}

.c42 {
  display: -webkit-box;
  display: -webkit-flex;
  display: -ms-flexbox;
  display: flex;
  -webkit-flex-direction: row;
  -ms-flex-direction: row;
  flex-direction: row;
  height: auto;
  -webkit-align-content: center;
  -ms-flex-line-pack: center;
  align-content: center;
  -webkit-align-items: center;
  -webkit-box-align: center;
  -ms-flex-align: center;
  align-items: center;
}

.c9 {
  display: -webkit-box;
  display: -webkit-flex;
  display: -ms-flexbox;
  display: flex;
  -webkit-flex-direction: column;
  -ms-flex-direction: column;
  flex-direction: column;
  width: 100%;
  padding-right: 15px;
  padding-left: 15px;
}

.c27 {
  display: -webkit-box;
  display: -webkit-flex;
  display: -ms-flexbox;
  display: flex;
  -webkit-flex-direction: column;
  -ms-flex-direction: column;
  flex-direction: column;
  width: 100%;
  -webkit-box-pack: center;
  -webkit-justify-content: center;
  -ms-flex-pack: center;
  justify-content: center;
  justify-items: center;
}

.c31 {
  display: -webkit-box;
  display: -webkit-flex;
  display: -ms-flexbox;
  display: flex;
  -webkit-flex-direction: column;
  -ms-flex-direction: column;
  flex-direction: column;
  width: 33.33333333333333%;
}

.c40 {
  display: -webkit-box;
  display: -webkit-flex;
  display: -ms-flexbox;
  display: flex;
  -webkit-flex-direction: column;
  -ms-flex-direction: column;
  flex-direction: column;
  width: 100%;
}

.c19 {
  width: auto;
  height: auto;
  cursor: pointer;
}

.c23 {
  width: auto;
  height: auto;
}

.c0 {
  width: auto;
  height: auto;
  display: block;
  border-radius: 5px;
  width: 100%;
}

.c1 {
  width: auto;
  height: auto;
  display: block;
  border-radius: 5px;
}

.c16 {
  width: auto;
  height: auto;
  display: block;
  border-radius: 5px;
  display: -webkit-box;
  display: -webkit-flex;
  display: -ms-flexbox;
  display: flex;
}

.c20 {
  width: auto;
  height: auto;
  display: block;
  border-radius: 5px;
  margin-bottom: 8px;
}

.c21 {
  width: auto;
  height: auto;
  display: block;
  border-radius: 5px;
  position: relative;
  display: -webkit-box;
  display: -webkit-flex;
  display: -ms-flexbox;
  display: flex;
  cursor: pointer;
  -webkit-box-pack: end;
  -webkit-justify-content: flex-end;
  -ms-flex-pack: end;
  justify-content: flex-end;
  justify-items: flex-end;
  -webkit-align-content: flex-start;
  -ms-flex-line-pack: start;
  align-content: flex-start;
  -webkit-align-items: flex-start;
  -webkit-box-align: flex-start;
  -ms-flex-align: flex-start;
  align-items: flex-start;
}

.c41 {
  width: auto;
  height: auto;
  display: block;
  border-radius: 5px;
  padding-top: 14px;
  padding-bottom: 14px;
  padding-right: 21px;
  padding-left: 21px;
  cursor: pointer;
  border-radius: 5px;
  border-radius: 5px;
}

.c41:hover {
  background-color: #E9F1FB;
}

.c22 {
  display: -webkit-box;
  display: -webkit-flex;
  display: -ms-flexbox;
  display: flex;
  padding: 8px;
}

.c25 {
  width: 100%;
  height: 0;
  -webkit-flex: 1;
  -ms-flex: 1;
  flex: 1;
  border-top: 1px solid #D5DEEA;
}

.c11 {
  margin: 0;
  font-family: DM Sans;
  font-size: 18px;
  line-height: 130%;
  color: #2F3850;
}

.c6 {
  -webkit-text-decoration: none;
  text-decoration: none;
  color: black;
  width: -webkit-fit-content;
  width: -moz-fit-content;
  width: fit-content;
  display: -webkit-box;
  display: -webkit-flex;
  display: -ms-flexbox;
  display: flex;
  -webkit-align-items: center;
  -webkit-box-align: center;
  -ms-flex-align: center;
  align-items: center;
  -webkit-box-pack: justify;
  -webkit-justify-content: space-between;
  -ms-flex-pack: justify;
  justify-content: space-between;
  width: 100%;
  -webkit-box-pack: start;
  -webkit-justify-content: flex-start;
  -ms-flex-pack: start;
  justify-content: flex-start;
  justify-items: flex-start;
}

.c6:hover .c10 {
  color: #B727EA !important;
}

.c6:hover .styled__ToggleableBox-zk98vs-0 {
  background-color: black !important;
}

.c18 {
  font-family: DM Sans;
  font-size: 13px;
  line-height: 130%;
  margin-right: 5px;
  font-size: 13px;
  font-weight: 700;
  color: rgba(183,39,234,1);
  cursor: pointer;
  text-align: center;
  color: rgba(183,39,234,1);
  cursor: pointer;
}

.c29 {
  font-family: DM Sans;
  font-size: 13px;
  line-height: 130%;
  font-size: 13px;
  color: #2F3850;
}

.c30 {
  font-family: DM Sans;
  font-size: 13px;
  line-height: 130%;
  margin-left: 10px;
  font-size: 13px;
  font-weight: 700;
  color: #2F3850;
}

.c33 {
  font-family: DM Sans;
  font-size: 13px;
  line-height: 130%;
  color: #2F3850;
  white-space: pre;
}

.c44 {
  font-family: DM Sans;
  font-size: 13px;
  line-height: 130%;
  font-weight: 700;
  color: rgba(183,39,234,1);
  color: rgba(183,39,234,1);
}

.c14 {
  min-height: 24px;
  min-width: 25px;
  width: -webkit-max-content;
  width: -moz-max-content;
  width: max-content;
  padding: 5px 10px;
  font-size: 13px;
  font-weight: 600;
  border-radius: 4px;
  text-overflow: ellipsis;
  white-space: nowrap;
  overflow: hidden;
  background-color: rgba(183,39,234,1);
  color: rgba(255,255,255,1);
  margin-top: 5px;
}

.c12 {
  padding: 12px;
  border-style: solid;
  border-width: 1px;
  border-color: #E9F1FB;
  border-radius: 5px;
  background-color: transparent;
  border-color: transparent;
  margin-top: 5px;
  width: 200px;
  max-width: 200px;
  padding-right: 0;
  padding-left: 0;
  color: rgba(16,121,105,1);
  text-align: center;
  background-color: rgba(16,121,105,0.1);
  color: rgba(16,121,105,1);
}

.c12:focus {
  box-shadow: none;
  outline: none;
  border-color: #107969;
}

.c12:disabled {
  color: #ABBBD1;
}

.c13 {
  padding: 5px 10px;
  font-size: 13px;
  font-weight: 600;
  border-radius: 4px;
  background-color: rgba(16,121,105,0.1);
  color: rgba(16,121,105,1);
}

.c13:focus {
  box-shadow: none;
  outline: none;
  border: 1px solid transparent;
}

.c2 {
  width: 100%;
  margin-top: 18px;
  box-shadow: 0px 4px 20px #E3EEFB;
  border-style: solid;
  border-width: 1px;
  border-color: transparent;
  background-color: white;
  -webkit-transition: border-color 0.3s;
  transition: border-color 0.3s;
}

.c8 {
  width: 30px;
  height: 30px;
  border-radius: 50%;
  background-color: #107969;
  color: white;
  display: -webkit-box;
  display: -webkit-flex;
  display: -ms-flexbox;
  display: flex;
  -webkit-box-pack: center;
  -webkit-justify-content: center;
  -ms-flex-pack: center;
  justify-content: center;
  -webkit-align-items: center;
  -webkit-box-align: center;
  -ms-flex-align: center;
  align-items: center;
  position: relative;
  cursor: pointer;
  min-width: 30px;
}

.c5 {
  width: 70%;
}

.c5:hover * .c7 {
  color: white;
}

.c34 {
  position: relative;
  display: inline-block;
  min-width: 40px;
  height: 21px;
  margin-left: 10px;
}

.c36 {
  opacity: 0;
  width: 0;
  height: 0;
}

.c38 {
  position: absolute;
  top: 0;
  left: 0;
  right: 0;
  bottom: 0;
  -webkit-transition: 0.4s;
  transition: 0.4s;
  cursor: pointer;
  background-color: #CED3E4;
  border-radius: 21px;
}

.c35:checked + .c37 {
  background-color: #B727EA;
}

.c35:focus + .c37 {
  box-shadow: 0 0 1px #B727EA;
}

.c35:disabled + .c37 {
  opacity: 0.5;
  cursor: not-allowed;
}

.c38:before {
  position: absolute;
  content: '';
  left: 4px;
  bottom: 4px;
  -webkit-transition: 0.4s;
  transition: 0.4s;
  height: 13px;
  width: 13px;
  background-color: white;
  border-radius: 50%;
}

.c35:checked + .c37:before {
  -webkit-transform: translateX(18px);
  -ms-transform: translateX(18px);
  transform: translateX(18px);
}

.c43 {
  border-radius: 50%;
  background-color: #B727EA;
  display: -webkit-box;
  display: -webkit-flex;
  display: -ms-flexbox;
  display: flex;
  -webkit-box-pack: center;
  -webkit-justify-content: center;
  -ms-flex-pack: center;
  justify-content: center;
  -webkit-align-items: center;
  -webkit-box-align: center;
  -ms-flex-align: center;
  align-items: center;
  width: 32px;
  height: 32px;
  margin-right: 12px;
  background-color: rgba(183,39,234,1);
  color: rgba(255,255,255,1);
  opacity: 1;
  color: rgba(255,255,255,1);
}

@media only screen and (min-width:768px) {

}

@media only screen and (min-width:960px) {

}

@media only screen and (min-width:1170px) {

}

@media only screen and (min-width:1360px) {

}

@media only screen and (min-width:768px) {

}

@media only screen and (min-width:960px) {

}

@media only screen and (min-width:1170px) {

}

@media only screen and (min-width:1360px) {

}

@media only screen and (min-width:768px) {

}

@media only screen and (min-width:960px) {

}

@media only screen and (min-width:1170px) {

}

@media only screen and (min-width:1360px) {

}

@media only screen and (min-width:768px) {

}

@media only screen and (min-width:960px) {

}

@media only screen and (min-width:1170px) {

}

@media only screen and (min-width:1360px) {

}

<div
  data-rbd-droppable-context-id="1"
  data-rbd-droppable-id="TEST"
>
  <div
    aria-describedby="rbd-hidden-text-1-hidden-text-3"
    class="c0"
    data-rbd-drag-handle-context-id="1"
    data-rbd-drag-handle-draggable-id="accordion-0"
    data-rbd-draggable-context-id="1"
    data-rbd-draggable-id="accordion-0"
    draggable="false"
    role="button"
    tabindex="0"
    width="100%"
  >
    <div
      class="c1 c2"
    >
      <div
        class="c3"
      >
        <div
          class="c4 c5"
          width="100%"
        >
          <a
            class="c6"
            data-cy="enter-session-0"
            href="/interventions/1/sessions/1/edit"
            justify="start"
            width="100%"
          >
            <div
              class="c7 c8"
            >
              1
            </div>
            <div
              class="c9"
            >
              <h2
                class="c10 c11"
              >
                Intervention
              </h2>
              <input
                autocomplete="off"
                class="c12 c13"
                color="#107969"
                name="notASearchField-Variable name..."
                placeholder="Variable name..."
                type="text"
                value=""
                width="200px"
              />
              <div
                class="c14"
                color="#FFFFFF"
              >
                0 reports
              </div>
            </div>
          </a>
        </div>
        <div
          class="c15"
          width="40%"
        >
          <div
            class="c16"
            display="flex"
          >
            <div
              class="c1"
              data-for="tooltip-1"
              data-tip=""
            >
              <div>
                <div
                  class="c17"
                >
                  <p
                    class="c18"
                    color="#B727EA"
                    font-size="13"
                    font-weight="bold"
                  >
                    Invite Participants
                  </p>
                  <img
                    alt="emails"
                    class="c19"
                    data-cy="share-session-modal-open-button-0"
                    src="IMAGE_MOCK"
                  />
                </div>
              </div>
            </div>
          </div>
          <div
            class="c20"
          >
            <div
              class="c21"
              display="flex"
              id="1"
            >
              <div
                class="c22"
              >
                <img
                  alt="dots"
                  class="c23"
                  src="IMAGE_MOCK"
                />
              </div>
            </div>
          </div>
        </div>
      </div>
      <div
        class="c24"
      >
        <div
          class="c25"
          color="#D5DEEA"
        />
      </div>
      <div
        class="c26"
      >
        <div
          class="c27"
        >
          <div
            class="c28"
            width="100%"
          >
            <p
              class="c29"
              font-size="13"
            >
              Next Session:
            </p>
            <p
              class="c30"
              font-size="13"
              font-weight="bold"
            >
              According to the formula below
            </p>
          </div>
        </div>
        <div
          class="c31"
        >
          <div
            class="c32"
            width="100%"
          >
            <p
              class="c33"
            >
              Use formula
            </p>
            <div
              class="c34"
            >
              <input
                checked=""
                class="c35 c36"
                data-cy="branching-intervention-toggle"
                data-testid="switch-input"
                type="checkbox"
              />
              <span
                class="c37 c38"
              />
            </div>
          </div>
        </div>
      </div>
      <div
        class="c39"
      >
        <div
          class="c40"
        >
          <div
            class="HoverableBox-zvip6a-0 c41"
          >
            <div
              class="c1"
            >
              <div
                class="c42"
              >
                <div
                  class="c43"
                  color="#FFFFFF"
                  opacity="1"
                >
                  <img
                    class="c23"
                    src="IMAGE_MOCK"
                  />
                </div>
                <p
                  class="c44"
                  color="#B727EA"
                  font-weight="bold"
                >
                  Add new formula
                </p>
              </div>
            </div>
          </div>
        </div>
      </div>
    </div>
  </div>
</div>
`;
