// Jest Snapshot v1, https://goo.gl/fbAQLP

exports[`<QuestionListItem /> should match the snapshot 1`] = `
.c1 {
  display: -webkit-box;
  display: -webkit-flex;
  display: -ms-flexbox;
  display: flex;
  -webkit-flex-direction: row;
  -ms-flex-direction: row;
  flex-direction: row;
}

.c4 {
  width: auto;
  height: auto;
}

.c3 {
  width: auto;
  height: auto;
  display: block;
  border-radius: 5px;
}

.c8 {
  width: auto;
  height: auto;
  display: block;
  border-radius: 5px;
  width: 100%;
  height: 100%;
  position: relative;
  display: -webkit-box;
  display: -webkit-flex;
  display: -ms-flexbox;
  display: flex;
  border-radius: 0;
  border-radius: 0;
  -webkit-box-pack: end;
  -webkit-justify-content: flex-end;
  -ms-flex-pack: end;
  justify-content: flex-end;
  justify-items: flex-end;
  -webkit-align-content: flex-start;
  -ms-flex-line-pack: start;
  align-content: flex-start;
  -webkit-align-items: flex-start;
  -webkit-box-align: flex-start;
  -ms-flex-align: flex-start;
  align-items: flex-start;
}

.c2 {
  display: -webkit-box;
  display: -webkit-flex;
  display: -ms-flexbox;
  display: flex;
  -webkit-flex-direction: column;
  -ms-flex-direction: column;
  flex-direction: column;
  width: 8.333333333333332%;
}

.c5 {
  display: -webkit-box;
  display: -webkit-flex;
  display: -ms-flexbox;
  display: flex;
  -webkit-flex-direction: column;
  -ms-flex-direction: column;
  flex-direction: column;
  width: 83.33333333333334%;
}

.c9 {
  display: -webkit-box;
  display: -webkit-flex;
  display: -ms-flexbox;
  display: flex;
  padding: 8px;
  margin-left: 8px;
}

.c7 {
  font-family: DM Sans;
  font-size: 13px;
  line-height: 130%;
  font-weight: 700;
  margin: 0;
  font-family: DM Sans;
  font-size: 13px;
  line-height: 130%;
  color: #9AA1B6;
}

.c0 {
  width: auto;
  height: auto;
  display: block;
  border-radius: 5px;
  width: 100%;
  padding-top: 14px;
  padding-bottom: 14px;
  padding-right: 21px;
  padding-left: 21px;
  margin-bottom: 36px;
  cursor: pointer;
  border-radius: 5px;
  border-radius: 5px;
}

.c0:hover {
  background-color: #E9F1FB;
}

.c6 {
  margin: 0;
  font-family: DM Sans;
  font-size: 15px;
  line-height: 150%;
  margin-bottom: 6px;
  -webkit-line-clamp: 2;
  overflow: hidden;
  -webkit-box-orient: vertical;
  -moz-box-orient: vertical;
  -ms-box-orient: vertical;
  -o-box-orient: vertical;
  display: -webkit-box;
}

<div
  className="c0"
  onClick={[Function]}
  width="100%"
>
  <div
    className="c1"
  >
    <div
      className="c2"
    >
      <div
        className="c3"
        onClick={[Function]}
      >
        <img
          className="c4"
          src="IMAGE_MOCK"
        />
      </div>
    </div>
    <div
      className="c5"
    >
      <div
        className="c1"
      >
        <h3
          className="c6"
        >
          Test
        </h3>
      </div>
      <div
        className="c1"
      >
        <p
          className="c7"
          fontWeight="bold"
        >
          Single answer question
        </p>
      </div>
    </div>
    <div
      className="c2"
    >
      <div
        className="c8"
        display="flex"
        height="100%"
        width="100%"
      >
        <div
          className="c9"
          onClick={[Function]}
        >
          <img
            alt="dots"
            className="c4"
            src="IMAGE_MOCK"
          />
        </div>
      </div>
    </div>
  </div>
</div>
`;
