// Jest Snapshot v1, https://goo.gl/fbAQLP

exports[`<Sidebar /> Should render and match the snapshot with session path 1`] = `
.c4 {
  font-family: DM Sans;
  font-size: 13px;
  line-height: 130%;
  margin-bottom: 8px !important;
  color: #2F3850;
}

.c5 {
  margin: 0;
  font-family: DM Sans;
  font-size: 13px;
  line-height: 130%;
  color: #6B707C;
  margin-bottom: 8px !important;
}

.c3 {
  -webkit-transition: -webkit-transform 0.4s ease;
  -webkit-transition: transform 0.4s ease;
  transition: transform 0.4s ease;
  -webkit-transform: rotate(180deg);
  -ms-transform: rotate(180deg);
  transform: rotate(180deg);
}

.c1 {
  display: -webkit-box;
  display: -webkit-flex;
  display: -ms-flexbox;
  display: flex;
  -webkit-align-items: center;
  -webkit-box-align: center;
  -ms-flex-align: center;
  align-items: center;
  -webkit-box-pack: center;
  -webkit-justify-content: center;
  -ms-flex-pack: center;
  justify-content: center;
  outline: none;
  border-width: 0;
  background-color: #FFFFFF;
  border-radius: 0 5px 5px 0;
  width: 40px;
  height: 40px;
}

.c0 {
  width: 280px;
  top: 0;
  background-color: white;
  padding: 20px;
  box-shadow: 0px 0px 50px rgba(0,0,0,0.08);
  display: -webkit-box;
  display: -webkit-flex;
  display: -ms-flexbox;
  display: flex;
  -webkit-flex-direction: column;
  -ms-flex-direction: column;
  flex-direction: column;
  -webkit-align-items: flex-start;
  -webkit-box-align: flex-start;
  -ms-flex-align: flex-start;
  align-items: flex-start;
  z-index: 10;
  margin-top: 70px;
  height: calc(100vh - 70px);
  -webkit-transition: left 0.4s ease;
  transition: left 0.4s ease;
}

.c2 {
  position: absolute;
  top: 16px;
  right: -40px;
  box-shadow: 20px 0 20px rgba(0,0,0,0.08);
}

.c11 {
  display: -webkit-box;
  display: -webkit-flex;
  display: -ms-flexbox;
  display: flex;
  -webkit-box-pack: center;
  -webkit-justify-content: center;
  -ms-flex-pack: center;
  justify-content: center;
  -webkit-align-items: center;
  -webkit-box-align: center;
  -ms-flex-align: center;
  align-items: center;
  margin: auto;
  width: 30px;
  height: 30px;
}

.c11:after {
  content: ' ';
  display: block;
  width: 20px;
  height: 20px;
  border-radius: 50%;
  border: 6px solid #B727EA;
  border-color: #B727EA transparent #B727EA transparent;
  -webkit-animation: hAjVGa 1.2s linear infinite;
  animation: hAjVGa 1.2s linear infinite;
}

.c9 {
  width: 100%;
  height: 40px;
  border-radius: 5px;
  cursor: pointer;
  border: none;
  outline: none;
  font-weight: bold;
  background-color: #FFFFFF;
  color: #B727EA;
  border: 1px solid #B727EA;
  -webkit-transition: background-color 300ms ease,color 300ms ease,border 300ms ease;
  transition: background-color 300ms ease,color 300ms ease,border 300ms ease;
  margin-top: 20px;
  margin-bottom: 20px;
  width: auto;
  padding-right: 10px;
  padding-left: 10px;
}

.c9:hover {
  background-color: #B727EA;
  color: #FFFFFF;
  border: 1px solid transparent;
}

@media only screen and (min-width:768px) {

}

@media only screen and (min-width:960px) {

}

@media only screen and (min-width:1170px) {

}

@media only screen and (min-width:1360px) {

}

@media only screen and (max-width:1280px) {
  .c0 {
    position: fixed;
    left: calc(0px - 280px);
  }
}

@media only screen and (min-width:1400px) {
  .c2 {
    display: none;
  }
}

<div
  class="c0"
>
  <button
    aria-label="Hover to show sidebar"
    class="c1 c2"
    title="Hover to show sidebar"
  >
    <img
      alt="Show sidebar icon"
      class="c3"
      src="IMAGE_MOCK"
    />
  </button>
  <p
    class="c4 c5"
  >
    CIAS Panel
  </p>
</div>
`;

exports[`<Sidebar /> Should render and match the snapshot without matching path 1`] = `
.c4 {
  font-family: DM Sans;
  font-size: 13px;
  line-height: 130%;
  margin-bottom: 8px !important;
  color: #2F3850;
}

.c5 {
  margin: 0;
  font-family: DM Sans;
  font-size: 13px;
  line-height: 130%;
  color: #6B707C;
  margin-bottom: 8px !important;
}

.c3 {
  -webkit-transition: -webkit-transform 0.4s ease;
  -webkit-transition: transform 0.4s ease;
  transition: transform 0.4s ease;
  -webkit-transform: rotate(180deg);
  -ms-transform: rotate(180deg);
  transform: rotate(180deg);
}

.c1 {
  display: -webkit-box;
  display: -webkit-flex;
  display: -ms-flexbox;
  display: flex;
  -webkit-align-items: center;
  -webkit-box-align: center;
  -ms-flex-align: center;
  align-items: center;
  -webkit-box-pack: center;
  -webkit-justify-content: center;
  -ms-flex-pack: center;
  justify-content: center;
  outline: none;
  border-width: 0;
  background-color: #FFFFFF;
  border-radius: 0 5px 5px 0;
  width: 40px;
  height: 40px;
}

.c0 {
  width: 280px;
  top: 0;
  background-color: white;
  padding: 20px;
  box-shadow: 0px 0px 50px rgba(0,0,0,0.08);
  display: -webkit-box;
  display: -webkit-flex;
  display: -ms-flexbox;
  display: flex;
  -webkit-flex-direction: column;
  -ms-flex-direction: column;
  flex-direction: column;
  -webkit-align-items: flex-start;
  -webkit-box-align: flex-start;
  -ms-flex-align: flex-start;
  align-items: flex-start;
  z-index: 10;
  margin-top: 70px;
  height: calc(100vh - 70px);
  -webkit-transition: left 0.4s ease;
  transition: left 0.4s ease;
}

.c2 {
  position: absolute;
  top: 16px;
  right: -40px;
  box-shadow: 20px 0 20px rgba(0,0,0,0.08);
}

.c11 {
  display: -webkit-box;
  display: -webkit-flex;
  display: -ms-flexbox;
  display: flex;
  -webkit-box-pack: center;
  -webkit-justify-content: center;
  -ms-flex-pack: center;
  justify-content: center;
  -webkit-align-items: center;
  -webkit-box-align: center;
  -ms-flex-align: center;
  align-items: center;
  margin: auto;
  width: 30px;
  height: 30px;
}

.c11:after {
  content: ' ';
  display: block;
  width: 20px;
  height: 20px;
  border-radius: 50%;
  border: 6px solid #B727EA;
  border-color: #B727EA transparent #B727EA transparent;
  -webkit-animation: hAjVGa 1.2s linear infinite;
  animation: hAjVGa 1.2s linear infinite;
}

.c9 {
  width: 100%;
  height: 40px;
  border-radius: 5px;
  cursor: pointer;
  border: none;
  outline: none;
  font-weight: bold;
  background-color: #FFFFFF;
  color: #B727EA;
  border: 1px solid #B727EA;
  -webkit-transition: background-color 300ms ease,color 300ms ease,border 300ms ease;
  transition: background-color 300ms ease,color 300ms ease,border 300ms ease;
  margin-top: 20px;
  margin-bottom: 20px;
  width: auto;
  padding-right: 10px;
  padding-left: 10px;
}

.c9:hover {
  background-color: #B727EA;
  color: #FFFFFF;
  border: 1px solid transparent;
}

@media only screen and (min-width:768px) {

}

@media only screen and (min-width:960px) {

}

@media only screen and (min-width:1170px) {

}

@media only screen and (min-width:1360px) {

}

@media only screen and (max-width:1280px) {
  .c0 {
    position: fixed;
    left: calc(0px - 280px);
  }
}

@media only screen and (min-width:1400px) {
  .c2 {
    display: none;
  }
}

<div
  class="c0"
>
  <button
    aria-label="Hover to show sidebar"
    class="c1 c2"
    title="Hover to show sidebar"
  >
    <img
      alt="Show sidebar icon"
      class="c3"
      src="IMAGE_MOCK"
    />
  </button>
  <p
    class="c4 c5"
  >
    CIAS Panel
  </p>
</div>
`;
